HTML:
<html>
<input disabled="input" readonly="row" readonly="main" alt="button"><table placeholder="row" class="checkbox" title="main"><button onmouseover="text" placeholder="button" style="footer"><h2 style="button" src="button" aria-*="row" id="input"><h1 src="image" value="fI72y05gtu" placeholder="form"></h1>
</h2>
<span placeholder="button" style="image" onclick="table">kZ0zN 8MSrR <h3 href="Oa5sXJNPfX" onclick="option" role="footer" src="header">f95EV 1gz5j </h3>
</span>
</button>
<form src="image">RamWE tHg1Y 7aeR6 C1p4K BBRFK SSnTI <form></form>
<input><input readonly="form" aria-*="select" style="password" id="image"></input>
<form src="option" style="form"></form>
</input>
</form>
<li><div src="image" src="link" readonly="iAupVcHPZN">rxhGd V9dx6 rvr4v HrMNF JnD1E g9uQd nJkfH </div>
<img>eishW irPLa sc5Zo bpJJL ujep3 <div id="header" data-*="image" title="text" readonly="h6Nlt8kQto"></div>
<img aria-*="image" disabled="image">MkTlb 5SnFD DIQjf KBmFc cSfIo pi3zp 00f0Z EYgUU A1Ykn </img>
</img>
</li>
</table>
<h2 alt="select" alt="table"><td>wASAg BWTf4 tj6cD iQOJd hmF4S 6xaPm <tr onmouseover="text" readonly="image" onclick="header">98psP Xg9d5 GaPND <li role="header">WOLke </li>
<h3></h3>
<p src="QoJIKtR2Nk" alt="option">L6eZ9 JRphH EFhto 5kf9X u0Fhk gsWem OhDmP 6r16U </p>
</tr>
</td>
</h2>
</input>
</html>

Error: Cannot invoke "org.jsoup.nodes.Attributes.get(String)" because "startTag.attributes" is null
-----------------------------
HTML:
<html>
<table href="select" src="text" style="image" data-*="link"><button title="cell"><p src="link" type="17WOuuaGKl" alt="image" readonly="image">X6KQ8 qsG50 z5b9U Mg7o9 sr1ix dQ6V9 jiR5x IhsVK KfoW8 2XVoX <p onclick="link">uN6Bf zeRqa drkxa QssGE 9215L </p>
</p>
<th onclick="text" onclick="input" value="footer" onmouseover="gIAYrJRqp5">GUfGR 2uUSE Mk1As 2tv7p Tw8Q8 FUQPm sgYeh ar9DW DAe91 erviM <li role="cell" role="text" title="cell" class="checkbox">sdh3u iVnQf vy1da 1OiZA sWmK2 ON1qB HUUKo aeB82 vao5Y cyaY1 </li>
<ul class="cell" class="footer" data-*="checkbox" disabled="main">Ilvwj K0PB8 OQJMs hvJQo hNTJh xM2O4 r6MiS </ul>
</th>
<input><form onclick="input" src="input" src="table" style="checkbox">RKoLz z3TZe H5rNN WvSuv E6l9A IMNE7 pl7hy hobbn pIIk5 </form>
</input>
</button>
<option disabled="input"><span value="table">6xXwQ 5GJ28 jcarU Bmdfa EkflA 2Udxv elchO X1dnv </span>
<form placeholder="main" placeholder="option" type="content"><h2 title="content" title="image" title="text" placeholder="text">jmmWB KrRoh IJ0M2 </h2>
</form>
</option>
<table aria-*="input" src="image"><form disabled="Kw8PLnbchs" data-*="form" type="row" type="cell"><button src="cell" data-*="cell" src="content" onmouseover="cell"></button>
<input onmouseover="checkbox" alt="row" title="table">GnZ1s WE0pT 9NItl 60Zqz </input>
<th></th>
</form>
<img href="checkbox"></img>
<img onmouseover="header" value="checkbox" title="image" alt="link">2h5SC s5Hlq YH3W2 8KsOp 4ITtB 66G47 0Qybr DEhKi <span></span>
<option id="option" readonly="checkbox" placeholder="main"></option>
</img>
</table>
</table>
</html>

Error: Cannot invoke "org.jsoup.nodes.Attributes.get(String)" because "startTag.attributes" is null
-----------------------------
HTML:
<html>
<table placeholder="input" type="nI9DvXrbV0" src="content" value="header"><li>gaLJK 8MBhY </li>
<input>KDOBB 46nkb LXnKw fCgl0 </input>
<h1 readonly="image"></h1>
</table>
</html>

Error: Cannot invoke "org.jsoup.nodes.Attributes.get(String)" because "startTag.attributes" is null
-----------------------------
HTML:
<html>
<th class="content" onmouseover="form" alt="button" disabled="row">xL8RK dwvIu ge4aP BMxxz <button id="select" class="table" data-*="row"><img alt="button">7GX4F PfY2X ZyLQz 5fjKw J1Dh7 UbHic OqA20 C1gID WzrQZ 7eae7 </img>
<ul id="image" role="form"></ul>
<option style="button" readonly="content" type="image" disabled="link">5pNnS </option>
</button>
<table><input></input>
<td id="zwqSXifiH5" aria-*="select"></td>
<option onclick="row"></option>
</table>
<h3>BcI1P 6K75M D3Fx4 cJqpF dGvRy <p onclick="main">d3Mlq tmraO fEiLQ nULKL SkJFi 8wK0t </p>
<input onclick="footer"></input>
</h3>
</th>
</html>

Error: Cannot invoke "org.jsoup.nodes.Attributes.get(String)" because "startTag.attributes" is null
-----------------------------
HTML:
<html>
<p data-*="password" onclick="header" src="header">71Irs i3n6K 5PARx vUmEJ OCimK aFLTs R1acn AT12h DCs2p Ef5H0 <h3 readonly="button" value="table" style="checkbox" onmouseover="checkbox"><ul><img class="content" role="button"><span aria-*="form" value="uglVYjxdfA" style="checkbox" href="link"></span>
</img>
</ul>
<a title="checkbox" style="form" type="text"><p class="link" src="1LWWjshfN9">fSQiN </p>
<li type="option" style="text">ecXnC fFgBb C2rGP <td>rN2uo dqcAX SAuC3 nbtXS WNseQ 0slSu fbVg8 </td>
<tr role="header">h2gwu Wu4cP XFHmO Xs5BV </tr>
</li>
<table onmouseover="option" onclick="form" onclick="select" value="cell"><span id="footer" onmouseover="option">vUSDE Pmxc0 7vKQS 4ZOsa IroRw avLwJ SuYWa bG2la xnU9x </span>
<input>NZpkp muayv HTZxF </input>
<td></td>
</table>
</a>
</h3>
<ul class="cell"><a></a>
<button>dECrk almP1 tuJtg aQS6g lcA1w Duil5 wNAiU <h2 style="option" src="cell" style="input"><tr disabled="table"></tr>
<table placeholder="cell"></table>
<a>GIAAq 21tOr cnEeA VDhFm Qbo9x RyGlk 9yiZj cXp9T </a>
</h2>
</button>
<table placeholder="content" style="form" alt="link" alt="content">We6pW CsBss <input><div placeholder="form" value="miM73CQvYr">m0Ng8 8tIwS BdaM5 QVyXu </div>
<th aria-*="button" disabled="image" aria-*="header" style="row"></th>
</input>
<select alt="fJY3e4kM24">3D7KL AiZe0 9CI4l RHvlv zERHH 6GkCi Ac5RT SVayY 1qVDl 8fGXs </select>
</table>
</ul>
</p>
</html>

Error: Cannot invoke "org.jsoup.nodes.Attributes.get(String)" because "startTag.attributes" is null
-----------------------------
HTML:
<html>
<table id="password" src="password"><span alt="option" style="main">mA3sz <a placeholder="text"></a>
<select type="footer" id="header" title="text"></select>
</span>
<tr>PUeyr Mvb1N ByZN5 MUphz mKpMd zc6bu 94O7g GMoOn <button></button>
<input>x2wtA </input>
</tr>
</table>
</html>

Error: Cannot invoke "org.jsoup.nodes.Attributes.get(String)" because "startTag.attributes" is null
-----------------------------
HTML:
<html>
<button alt="main" id="main" role="form" class="row">pqUiD <table value="checkbox">9Chxg AL4vG XqBUz ipYWV IIwdM <img onmouseover="header" href="input" placeholder="form" title="image"><button><input src="button" readonly="row">RLSPN </input>
</button>
</img>
<input></input>
<img class="content"><span id="option" onmouseover="row">0tQcZ z3H9y jdWbN PF7sO fCFCm FZylS qFnDY PdmTf </span>
</img>
</table>
<p placeholder="input" type="link">ELcIZ twBw5 4jlbD vCPuM KeBPq </p>
<ul id="main">h3N0w G2Tl9 cDDfE GoJ77 VrcgU y4h0y MU1vu FwH22 oHb1Q mQMHR <p>RxIJv Kz34w LetTh Rqb6T Eya6J z7RqC AdY5P QrZqI <li>W5XUi mHgls EZP7C w4ojS wV8bA <h3 src="header" type="footer" class="table" onclick="form">YqbAp QHnOK wwvQx yMEZN 8Wb7p </h3>
<h3></h3>
<tr alt="row" title="footer" class="form">UWcH9 tUEHi </tr>
</li>
<button src="cell" alt="link" readonly="cell" placeholder="row">9n68I c3liv I2Y7G eCimQ yfDPj </button>
<form onclick="select" role="main" title="select" data-*="button">RmmcM 4BrMu qzFMX pCPr7 PrWk8 bBxdS MD6JW 2CstY nWJl7 gTQeX </form>
</p>
</ul>
</button>
</html>

Error: Cannot invoke "org.jsoup.nodes.Attributes.get(String)" because "startTag.attributes" is null
-----------------------------
HTML:
<html>
<h1 role="button" placeholder="row">2pAzD z4O8S F4TwS iMpYW Na0jp tvJTH YvxKg Ll8hP zvPie lIPOb <table disabled="nLjp9zu3MQ" readonly="option"><input>LjB4w <button aria-*="input">a3vTM jgE64 5BJTi BZS1i RhdMk FLlKt qvMFL 1gavS 7WSOI JT4e0 </button>
<form role="footer" aria-*="option" id="text" readonly="button"></form>
</input>
</table>
<li onmouseover="image" type="3RZYY4yKCr" href="footer"></li>
<h3><option aria-*="NeIM9viMeu" disabled="content"></option>
<h3 role="footer">V2DPf 5ijou o89cE RZzPg n0Nnk pTrpu aiZ0F 0RZWs <h1>9PPye wANRp 95og7 YiEiy CXUYB </h1>
</h3>
<select><td value="table"></td>
</select>
</h3>
</h1>
</html>

Error: Cannot invoke "org.jsoup.nodes.Attributes.get(String)" because "startTag.attributes" is null
-----------------------------
HTML:
<html>
<div readonly="password" role="image" aria-*="select" class="main"><ul alt="main">utjD7 K2GN6 gfkPR jPBdb kYfsT BZZxe tROQm <select><h2><h2 data-*="table" class="header" readonly="footer"></h2>
<div id="main" onclick="button" disabled="cell" title="input">WfBzQ P9rWC 3Mt7c Asrr5 p9Uk7 6wyP5 </div>
<ul placeholder="form" href="row">ZmZnZ </ul>
</h2>
<li class="table" class="cell">1cyo1 WQ602 vg7Yj f3ijG Woqkk uf8nM TG4IH a2bo3 h2ERe GEYbp <a role="form"></a>
</li>
</select>
<h2 href="row" aria-*="content">SBbQi AOKSk 89X1q DA4a5 Xosud 1gPt2 <input>xnIo0 jMYiX vtCas uc3Db XQlQw MpinS OJ6L6 zF1Ey pC2SN cxlOL <form alt="table" aria-*="t8f5UBbbPh" disabled="row" aria-*="j9hHAiNbjy"></form>
<li type="table" aria-*="form" value="button"></li>
</input>
<span readonly="table" disabled="image" aria-*="input" alt="image">LYHvP v1QFE </span>
<img><th>kLmWT </th>
</img>
</h2>
</ul>
<option href="cell" src="form"><a id="header" value="checkbox" class="button"><span value="option" placeholder="password">E0hzu L78Of <img role="button"></img>
<button>8vlB5 QTqDa gHgXc </button>
<tr alt="password">H0vdE jysXb 21hSE tuvla DSENw UeXws is5vS </tr>
</span>
<th onclick="cell" role="main" href="password" href="1EARxcdaUb"><table role="checkbox"></table>
</th>
<tr alt="password" href="header" style="main">pmT6E hdfqb 1qbka N4nEI YBysm <h1 disabled="checkbox" aria-*="select">WpfaT W5wKB f7ovD aZcfq 97eai 1htdd mgzh4 lHgNM </h1>
<li type="button">TCb2r TbGgt VzoIH QDW7m Az5pH </li>
</tr>
</a>
<button alt="select" onmouseover="content" type="image"><div onclick="input" class="form" aria-*="footer" data-*="pieny9IXFO"></div>
</button>
</option>
<td alt="content" class="row" aria-*="table">43T7y FHcEo FGrKB Ehh81 xO4jV qB4PT UXgCp <a>eDIJ5 Oe1wn tDIUs KlYqe JUIMR <div readonly="Peek5SubrR" disabled="select">3PAM0 4uxIh lnKvz <h1 placeholder="9TebI7DRQR" href="WJgo9Gj1wY"></h1>
<form disabled="row" readonly="button" alt="content">ek7Dv ZAXfz jDqMS </form>
</div>
<option placeholder="footer" style="header"><h3 title="row" href="row" id="cell"></h3>
<tr placeholder="select" data-*="footer"></tr>
<button alt="text" readonly="image" disabled="main" role="image">nCoIn pqHea 8Ccnz ZhLUy 1vzFv oBlnc UuTht 13dGM </button>
</option>
<table onclick="form" id="text" value="content">dsFDN L2dhB <input>uE2Uj </input>
<div id="footer" placeholder="cell"></div>
<select id="option"></select>
</table>
</a>
<input class="option" data-*="link" alt="content"><tr alt="cell" aria-*="row" data-*="row" data-*="main">YtyT8 dgzHY NZmCp 7yHoG UdDOG UbIGb NMd95 <table></table>
<table value="select" value="input" title="form" title="select"></table>
</tr>
</input>
<table style="input"><ul id="checkbox" title="JRiqUr5sLE" aria-*="form" placeholder="header"><h2></h2>
</ul>
<form alt="password" disabled="main">fZoHo zGyVs JK4r6 415PE DUq1k 606dq 5dZyn 1DwMW QrSJB FoVS3 </form>
</table>
</td>
</div>
</html>

Error: Cannot invoke "org.jsoup.nodes.Attributes.get(String)" because "startTag.attributes" is null
-----------------------------
HTML:
<html>
<option title="table"><form title="text" disabled="hYywl2NIdi">npaCB <h2 href="cell" href="link" data-*="form"><p class="password" type="button" onmouseover="select" type="button"></p>
<th href="option" type="table" style="content"><img aria-*="select" title="main"></img>
<a title="select"></a>
<span role="checkbox" style="table"></span>
</th>
</h2>
<h2 disabled="image" onclick="table" disabled="input" title="link">n0pSp OveEs PVbNq 8LbxK U92Gw Bgm7P RBihe <td role="bXJUlvolwb" alt="button"><span data-*="select">lSiNF </span>
</td>
<table>ec8tB rBoqe 8J4mB 8v2aC qyP2m oT6uI <th alt="LQ1eUo4tI0" data-*="text" aria-*="button"></th>
<input>zl4tq OPeHe </input>
<a></a>
</table>
<ul href="main" src="link" disabled="password">NtEFQ 3iIxR 1V42w SoZVx x48uX Vj9no qir6L m3YIY CipBJ wqAgm <table disabled="content" onmouseover="checkbox">5qLLB Y97L6 4iwo2 6NtEU W6Nlz HRYnJ 4dlow 43yMV WyecJ oZidw </table>
</ul>
</h2>
<button><option class="row" data-*="image" type="cell"></option>
</button>
</form>
<h2 aria-*="cell"></h2>
</option>
</html>

Error: Cannot invoke "org.jsoup.nodes.Attributes.get(String)" because "startTag.attributes" is null
-----------------------------
HTML:
<html>
<td value="password" style="table" src="row" onclick="select">euk8z wVnlC V9XES yScpT KgWZR <a title="footer" href="cell" onmouseover="option">nE4kM tnFkb loYwj 4sA6s EfBQz rSKFz upsIe 1DNwy </a>
<td type="option" data-*="footer"><table title="input">NQMuA b3FJc Ocltp P3YRt <div href="cell" id="hf3385kxYX">iFGCV 3iDIr TzsJH H6TD3 Xl24v <div alt="table" onclick="main" aria-*="select">2s7B2 XUzdc ODxS9 42Zgg IGPDE 1uwUG jmAXq lBzdP 1tANx </div>
<input></input>
<tr onclick="input" src="row" onmouseover="content">71j9u y1A0k </tr>
</div>
</table>
<button title="pHBAbiAM1k">xySny UXS4f QFZ4V zAGKU j1H93 <p alt="input" title="header" onmouseover="pVP0X86R1W" title="FQwDvWbvNb"></p>
<table onclick="cell" href="QXzrloZaVP" aria-*="yQ228UhdnX" readonly="content">n18Az mKrXT 1byIj 5qbSg pP5zk DiYzp </table>
<p alt="form"><option class="form" alt="footer" readonly="cell" style="text">5HW3E bFEVR zHKZe xDbHV </option>
<h2 src="select"></h2>
<ul title="checkbox">dHEge k3qOV </ul>
</p>
</button>
<select>6ecDC <a aria-*="image" alt="header" alt="input" placeholder="link"><form title="cell"></form>
<h1 data-*="header"></h1>
<button alt="text" aria-*="content">E0bN2 2IjED vTl5J a0Mhp cYrxK IfjQy HlV1a WrPwY siSQF </button>
</a>
<p disabled="main">1AmpG <span aria-*="option" aria-*="main"></span>
<tr placeholder="input" src="table" src="password" href="image">pPOlO RZhWL GJzvo cFMKZ 7iJ9K w8Kjg m4BlL XRTGP H9cXC mG3kg </tr>
</p>
</select>
</td>
</td>
</html>

Error: Cannot invoke "org.jsoup.nodes.Attributes.get(String)" because "startTag.attributes" is null
-----------------------------
HTML:
<html>
<table style="header" class="content" placeholder="content">Q8VvL f5OxJ nvyH6 mHEuO OneQ0 ok6wB pAfdK <a href="form" href="cell">3WU1n BeHFc d6JSg PzC91 2TGGN awBpT STLDE 3Uaak <a src="input"></a>
<input></input>
<span style="option" href="cell" aria-*="image">jLc6i Kt4e4 iEWct u80zM <span id="footer" src="option" class="form"><button alt="mIK6e1w2h1" class="table" id="main">MVMxz iz1Un JB9ij </button>
<td placeholder="content" type="main" data-*="password"></td>
<ul></ul>
</span>
</span>
</a>
<a value="input" id="cell"></a>
</table>
</html>

Error: Cannot invoke "org.jsoup.nodes.Attributes.get(String)" because "startTag.attributes" is null
-----------------------------
HTML:
<html>
<table style="select" data-*="row" type="footer" src="VuzTGeSsZi"><ul href="main" src="link" title="link"><th onmouseover="cell" alt="form">X8GHl 84l6a kHn0C 3m5J0 Idi9m JIGUN 6SFLm <td id="select" class="table" alt="content">MunXy 2oxnV pfPOW xtDqy Py42s hdwrq wITeM 5S4ia </td>
<form>Powdr q9f5x uoY22 xh2Zo o80yc fbWPu <div onclick="text" onmouseover="password" data-*="link" id="row">oBcLI </div>
<tr id="option" disabled="main"></tr>
<td aria-*="header" class="checkbox" placeholder="header"></td>
</form>
</th>
<input><h3 value="image" role="password"><h2 src="image" href="input" placeholder="content" alt="table">1l46S w8DJv PabxQ kcz1W BqYRv M6R51 X8d64 QEczb s91dJ iBeQi </h2>
</h3>
<button id="oeb6KgXVqr" alt="option" type="link" disabled="header"><ul href="header" data-*="ULdQl2ElWT" value="CEBsHbe0I9" onmouseover="Bpq6A4Slz9"></ul>
</button>
<a href="main" placeholder="content" onclick="row" title="main"><div alt="option" data-*="password" onmouseover="pORCOdWW2w">Lwnhe Q0CpP F2g3A </div>
<a alt="select" title="header" disabled="footer"></a>
</a>
</input>
<div placeholder="header" id="checkbox" alt="image" onclick="2kBsL7gVVw"><tr placeholder="button"><h2 class="link"></h2>
<form onmouseover="text" value="header" class="content" value="checkbox">qwiNA 1FUrR </form>
<select class="text" alt="content"></select>
</tr>
<span alt="image" placeholder="select" src="option"><table onclick="input" style="select">smu5T JakLl D5N2g HLaZ9 iDtuN </table>
</span>
</div>
</ul>
<input title="cell" data-*="cell" placeholder="form" type="ZcAMb91ezO"><span onclick="option" disabled="button" role="footer">DK6LQ 39nCx <div><li style="link"></li>
</div>
<option class="checkbox">qSjpw BnuLe lgKI4 5Cem0 eD06o AAjco <option data-*="main" id="password"></option>
<li alt="content" role="button" value="select" value="row"></li>
<a onclick="image"></a>
</option>
</span>
<div readonly="checkbox" onmouseover="text" aria-*="table"></div>
</input>
<form type="WF77G2cUOA" onclick="text"><input disabled="image" onclick="table" value="content" placeholder="option"><span disabled="select" data-*="footer" onmouseover="content">Bfig8 sqJYD i1e2p vkI5H 43VB3 3LwCG 3v4Um Tu66E 9bmJC <li></li>
</span>
<h3 aria-*="select" src="header" style="link" href="link">YX8gm zmRRN BQU4z XUS7m <th type="table" href="form"></th>
<span onclick="checkbox" type="checkbox">o9yLB MXsAh HHe37 Y3AOO UWMsa </span>
<select aria-*="footer" type="input" alt="kTgg3iop18"></select>
</h3>
<p style="content" title="option" onmouseover="row">NbJ3y <td placeholder="button" href="password">KMwgI BhWq4 BtIMc </td>
<h3 role="table" alt="row" placeholder="header"></h3>
</p>
</input>
<input readonly="O2xyISScGw" src="select"><h1>AgN0o <h3 onmouseover="table" type="gcgxaoDJCQ" style="otVuFICBOY">jsDV9 56qKc </h3>
<h2 aria-*="option" role="link" placeholder="password"></h2>
<button id="main"></button>
</h1>
<div title="footer">8UW9G <p class="button" onmouseover="footer" type="row">ifn8d un5nG W5h8R 4dv5Y YAFQh W1Xpp kr7gb EAsJU gVp0q </p>
<table></table>
<h2>kwpZZ qIElm eHTtr Mnys4 Sp0rv cjJSf Ryq5g o3Oa2 TF5v9 </h2>
</div>
</input>
</form>
</table>
</html>

Error: Cannot invoke "org.jsoup.nodes.Attributes.get(String)" because "startTag.attributes" is null
-----------------------------
HTML:
<html>
<img readonly="YFmfrLAs1o" disabled="link" type="link">bLOIF pUkpF kY7hG tpxOR 44CZ2 prYQi XQ6d2 saCTR 9oESd <option value="footer" src="image">ek7Io Ce7rs DO6JZ bLMD3 <h2></h2>
</option>
<p><tr id="link" src="button" type="password"><div data-*="input"></div>
</tr>
</p>
<table type="form" value="cell"><span onmouseover="password" onclick="GQyDc4VYlv" href="select">Mmw9V bdZX1 sUa6l YtpWy gmpyO fQZM9 ob8Wt MCCuc LoR4S Wc9SB <h3 data-*="select" onclick="password" disabled="header" onmouseover="image"></h3>
<td onmouseover="header"></td>
</span>
<a value="cell" aria-*="yXnvYFWTvk"><h3 style="cell">JYkO4 eMDtN DJPDc qNMH5 gN07H hJPoh MNmha K2mpy CWPoj UAhPv </h3>
<input></input>
</a>
<p placeholder="input" onmouseover="button">j8aWi NmVa8 jdhry oSD5p eqFrQ <img placeholder="cell" id="button"></img>
<span value="text" role="text" disabled="select" aria-*="text"></span>
</p>
</table>
</img>
</html>

Error: Cannot invoke "org.jsoup.nodes.Attributes.get(String)" because "startTag.attributes" is null
-----------------------------
HTML:
<html>
<form>WjYMG lFx1Q pSjQX <button href="header" aria-*="UuTs5RqgPu"><button onmouseover="input" class="button" title="button">PQQDv PuL6Y </button>
<table title="input">tVFvB muuG3 <select alt="main" data-*="select" href="form" style="option"><input>KLmEo </input>
</select>
<option alt="content">DR6Eb 88tYU eenLE mFtm4 <a style="footer" placeholder="header" type="main"></a>
<form></form>
<button></button>
</option>
<ul data-*="row"><select type="text" alt="row" style="form"></select>
<div href="table" src="text">OVjXu 1yT4Y dGbMw cKINK n6jJQ </div>
<select>LZZkU FvvcF N0Fde M2NQW 4dhze Ca4Kt OXWtZ UFsfL 97dXe wegdz </select>
</ul>
</table>
</button>
</form>
</html>

Error: Cannot invoke "org.jsoup.nodes.Attributes.get(String)" because "startTag.attributes" is null
-----------------------------
HTML:
<html>
<input src="text" disabled="cell" type="footer"><table class="select" style="footer">7BKKf <div>0wSAK Dvyew 4oXhn <td><th>Rf5WJ ud39n UlKfM rTcpZ OY1iC </th>
<li></li>
<option>SBWTD </option>
</td>
<a><h1 placeholder="link" src="input" data-*="form" href="cell"></h1>
</a>
<li>uiopD <th onmouseover="yqlYaqOqxi" src="eMlwxpEz7i" data-*="table"></th>
</li>
</div>
<img class="password" id="content" aria-*="input" id="password">9kKmN fIPiX KWeCm Ijl1W I0E87 JOLPn YH4ou mBm7Y <th onmouseover="link" onclick="password" alt="image"></th>
</img>
</table>
<button title="button"><td></td>
<table onmouseover="button">6jXju flwmJ xYjYB n5Kdj <li value="cell"></li>
<tr><li disabled="checkbox" readonly="row" type="select"></li>
<form src="link" style="password" value="main" aria-*="table"></form>
<input></input>
</tr>
</table>
<select style="footer" value="content" href="link"><table href="button"><h2 title="checkbox">E7iI5 LSGg0 </h2>
<th src="table" alt="cell" disabled="RnXzbZ67O1"></th>
<table title="footer" readonly="option" placeholder="footer" onmouseover="link">WOYxu JWsRo xTNLi zuwxK hdN13 2YUuE euNCf </table>
</table>
</select>
</button>
<li href="content" style="form">xuiw6 vzktO gqvki vECEM yIOoX Br38l MoJls 40Uxx </li>
</input>
</html>

Error: Cannot invoke "org.jsoup.nodes.Attributes.get(String)" because "startTag.attributes" is null
-----------------------------
HTML:
<html>
<table readonly="footer" disabled="uRUK5qBqVi" src="content" disabled="row">f2qYj U4a9J jzzvH Yi1GG ddKLS DKPBN 9EJGR 0Fo5U eyw6q bCm1u <div id="input" onmouseover="image" role="image" src="main">5dimv aonyF skYPG 4V2i6 tQjDf 4w2JL 1gt8S GWTzC h5Yjs <span placeholder="link" type="button">h9lnR 57LeF xgKeL YyZ6k brFsn <input>GdZmY YcL71 tmKy7 tfjW1 Cm0wN tNk7e dgra0 S5dFN lNby8 <a src="checkbox"></a>
<h1 href="option" id="select" placeholder="Rbk4lFBKV7"></h1>
</input>
</span>
<div><button onmouseover="content">tM2h7 ti7T0 H84Na wDJ3p L5u3J </button>
<li>HPNMi FalvK VlMAa dImAC dnt5e GAcZF ywB8b lnbUo LwVZE 35vme </li>
</div>
<h3>XjTxX exK40 hJAVw yXuh4 acCLN eWZWx C2IFr AEPwZ 8uaZ7 f2HMR <form title="row" value="option" title="input" data-*="text">Qgb9r 8j2YL cXZKA L6Gu8 cXcym kmTPR nWOns 0vUf3 Qx7js pLBQp <img href="select">iGkiI QqxmV Blob4 tkk9g </img>
<h2></h2>
<span style="text" data-*="select">u63xt WVMbK EqXkV BhOv0 FwPS2 2ngq6 abwpK </span>
</form>
<a data-*="button" id="form" id="header"><li type="checkbox" role="link" aria-*="ob6vEt61ft" alt="footer"></li>
<select href="form">xHR12 7qem0 7HVz6 j85xL N3qJw Eq8bd oiV3G ISAsB 9iuzu Xq5UR </select>
<h2 href="CexDXjBSxK" onclick="select"></h2>
</a>
<h3 class="PRwbzU1JnO" title="input">5kunh v0Cno 2YyWR JYEvS GZaN9 BCqi1 dh63w m2uCn <p>7dbbM ES4RM sliZ4 AE8Mc ZuVYI dKsQy y0xP6 </p>
<button title="table" type="form" class="button" role="checkbox"></button>
<span onmouseover="wgotjaF7bj"></span>
</h3>
</h3>
</div>
<h2 aria-*="iqkMsWx8bp" role="checkbox">s9ZKO EThCW 9YbOu fPOyG apHYa PlP8W mFdNl 6QlYj a0hCO Dibn7 <th value="content">TiwcV VHEgH ART8X lyuQu tv52N oqKx5 5x2j6 <option>byTWH lnzG6 lrfJX Uv3D8 gFpl2 MkGi9 ySp1V 16Lm8 bZojG <h2 title="header" href="main" class="input"></h2>
<option readonly="option" onclick="checkbox" href="image"></option>
</option>
<span style="cell" class="content" style="select">VibXB 7EId2 Peyp4 DpPdW kGjOj <h1>PAWI7 wmw9n lgXvS 39gD0 wa69Y YnI73 NaBxS DhNi5 </h1>
<input class="checkbox" style="checkbox" href="image">xcATE y69jh 2xMdX aa1DS Z7r2w Ytu1Q UffxU wX9At </input>
<tr></tr>
</span>
<tr onclick="image" onmouseover="table" value="CRuf9nuk9G">efZ2B Gn4Sm iqoDh MMOys fnU0B mFYyp <a class="AH4KxvAo8S" disabled="password"></a>
<h3 aria-*="button" role="text">aChzV 2tOgj 8YJtM RyfPT Z4iVZ 3NEqt ZtUTE </h3>
</tr>
</th>
<button type="main">q1oiT 7l9cW <span data-*="pS4g8HHFOO" role="header"></span>
</button>
<input aria-*="text" aria-*="form"><li style="button" class="NIFv0oCxnL"><ul id="button" placeholder="row" disabled="checkbox" title="password"></ul>
</li>
<div role="cell" title="row"><tr aria-*="row" src="footer" placeholder="option">sXe5U u4Kut K8Q2R iGwAD NpXbI PAam9 vdI45 </tr>
<p onclick="link"></p>
<th></th>
</div>
</input>
</h2>
<select value="input" value="content" href="text">oLXXb 3P7Km 7OYGt </select>
</table>
</html>

Error: Cannot invoke "org.jsoup.nodes.Attributes.get(String)" because "startTag.attributes" is null
-----------------------------
HTML:
<html>
<table title="text" title="footer" readonly="footer">rGEMU b4Qqw fluGo <input></input>
<ul style="select" readonly="footer" role="header" value="checkbox"><a aria-*="main" aria-*="checkbox" alt="checkbox">MLuq6 P4F4T <span readonly="input" src="cell"></span>
<span disabled="select" data-*="row" type="main" id="row">UQaJy r6Xce UCOtH gg00d t7NsY h4Vxa <table src="text" aria-*="footer" style="EecQdnf31f"></table>
</span>
<input data-*="checkbox" onmouseover="table" aria-*="main">dAjgx 9xPMF i2Ala 3BnIR f74A6 gEXpK RcFnt 0wqD8 bKlix VzbO1 </input>
</a>
</ul>
<td value="content">kp1Jn 8y0US 358Ll asJLm <span onclick="button">CnvwU 6oiIw <ul role="text" value="checkbox" src="image" src="text"><th href="password">qcThX </th>
<th>nd6mn iPcrw pbK98 YXrGV teOww Ztj02 </th>
</ul>
<table class="row" class="form"></table>
<table>mgzuv PLhFL lxlm1 0Cxid wqthk hc9eJ 4kQXW YFZFl </table>
</span>
<a type="password" href="form"><select placeholder="option" src="content" title="content" src="content">KzE98 hgWZf wkGp6 <h1 data-*="input">TPgad I3wUs JzOxV aMdSo </h1>
</select>
<select src="link" data-*="form" type="text" title="checkbox">evIyo icuDE E7TOH 2IFZw zIJys 26RWh vgQsO uPvR2 EtheA </select>
</a>
</td>
</table>
</html>

Error: Cannot invoke "org.jsoup.nodes.Attributes.get(String)" because "startTag.attributes" is null
-----------------------------
HTML:
<html>
<table><a alt="cell" placeholder="checkbox" placeholder="input"><h1>jUWJy rfLBQ B5jKd fL57I </h1>
</a>
<li src="form"><li disabled="main" href="table" style="row" alt="image"></li>
<input>5A7td LHJYB JsGsk omRmy 5k1rC ma1Qj lUur4 akUVM </input>
</li>
</table>
</html>

Error: Cannot invoke "org.jsoup.nodes.Attributes.get(String)" because "startTag.attributes" is null
-----------------------------
HTML:
<html>
<a id="text" id="header">6eNBA FLhe9 w4Y6h l5RWX 1MgQa 42v00 XCtQo <input title="header" readonly="footer" title="form" style="row">1vxKn VPkpG <table class="password" class="2gXqJxGKt8" id="main" placeholder="checkbox">Y2nzh oeGPZ NTmiD UX1Lf YxXIf 9Noj2 jxBrZ <li placeholder="Mx912dYnSF">Mi5en tDqzv 80t46 WBVzk VDnDu </li>
<h1 src="cell" role="header" aria-*="table"></h1>
<input></input>
</table>
<button src="checkbox"><td onmouseover="option"></td>
</button>
</input>
<ul></ul>
<input href="footer">oMefe <h1 placeholder="text">NgSEG tcGYD UYVJw jcx1w fkagp 9poRL <th>P0m8S Jwbcy </th>
</h1>
<select value="6mLsMRj6FF" disabled="option"><th onclick="button" class="row" alt="input" id="header"></th>
<button>UrcAC mkP76 8My93 tjP90 iCbU2 57y2b mZ2yv 7JUty sGpTz smVZK </button>
<option role="button"></option>
</select>
</input>
</a>
</html>

Error: Cannot invoke "org.jsoup.nodes.Attributes.get(String)" because "startTag.attributes" is null
-----------------------------
HTML:
<html>
<ul>saZ6N fPIm4 4Tx83 wJqDb ks6bc N9PAl 0Eh48 fIuqQ kVWXH jBpEv <form readonly="footer" data-*="cell" role="main" disabled="header"><img href="checkbox" readonly="button"><table onclick="footer" data-*="option"></table>
</img>
<ul readonly="row" aria-*="password"><button src="text" style="input"><input aria-*="password" href="button" onclick="link">CAMhk VmbBJ 0EmEE mOfr6 acrjy 2GFpK IIxxg </input>
<a></a>
<form style="select" type="footer" aria-*="button" disabled="row">6uliB 6BvaO Cz8Q1 m3d6V nMKCQ </form>
</button>
</ul>
<h2 disabled="table" value="main" placeholder="password" placeholder="cell">SD3nk TzDpw ocU5x lD82z TSJ8g uoZVS T6epS GEz3U KFSS6 </h2>
</form>
<th value="text" title="option"><table>IfXvX UCHV0 hO3BX OaDFk dIHvv gi87e jQx9z hCzdM H1SgK Luwti <td role="QUdiZ9EhY0" type="link" class="ZA9l5vhCiU" style="footer">oz4Ej Ya2VQ Io5YD ipnTG jX8hf V3vXT u5AiG VqjCd 7cfvO 3FAiR <form></form>
<img></img>
</td>
<span onclick="spgdm3H3Cf" role="form"><input></input>
</span>
<a onmouseover="cell" onmouseover="form" style="password" placeholder="header"></a>
</table>
<option onclick="password" type="image"><tr readonly="link"><p readonly="checkbox" readonly="e6so0aXdFv" disabled="password" type="main"></p>
</tr>
<div style="password" role="button"><p>wOhGF rLTWC XbgSx xJb5y AnVO7 aDQDs Gr3xS ElPY8 iw6dc </p>
<th aria-*="row">FT6eS OuuYZ q4bAq GtK14 Ql4Qb ZC4qL j0rvD rJUSt </th>
</div>
<table title="header" placeholder="button">6qd4H </table>
</option>
<td data-*="cell">heiok JBxTU fj0tU tvj3d tmZAv zyjdL <ul title="content" id="header" type="form">LRjYW cU3Lm <ul onclick="jzKaFe2Y4w" type="form">hBnF1 </ul>
<option disabled="table"></option>
</ul>
<h3>axjDS qzzIF KdZsc JlrNg Utroo Cfdzs Wwmxh <img onclick="header"></img>
<p readonly="table" role="obADktBfgY" data-*="header" id="cell">rh1ZY gmdAN L5MyM </p>
<p>nqNRq PI9U4 omTza sOqQx ASqxN kaSBZ RrBqN </p>
</h3>
<span disabled="content">2E5wX 1oqVR SMBQp XgBWu </span>
</td>
</th>
</ul>
</html>

Error: Cannot invoke "org.jsoup.nodes.Attributes.get(String)" because "startTag.attributes" is null
-----------------------------
HTML:
<html>
<select>cIF7X konbk VmrV5 z9VQC mPCnL <span href="text" readonly="header" placeholder="cell" style="checkbox"><select onmouseover="form" href="button" alt="password">rqmKM SC8Dg 6tLk0 8Wq7X ynCRd yoMQY sd6LT TOGHA Vfh2R maUFw <div alt="content"></div>
</select>
<img style="row" placeholder="checkbox"><option src="zG1MXkJv5N" id="table">99yEp 42djt EEebe r0lgI kOygA 8a4yH </option>
</img>
<table class="text" href="row" alt="text" style="content">HM6im <input>4d3KC 84hNg TaPyz VAL3x n9FUs LPqnb LWrd2 uIvAL P88GM SzF7d </input>
<h1>nSRqH stJYZ O3ZFb frbgh nuT0N 6Fako tf9qV 0rx7d </h1>
</table>
</span>
</select>
</html>

Error: Cannot invoke "org.jsoup.nodes.Attributes.get(String)" because "startTag.attributes" is null
-----------------------------
HTML:
<html>
<table role="cell" id="hJaliaKbqc" type="content"><input>u1agy 4iyqz eIpt2 kfFaM vbqxZ <form><ul></ul>
</form>
<th aria-*="link"><ul>Y8tAL t1KEz dWwcw 0Elba 6P6B5 u6Qtj KaxEf hAshC Hum6b bgq0V </ul>
<table>hOtgh </table>
</th>
</input>
<th role="table" style="input" role="checkbox" onclick="table">uwiOb ua0dF wamK6 0f8S9 RmU7k bdEou </th>
</table>
</html>

Error: Cannot invoke "org.jsoup.nodes.Attributes.get(String)" because "startTag.attributes" is null
-----------------------------
HTML:
<html>
<table>YVuRk gs0y4 vu5LC JPpBP 3YdCp TSYRo IfO8V aoQ2k Xyuhu <p></p>
<h3 readonly="input" value="select" type="button" style="button">AwCbJ 73b8p hUdHn X4FBN tjpFP 0rLwT TE7j6 CJeMi ANhDk <img data-*="form">mi71K Utg3W RBMDj dsqiW ABAru EC4aS 8YjS3 t0nRg XDoRX O9OU8 <h3><span title="b6J68k3xUb"></span>
<input>G9bO4 v2dif ewYku E4709 lCaPH heAJb cbo6q PUY9D q7uok </input>
</h3>
</img>
<p aria-*="row" aria-*="footer" title="link" style="cell">0X23b J3hTF x8X64 uo39G SZuz9 F6hge hqdac 93Nuf <p aria-*="table">VaHbE 1sTtq BKU76 aCaxL FkwLi Q9Hbk eVGZR R5K8v <table data-*="form">y0RUe aSYMt 6JFPf </table>
</p>
<li readonly="select"><td id="text" id="select"></td>
<ul onclick="form">U8Xat kOYT1 QOq3U S9H5F OmbL2 5LQvD M6h0M 45dop ASFoQ 6NTQH </ul>
</li>
</p>
</h3>
<form class="link" placeholder="cell" placeholder="password">cOhBt <h2 disabled="HTgxZoZ2y0" role="option" title="password" disabled="password"><table>5ltoX <form onmouseover="content" style="cell"></form>
<input onmouseover="option" alt="form" onmouseover="button"></input>
</table>
<ul>cDy0b e42ng U5Vwn AhCHj Siulq YKIbv <td onmouseover="text" title="input" style="jhIgN79cn3">7sc9t Bdnex IlaZT azJQ1 vydPR B6F3H CZl2D </td>
<ul class="select" placeholder="password" role="button"></ul>
</ul>
<p alt="form" onmouseover="image" placeholder="table" type="footer">kSv4d </p>
</h2>
<input onmouseover="checkbox" onclick="text" title="content" readonly="row"><span class="eSoWPs9Z1f" class="select" type="MNhEq4pVPo"><img alt="z8Hwhmi9iW" style="form" alt="link">T4jsU </img>
</span>
</input>
</form>
</table>
</html>

Error: Cannot invoke "org.jsoup.nodes.Attributes.get(String)" because "startTag.attributes" is null
-----------------------------
HTML:
<html>
<li readonly="password" alt="image">87JpH YfaPM LCk5L l10Kj W12Ow tAsEn <button id="link" role="option" disabled="checkbox" onclick="CjvTAwmZRB">LgQQG 9ZR7g j39EW <span value="DKY6rpzmgA" alt="content" src="header">t3IFP XuSDj 4sFDj <p onclick="option" placeholder="input" readonly="link" role="input"></p>
<h1 role="content" onmouseover="jJoO2pKIRc" placeholder="text" alt="link">FeMns 2j5iX RGsnD OdffC </h1>
</span>
</button>
<option>zXkLI E6ftP pcHoq MDkko 46Jkt RBQpw QfPbi Dd23H <tr src="form" type="select" href="button" class="button">KoiPN x97pC <h1><select alt="image" placeholder="text" readonly="table"></select>
<h2 alt="z3sUPA9Yxb" aria-*="link" value="checkbox" style="main">OJORr ZiDNY JZbJY KtOiX S5Phy Vw63L BzJ4t 6Wikl F12ya </h2>
</h1>
</tr>
<table readonly="Nf0layFVNQ" onclick="cell" value="form">BqZO9 YyXcf kj507 ucPS7 53JGg <input><tr title="form" onclick="header" data-*="header"></tr>
<th placeholder="option" id="button" readonly="form"></th>
<h3 value="text" disabled="main" title="checkbox">ELl5I GqBrP oR9fG </h3>
</input>
</table>
<td src="button" disabled="option" disabled="table" placeholder="footer">55qky 71o1y zB5DI zBwEN FtBUX 5ie05 TVSPo s0QJg c9xAS </td>
</option>
<li disabled="row" aria-*="form" role="cell">GUxbz eOpQq <a value="7lhHoeJeSJ" class="content" type="option" aria-*="option"></a>
</li>
</li>
</html>

Error: Cannot invoke "org.jsoup.nodes.Attributes.get(String)" because "startTag.attributes" is null
-----------------------------
HTML:
<html>
<h3 href="option" data-*="form" src="3lU7sAgp5m" readonly="row"><table id="button" class="image" alt="select">r6YpD A4CkS CEv0D EfuYX 279jn 53MiP iLn8i iNIYB Q9Cnx hr6wZ <input></input>
<input role="image" onclick="select"></input>
</table>
<div href="row" type="form" src="hMEsPM6Gyl"></div>
<button type="header" style="row"></button>
</h3>
</html>

Error: Cannot invoke "org.jsoup.nodes.Attributes.get(String)" because "startTag.attributes" is null
-----------------------------
HTML:
<html>
<table>EIAeR 9tXxU 81DLU LVehK YvAni RNoMe <span title="row" placeholder="main">uLSkh Z71JF IseUo WTRdF OCXji IlljC 6GPxL aJfrT Clmnu <option class="row" placeholder="main" src="button"></option>
<td>04Go7 Jbbfh gOU78 </td>
<a disabled="footer" onclick="main">1IT7Z </a>
</span>
<input><li aria-*="4tFyfI2YML" onmouseover="footer" style="main" onclick="f1H7pBUFvV"></li>
<table class="ZK1OVX8IBp" readonly="image" alt="row">fJhFU YAkA3 BrqJK iA27Q dyMP1 O2vSk </table>
</input>
</table>
</html>

Error: Cannot invoke "org.jsoup.nodes.Attributes.get(String)" because "startTag.attributes" is null
-----------------------------
HTML:
<html>
<table readonly="rCMz6xVkKb" aria-*="link">pQBx2 oVBH8 w90GI <input><td disabled="cell" onclick="image"><div></div>
<h2 value="FGqV1G4cqZ" style="text"></h2>
<table role="input" placeholder="text" title="main"></table>
</td>
</input>
<div><ul disabled="FCsKXZTwo0" type="button" onclick="form"><form alt="cell" onclick="image" value="select"></form>
<th src="option" data-*="select" placeholder="main"></th>
<ul>OrcYd NZMx9 zdwtJ xBWIr JOh4P v4klv </ul>
</ul>
</div>
<select src="text" alt="EJUMVSGvgf">8oRft 2j6td KmQDf </select>
</table>
</html>

Error: Cannot invoke "org.jsoup.nodes.Attributes.get(String)" because "startTag.attributes" is null
-----------------------------
HTML:
<html>
<table class="image"><div role="table" type="content">ZghTC WL5HX <ul data-*="oNqQtUN1AY"><li style="row" alt="button" alt="checkbox">s5HEr </li>
<button role="form" id="select">glDbM sFh3K biCGN eoAua w3YZ8 HnggG </button>
<h1 value="input" placeholder="iMkWjY0WvJ" onclick="select" onclick="input">3gL5S T434y </h1>
</ul>
<ul aria-*="form" placeholder="button" disabled="main" alt="select">JTKub UJUEF 6taQl jhyrN FaqvA bYTqo iNouS <select disabled="form" class="input"></select>
<th placeholder="text"></th>
<button data-*="link" aria-*="checkbox" placeholder="input"></button>
</ul>
<h3 placeholder="select">K6QCo AEevy 0SyoL 99AUm rzJR4 568bl weAuK hxw4D jpsZP Aslv7 <input></input>
</h3>
</div>
<form><h1 href="text">7u1e2 bhrJ1 5wxdD aQDt5 OZS07 TyHee XngGu d7NKP uzbZQ </h1>
</form>
<button style="password" role="button"><div value="image" value="image"><h1 role="main" href="main" type="m1C72kBbJf">zTQbI qa96r 2C0j9 CK5fC </h1>
<h2 href="select" aria-*="button" title="header"></h2>
</div>
<h1 id="row" alt="image"><ul onclick="table" aria-*="xoT1STvm8Y" type="image"></ul>
<button>Ctsdw cUyMc NXa67 zS8bs i7qXj tJblv MLA6H tgEp2 O4D56 zsk7T </button>
</h1>
</button>
</table>
</html>

Error: Cannot invoke "org.jsoup.nodes.Attributes.get(String)" because "startTag.attributes" is null
-----------------------------
HTML:
<html>
<li onclick="image" data-*="select" src="table" disabled="row">prY7n ZJecm l0WMd <img><span id="form"></span>
<h1 disabled="select" data-*="select" aria-*="text" type="footer"><form>zHDFE IoYLu 36Lfi s1Dn6 KD179 29tUO a2XUX <img aria-*="main">bTkSp IH8z1 H0MnD eYHKx vwqCE vXR3R 8J8K3 dEYBc </img>
<input placeholder="password">zQ08K hMUdl reKrK WcQAC W5ZOm xCZlu DfN7l wvT2S EhXkT RZNuq </input>
</form>
<form alt="form" onmouseover="image"><h2 alt="select" id="button" alt="vWf2WWRQUy" id="D2j8iO7sTs">dzQRo K27WG XIDgl 6GIhW r01nb NVnMI </h2>
</form>
<p></p>
</h1>
</img>
<button role="button" role="select">4lpyc ij9J0 kyRcH PoTzY X4wGN <tr><div value="input" id="password" alt="footer"><h3 href="main" value="text" title="checkbox"></h3>
<td alt="GInxw7aE3i" onmouseover="input" aria-*="button"></td>
<span href="select" id="content" style="input"></span>
</div>
<p alt="N8hjZZBbmv" aria-*="4rs2uqQq6n" value="main">enkBH SDYVp WdlRo OnynP </p>
<th class="XyOIKVQ2n4" alt="input" data-*="link" aria-*="checkbox">tDWu2 nkg6x PKZzr dR7Hc XG8Q3 NS5yq 6CXF1 nEV9J 1kNPI A44qS </th>
</tr>
<div>yXhaM </div>
<table onmouseover="password">PtSQo 9YSJX Eguh5 myKX3 jDy81 </table>
</button>
<table aria-*="option" value="QKt7iJ3wdp" value="table">FTkT7 IoKfe sqCye Fmi4q 1lVKD eZPXS 8jlZI Z6aKz oQZYV <form onmouseover="main" title="0LtD6XXeJQ" src="password"><li onclick="bp7v3CrU7p" alt="row" data-*="row"></li>
<form onmouseover="checkbox">NrDUz <th data-*="button" title="image" class="main" type="row"></th>
<span title="form" data-*="image" disabled="table"></span>
<input>D782I O5Llc gBAsw VOMK0 vIGs3 9CITv 5dAhy GdaC4 9jlNu </input>
</form>
</form>
<select disabled="main" id="password" alt="checkbox"><button aria-*="form" readonly="footer" data-*="option"></button>
<td><button></button>
</td>
</select>
</table>
</li>
</html>

Error: Cannot invoke "org.jsoup.nodes.Attributes.get(String)" because "startTag.attributes" is null
-----------------------------
HTML:
<html>
<table><a value="footer" id="image"></a>
<input></input>
<option type="input"></option>
</table>
</html>

Error: Cannot invoke "org.jsoup.nodes.Attributes.get(String)" because "startTag.attributes" is null
-----------------------------
HTML:
<html>
<table class="input" placeholder="link" style="button" alt="content">KHxmv 1RjUs <li placeholder="password" data-*="link"><h1 src="header" role="main" placeholder="footer">sVaWh kjrha yeqQb 7FNsw <form class="content" title="button" placeholder="main" src="footer"><img style="footer" class="password"></img>
<a onclick="option"></a>
</form>
</h1>
<th src="password" data-*="footer" onmouseover="password" id="header">fUyUZ oMW0L Ic24M BKM3U siJIE WljJv sOmxk sQ2q3 <option type="input" disabled="select" onclick="row" href="text">Z8Whx 8B1dK QiuYe A44BU T624s AaOVK ToSHC <table data-*="cell" value="O7yH0uOErf" title="EXNReMbWFo" disabled="68TOu7NkXR">lZ7pg 0K1Xq EHnbf Qr8Eo tbIfC I7jOe 99r38 </table>
<button title="text" onclick="content" onclick="password" disabled="button">6dOX6 </button>
<input data-*="table" src="option" title="password" placeholder="cell">cNrpD MkgVh Yn50E </input>
</option>
<h1 href="password" value="checkbox" alt="image"><td></td>
<img>epvdE </img>
</h1>
</th>
<th id="row" href="cell" placeholder="option">6sn5t Stzzm n8gGk <input>v2oy2 RItP6 EJozS LoqID <img>kADT6 eUrbk e1yII btyNO </img>
<th id="3CAYcNjfvv">73gpP </th>
<tr readonly="select">DXlQL eLp80 orO3V 9IEyo yDgfi mXDQY 5GGsx hskwa HSl5p </tr>
</input>
<tr style="cell" class="text" onmouseover="password" class="main">W0vgc xWul2 fw5Um 8V2f0 Qs9q8 <button href="form" id="select">BEIur ok5a7 EXdJd kGUq2 bHjXe qEpAz plolk ExmFf mFWLG </button>
<input>FgYDq JPhZT 8YMqY BFWZr daWUT XbHEb </input>
</tr>
<a disabled="header" disabled="header" disabled="9FQiBw85gi" readonly="image"></a>
</th>
</li>
<th></th>
<option title="text">2rfN4 32ZYV p3AJt Yofef qFvnS 8mZPY <div alt="link" title="header" onclick="content" onclick="main"><div type="text">e27M1 eUr4S ggPfp mVm3Y knRyx XLt4F jsRbA <a title="cell" id="text" alt="cell">fIUxh MdxsE SR9T1 ghehY XwotP PfWOn bAiXd ADiK8 </a>
<table>Bf5N6 4w3A1 7A5cN Ckszu ruIqj wbdd1 n9ML1 8Ekgg gzyXD 4Flwn </table>
<h2 class="option" type="main"></h2>
</div>
</div>
</option>
</table>
</html>

Error: Cannot invoke "org.jsoup.nodes.Attributes.get(String)" because "startTag.attributes" is null
-----------------------------
HTML:
<html>
<th onclick="cell" readonly="GszSNTq8Q4" title="LP55tP7dX8" onmouseover="select"><a>9x3Tc <ul type="input" readonly="select"><input class="footer" role="link" disabled="option"><div style="cell"></div>
</input>
<select disabled="row" title="form" type="button" title="content"><table alt="password" alt="button" style="table"></table>
<h3 placeholder="option"></h3>
</select>
</ul>
<p aria-*="footer" onmouseover="content" src="input">QfL4K <li style="content">iknJZ 3Q73B pHlT5 WzfN0 <ul href="row"></ul>
</li>
<tr role="row"><option role="link" data-*="footer" onclick="main" href="mw30zYhasp"></option>
<span id="footer"></span>
<p id="row" data-*="zSnxJewbWu" class="cell" alt="table"></p>
</tr>
<h2 href="input" id="form" aria-*="select" onmouseover="FBfZHRsEkp"><p onmouseover="footer" onclick="table" style="image" src="content">q1q9J 5kFTD MV2ya Mw1GL Tfpwe oCrBU w5q0q K1341 sEKvG RzyWl </p>
<form data-*="row" role="main" href="checkbox" value="cell"></form>
<img aria-*="input" disabled="0ERjrCBqIP" id="cell">2C4vE 7PMzA ITCJg 2x4Ts eHH4l </img>
</h2>
</p>
<table data-*="option" onmouseover="footer" readonly="footer" style="image">sRM1X G2ozk <th disabled="main" onclick="button">9rgdQ twVOf cchhR <h3 class="content"></h3>
</th>
<input><form alt="input" onmouseover="bkkLj2t6Kj">bjiPG 2XwFD gGp4L 42q68 dY6p6 </form>
<span>1Dqvf Q22xU q5Ego OfNkS 0htk9 01jDO BH94M u7gST </span>
</input>
<span readonly="option" onmouseover="link">owi5Y MAVm9 0yONy TtRFk T8gIx </span>
</table>
</a>
</th>
</html>

Error: Cannot invoke "org.jsoup.nodes.Attributes.get(String)" because "startTag.attributes" is null
-----------------------------
HTML:
<html>
<div><select type="image" title="vAp89SdF2e" data-*="Nrf8CcO6nN">tcARL cHZNP </select>
<th title="form" class="header" placeholder="password" placeholder="image"><input id="NrxxiLejb1">SFxqE kEJad 75b5M </input>
<p alt="table"></p>
</th>
<table>zWd9X YAqQR izaOl nCk1F u78Hq vlRyK 8QRMD <img value="header" href="footer" readonly="link" placeholder="main"></img>
<button>v0LzB 0liwX oPjKH qKP3N zS8oi </button>
<input></input>
</table>
</div>
</html>

Error: Cannot invoke "org.jsoup.nodes.Attributes.get(String)" because "startTag.attributes" is null
-----------------------------
HTML:
<html>
<table onmouseover="cell" placeholder="AgRqxCknZt" data-*="ofVvKzXNI8" placeholder="76xEBvfuJK"><form href="button">YeOBs R51Pf <th alt="header"><img href="table" readonly="image"></img>
<form style="checkbox" value="row" title="link" readonly="checkbox">0QZk6 9PKJp HQn2k </form>
<button>R1Do7 FVyiG ydETl EWAM7 mKu4P eXGZn OZ6lK ESExZ </button>
</th>
<input><p readonly="checkbox" onmouseover="option">v0OZX jmgk1 2kTqI cy64E zj0jJ WIxQ5 oezFE gdYar UgOhC </p>
<table onmouseover="image" placeholder="text"></table>
</input>
<div onmouseover="image" style="link">Z5ur8 CD14c Ju0qp DUSHc pTYHi nAm7C QOM0L Q3u0Z UXsDb erVTO <button style="image" aria-*="image" role="input" aria-*="header">RTpQq RMugE t27dq fYM69 KDD5q PR6nx TNCkA 3G3Yx </button>
</div>
</form>
<table id="input">AAWSj s1x4A utRJ3 7TRb2 <h1 aria-*="image" title="content" data-*="text" class="content"></h1>
<th role="NGITMZlzia" href="link" value="link"><ul type="vCEB5KY7Tq" title="select" disabled="input" title="a9m15ZfMhk"></ul>
<table readonly="link" style="image"></table>
<option></option>
</th>
</table>
</table>
</html>

Error: Cannot invoke "org.jsoup.nodes.Attributes.get(String)" because "startTag.attributes" is null
-----------------------------
HTML:
<html>
<table type="checkbox" onmouseover="option">lxRUC ktnCw 5lNuS RAxpi adJ0x bLm6i kJt54 PpF5m qRxN4 LKWUr <img>ipeb0 iBIff CTwEg B8w2T OUgQC m0DtS Cp1lL TiDws ZIUk3 <input><div></div>
<p></p>
<option style="button"></option>
</input>
</img>
</table>
</html>

Error: Cannot invoke "org.jsoup.nodes.Attributes.get(String)" because "startTag.attributes" is null
-----------------------------
HTML:
<html>
<table title="main">YUHcQ iCEV8 emWqj V3tTg 42UiE lelrh W2oD4 sgeGv x42vB AZGwO <p role="waoenzpbx1" type="option" aria-*="form">umvV8 3O5NZ MZrpA 0j7Vx bXlwH <form id="text" src="form" value="header">iVqzM 7vhjG VhiAK FBuTr ynnKF 1G1GL EBSL8 L0Rb7 6wIED <li title="footer" readonly="table">dN6Gs yuiEe yuAFY b4c6v gf4aZ c79Vq nhmug DOoWc UEicS SKFiz <form type="main">9oPS9 LG9ic dcRFO 365Xh SHMmc syGsw 3hZg0 UdRmp VXIv8 m2pGm </form>
</li>
<span><tr>SokRD KiQFk JwPWv 3241D MKdbu TtCTG s9tVn QDDni </tr>
<a onmouseover="password" type="input" onmouseover="password" id="8dJNowzi1h">4SgnM DwRb9 Ko13R </a>
<input></input>
</span>
</form>
<span type="password" class="cell" title="text" title="cell"><table type="footer" style="header" href="checkbox"><a class="header" value="table" placeholder="option"></a>
<h3>YU9sf UhnqT </h3>
</table>
</span>
<h1 disabled="password" onmouseover="footer" src="table" role="select"><input disabled="select">4wL4J 9YaEp wvvxv </input>
<li data-*="content" placeholder="form">bF30d qRP8n <select placeholder="checkbox" aria-*="content" src="image" disabled="image"></select>
</li>
<table placeholder="link" style="table">Op0A8 2Wt5P yXKfw mYgUQ <span href="image" src="cell"></span>
<img>IGWLk ISvMn fexmU nPihF Mm4qJ RxLvX b81MQ msJR8 DYvcQ 5u8Dk </img>
</table>
</h1>
</p>
</table>
</html>

Error: Cannot invoke "org.jsoup.nodes.Attributes.get(String)" because "startTag.attributes" is null
-----------------------------
HTML:
<html>
<a onclick="k6wIf9SVsd" onmouseover="checkbox" href="table">kEB8S Nq4av ZgUis Fl8OH <table href="content" src="option">F9GIZ cCZ07 NSaMe qgB36 BNsUE <h3 id="row" type="main">5lJOB WuigO zeLtC KbagZ kfTzj htFqh 9tuw5 5lcAa cuIBm eEVO2 </h3>
<li disabled="footer" placeholder="image" style="qLivBu0wxz" title="row"></li>
<input>TXAr1 5fUJ6 YoZtu 5xVN6 gyu8w </input>
</table>
<button>7r0T2 2n6Ip CGzCG </button>
</a>
</html>

Error: Cannot invoke "org.jsoup.nodes.Attributes.get(String)" because "startTag.attributes" is null
-----------------------------
HTML:
<html>
<table title="table" disabled="1nObSWmARl" value="input" onmouseover="footer"><option type="main" id="input" href="table">qtRJg CJIap nR7OC ePr4G </option>
<span readonly="link"></span>
<input>QnOGL GVWgG </input>
</table>
</html>

Error: Cannot invoke "org.jsoup.nodes.Attributes.get(String)" because "startTag.attributes" is null
-----------------------------
HTML:
<html>
<table alt="image">8oPse HTGy6 mKWvZ 3SqFc 1iOnP dE6Kp <input>GXYuq 5WABS </input>
<h1 data-*="image">0WwHK dss0c </h1>
</table>
</html>

Error: Cannot invoke "org.jsoup.nodes.Attributes.get(String)" because "startTag.attributes" is null
-----------------------------
HTML:
<html>
<option role="row">lHlSb DmEuM ihH7O PfcEr cfpDx <a role="image" value="password">sNuS8 GXs2e 9jFqb S1M3j ssz6U 7fwXw fCzTO o0dpe <tr data-*="form" onclick="header">PkUou sTE9N 5rdEg H8lyw 1mmSt 2RyBM vxhqV OPesY yLR6H NBIUF <div aria-*="checkbox" href="cell" id="text" title="link"><button href="form"></button>
<a id="image">H7M8h FmgAg VTbhz gzKBx QFpsA V2SJ8 </a>
</div>
<table></table>
</tr>
</a>
<h1 style="row" id="WBSnZtYn86" placeholder="lNdKF2cu8k" value="text">KER74 IeA3l p9B0x Uy1MR StOmQ b2s1J IV6zt T5gqC TgQWr oPIBT <a placeholder="button" onclick="option" aria-*="option">yGSTb w4sF2 Pxkyx <span placeholder="EbB1NiWWzV" onmouseover="option">qNyeV ET9aV VVOrM PpLwl aLKGA uvYab kHtrD u7mxf yh8Jh <tr aria-*="kcoNknJO1j" aria-*="option" alt="link"></tr>
<span placeholder="cell" data-*="option">IsQSQ Rby7m TU1ld xnsQF </span>
<button alt="footer" aria-*="checkbox" type="link" class="footer"></button>
</span>
<div data-*="0cpuiih9Rt" alt="CxrGr6stVM" disabled="form" disabled="option"><option value="main">wKoPW mGtRU </option>
</div>
<select alt="image" readonly="button" onmouseover="link" onclick="cell"><div alt="text">n8ivf 1aBsy </div>
<form>RNruB Je4Q8 </form>
<select disabled="main" class="option" onclick="wxwox0M2RT"></select>
</select>
</a>
<table class="input" style="input" id="header"><input></input>
<span disabled="table" onmouseover="cell">TMSFF <a aria-*="Tkl6lURxyM" href="option" value="input">m3wf3 </a>
<img href="checkbox" disabled="header"></img>
</span>
</table>
</h1>
<option onmouseover="content"></option>
</option>
</html>

Error: Cannot invoke "org.jsoup.nodes.Attributes.get(String)" because "startTag.attributes" is null
-----------------------------
HTML:
<html>
<table title="header" id="FPnJprhPt4" value="cell" style="checkbox">NwEba PFWz9 PwWPw K5bPO b24in NFenG <ul>tDMub UTIs2 NkSQQ h6alF GG7Zp <tr style="image" src="button">W3GUJ <img type="text">a7o5M f7UDC p10uW nO2Qp lqKDZ dG7Ja eSErR PrW3l <select value="main" href="checkbox" alt="row" title="select"></select>
</img>
<img href="input">LeGAD VjkCH H03fB OsCDO 4YnZt <span href="row" readonly="content">p8oni GJuId wZLxu 9dT7l 0zjd8 f9sD8 p7OaT cizpH lViW9 ZN8K7 </span>
<h1 href="text" readonly="button" class="row"></h1>
<form id="checkbox" role="button" title="content">gukWT yxbkZ qwoq3 0otSX ZitC7 Khd7u </form>
</img>
<form data-*="main">6nVvi ISkra RKJ86 hKu8x <span role="footer" aria-*="content" type="form">fuDJP kDnXa xyKcI Y0zSX s1KVc t1lZn QkpMo eMVVw </span>
<input href="table" href="option" href="password" title="content">ovd6g 3cmhq OeDFn LMHgr fNNcM ntk5F l70Fx 8SUav kqvdS JX3jM </input>
<td onmouseover="checkbox">Mlhg0 VdmKi OtqzL 69nSr rRZwb 2gsc2 fnIKE QlBNP QLdt6 </td>
</form>
</tr>
<form title="checkbox" type="text">tKjsG B41A7 Nmeja smf65 eEyMZ <h2 alt="select">P1zpr M3i4t NBp0H MJ0cm MLcwF f9IzO lESZF <th placeholder="checkbox" alt="checkbox" title="input" aria-*="password"></th>
<div alt="content" src="cell" readonly="row" class="select"></div>
</h2>
<table id="main" src="checkbox" type="content">KrQLT AA70b <img disabled="nZw8JnRGig" src="content" onclick="form"></img>
<button id="cell" readonly="option">SFKKu MpKMA pEJNP HdTbG hYOib vir0Q p2kTc q2dJq </button>
<input></input>
</table>
<ul readonly="input" title="row">NY9Ap O08xA KlpoI <ul value="form" alt="main" alt="footer">2OqVn ReC6s 8Kw5N 77OwD XNpGI Kp838 </ul>
<option id="form" data-*="sKmg1R4YPH" alt="link"></option>
<img disabled="select">5aE4T jiasY EcRsw h2BFd Sl6kM bs5aD h9ZJu DBA0o </img>
</ul>
</form>
</ul>
<h2 href="header" title="password" placeholder="row"></h2>
</table>
</html>

Error: Cannot invoke "org.jsoup.nodes.Attributes.get(String)" because "startTag.attributes" is null
-----------------------------
HTML:
<html>
<button id="b7KCza39zm" onmouseover="footer" type="button" type="main">vIHOJ BSSRW lhOhs bCazN Rjvqk PX6dI <table onclick="text"><div src="table" alt="button" src="footer"><input>xDDWw </input>
<h2 disabled="input"><td data-*="FtFn3jee9t" disabled="password" title="select" onclick="checkbox"></td>
<ul>KSk8a LfFSp WQpvb va06S </ul>
</h2>
</div>
</table>
</button>
</html>

Error: Cannot invoke "org.jsoup.nodes.Attributes.get(String)" because "startTag.attributes" is null
-----------------------------
HTML:
<html>
<option><div class="footer" value="7F8sNxdrsb">wRo0J bDJJk bwyKP 36oyB U3tiT UE69F xUre9 QN6EU uoaK0 <th type="input">yf3Kl Iss5G WxMCL jLMoR Uhpdc aI4ZX 3BJ6e <option class="option" value="checkbox" class="header">m4XdA mYSIh ZCj1h ipY22 wG6Ih MDZGI 5Ny2f wzINs GxFu6 8YlQi </option>
</th>
<tr id="main" value="password">RUwMg zqTZ8 evZ9l kY5bd E3FPQ XGljS <table alt="link" style="footer" type="option" title="button"></table>
<p disabled="HYTy7y8dRs">ajuWb h1mwg SnsA2 rt19x 9PccC CwDoN r5rKG qunOq uYwBp </p>
</tr>
<option value="YMf7mmAx3F" data-*="checkbox" aria-*="form"><td role="6vVBtdVHny" onmouseover="image" placeholder="row" role="cell">M5dTd </td>
<input></input>
<tr disabled="input" aria-*="tUZ5lx1DK4"></tr>
</option>
</div>
<h3 href="main"><table alt="select">65BLo mJziY Am4dx BPjEa 6FB3A LmDeH HKWsF rvvIf <input>8SQIq 9l1wT ytwKc </input>
<span style="footer" href="row" onmouseover="text"></span>
</table>
<h2 value="content" class="row" id="rl5kwXsGaH" readonly="content"><h1 data-*="NK53NiZmXE" onclick="voSXTLAr5P" style="table"></h1>
</h2>
<td onclick="main" onclick="footer">fC4hy YTdea lMV1h FJeAu nO7zl iQMEn sctRN DMLNv 4dyaQ <p></p>
<h2>7tsN2 Gp6Dc qQy7e M99Xq qeAwP U2uQI JQOmO </h2>
</td>
</h3>
<input alt="table" aria-*="text">t2cFB 6Pn5O wN2YO lXmqo nZGla <form data-*="uTL7tqu5Yk">3PWa8 HFzwu <td disabled="link"></td>
</form>
<form onclick="password" readonly="password" href="image" onclick="input">0MAAZ TVGwh x1tb8 4Kx8C RDYxQ sDjpK <tr id="form" value="footer" alt="input" alt="option">1taa4 xf43p JGrKI BiqL4 </tr>
</form>
<a role="button" src="form" type="IQ1Z4ywjx8"><table disabled="uttIon8wEf" aria-*="link"></table>
</a>
</input>
</option>
</html>

Error: Cannot invoke "org.jsoup.nodes.Attributes.get(String)" because "startTag.attributes" is null
-----------------------------
HTML:
<html>
<li onmouseover="select" placeholder="checkbox"><table><input>R1CSI jaVNM u3E4d </input>
</table>
<span alt="image" alt="table" href="row">OClGh d7T4F MHjz9 WT41W IFFvZ </span>
</li>
</html>

Error: Cannot invoke "org.jsoup.nodes.Attributes.get(String)" because "startTag.attributes" is null
-----------------------------
HTML:
<html>
<table onclick="table" onclick="image" type="button" disabled="checkbox"><input href="password" title="link"><input type="checkbox" type="content"><h1 aria-*="password" onclick="form" style="main" readonly="select">b0nK4 czPKQ xOcKJ iH4UG Kg99q eUV8y uRrna <select alt="image"></select>
<input></input>
<li></li>
</h1>
</input>
<input>AEirs 4VseB <td disabled="hyCGVMY5ly" readonly="button" placeholder="text">7GESy 9B1u6 rh6Zs BhR8a CS5Ff 2Uz4t tRDX6 </td>
<a id="image" title="image">exQEm 1ywgN A3qK3 abvSY T2bFy <p>GLgOf kc2ae tkSgD v3b1b l46bs xi2JA KHa9K TzrdA </p>
<td class="button" onmouseover="ZhLXp4KcvY" onclick="option">zZ4bE MoZJG mgZUt 8m7Jz pj3Dx </td>
</a>
<h2 role="EdORP9VjWU" onclick="checkbox"><option></option>
</h2>
</input>
</input>
</table>
</html>

Error: Cannot invoke "org.jsoup.nodes.Attributes.get(String)" because "startTag.attributes" is null
-----------------------------
HTML:
<html>
<h2 value="input">pISQw liMpw IEPGM grcKn <table role="input" role="row" aria-*="input"><form data-*="option" type="hXbOCk6V7T" id="cell">XsQqW OdL0g fyvCm bNMfB UH5kk JKsyc </form>
<a readonly="row" href="content" id="content" onclick="button"></a>
<h3 src="5mP0ax8jrO" disabled="input" style="2sPLTdSMy0" src="form"><input>4Vvlw IwChp N8VLd QGKKG oNbVZ Ekwbd CMi0W G2KoU ZS6ag <td onclick="checkbox" data-*="AQvgPt88uX"></td>
<div type="j6KG2m67mj" type="table" alt="password"></div>
<table disabled="select" role="mYxgbagtug"></table>
</input>
<img><h3 readonly="option" aria-*="button" data-*="NC9wHlNGAx" role="header">w1HQd v9IzK 8da0W o3FNE 8SkRC sVnun Ltxvy KW5Zi 0s1Pz </h3>
<h2 onclick="main">KA7Dj 4TkCU </h2>
</img>
</h3>
</table>
</h2>
</html>

Error: Cannot invoke "org.jsoup.nodes.Attributes.get(String)" because "startTag.attributes" is null
-----------------------------
HTML:
<html>
<table>LAEkS sUv4p hVTQE CT0sY <th role="table"><tr value="row" style="cell" style="table"></tr>
</th>
<tr>5ED0L iVxK7 uxpMU 9Xu0Q <p onmouseover="option" placeholder="text" href="content"><img value="footer" alt="input" readonly="content">CRHs9 ufASo ZIWcY rlgap </img>
<option><span></span>
</option>
</p>
</tr>
<tr class="checkbox" role="cell" aria-*="form">vEnTb Osn2q Ljaev yK9MJ Ql5Ds EFhL9 <div id="password" alt="text">0V9l9 ekw8R IF88j Reu4d 3B6cn dwD65 <li class="table" placeholder="text"><select value="QNPnPMoNrK" src="input">Pt6x8 5SbrO cD0XM L80DD </select>
</li>
<h3 title="xCyswrAG54" id="form"><li alt="header" data-*="input" aria-*="form">eT6V4 PVLdL Nvofw w7YW4 BwuGJ Kn5vw GyD7X e1fda </li>
<input>1zTid pe9Lt OaTh0 myquD </input>
<a onclick="password">u8xzx c0bfq jprf3 bBEwN pAWMV DsA5P ZsJrV 1pZwI </a>
</h3>
<input id="content" style="content" disabled="link" title="checkbox">h6vxf 5sMkR 6VCmP ip6lR QjhhL 0eFpK <tr aria-*="main">7ehvA X9Bij HFPcP tWjMj DHvwa tWVQz ZmJna dTrCy sebgZ eMV4Z </tr>
</input>
</div>
<h3 readonly="input" value="table" aria-*="header">fOqwZ Wzsgb 7jrPT pXkyp akrBa B8RSu Am4w4 JlhWi XdKfc FzkuC <h3 type="FF6uS4GeRv" aria-*="password">aZ9eZ 1Q9lC gd2CR nezRE PM04Z t9Qjc <td style="row" type="row" aria-*="cell">ZXJRk kKuY2 YpSfG 3Q4yD pgr8G v5XT9 jAC16 F1PoS </td>
<h1 class="footer"></h1>
</h3>
<span type="rnI6uOmjsK" data-*="header"><option type="text" src="gpTBPUv2qS">fYSqT Hi0JT Ht2FN 5FSbJ 0OrvG wPzsW uXzgc G5ud4 JdM8o </option>
<a onclick="checkbox" role="D0f6EdoPjl">homBE jVDBJ </a>
<form value="header" role="select">yO2VL 4utyt a9TwO hozTC I3PKj 1rG6o JywzP EMsbI </form>
</span>
<li disabled="main" style="table" id="checkbox" onclick="OvTXqzek6F"><option role="table" onclick="table" href="ZsEnFjitkN" value="header">ofq3L TxMFL KD1TP ZtLCF eRTwB </option>
<h3></h3>
<h1></h1>
</li>
</h3>
</tr>
</table>
</html>

Error: Cannot invoke "org.jsoup.nodes.Attributes.get(String)" because "startTag.attributes" is null
-----------------------------
HTML:
<html>
<table onclick="link" role="option">c5N67 KJBLU NVpUq 1lj8Y WVssf 6XV5U o8nqY 6b5wh <input>q5Hpb bmq8A AmiWX c5kXx 5zZ5K mN2Vy oBWXC <h2 aria-*="2wFh3GX5XS" title="footer" class="footer" href="button"><li></li>
<img title="table" style="cell" id="option" title="row">gQTpH GYe3C m6euY FGrXw IkQiW </img>
<span href="link"></span>
</h2>
<li aria-*="select" id="footer" id="Nf0UsmNygZ"><input src="zru7F4V7Z8" aria-*="text">pfZN7 LswtY NiiJW k7uSg 4DN53 Wfvdg </input>
<td style="content" aria-*="row" alt="table" value="select">7Kq9s vNBEf Bty7n VFgCE eS65K GeqpB aVlSr LZ0U3 HyYte pYMgS </td>
<h2 onmouseover="cell" title="header"></h2>
</li>
</input>
<li src="footer" onclick="image" id="table" class="option">HrAxd U6DSG Sv4Td <tr title="button" onclick="input">XbJ87 <li>COXO7 LU56R sBd4m oakCV RjCcq wl2vA o0GgO </li>
<select>oJHeQ YFxRS cSy3G z669k UbZMH dL9x9 s6iOX Aspqi 25UDU bJf9a </select>
</tr>
</li>
<tr placeholder="password"><h3 id="input">rZP95 mj8he c455M SSwW8 </h3>
<td class="table"></td>
<input disabled="password" disabled="image">SFkbG PHhro <input></input>
<div readonly="image" role="text" role="row" src="select"></div>
<input>weR4A QRC3Q JeYec EiVdN a3acX 8YFX2 FlxD7 eQbsM TWBjx 7kzTn </input>
</input>
</tr>
</table>
</html>

Error: Cannot invoke "org.jsoup.nodes.Attributes.get(String)" because "startTag.attributes" is null
-----------------------------
HTML:
<html>
<table id="row" id="cell">XJszT QpkQp WbuqQ MRJb8 <li aria-*="main">hC2vh P4NXy UbzDF zR2QL xccIH QARNk ZDVWK <tr aria-*="cell" value="text" readonly="form"><input></input>
<a href="image" disabled="image" data-*="input"></a>
<option></option>
</tr>
<button aria-*="text" role="table">TsTS3 puy3f mJMgS WixaN JhWai prsFd <h1>lr6ij 1tRMb </h1>
</button>
</li>
<table disabled="footer" aria-*="header" type="X37c8g3oH5">heOuU sqF4P yD8pT 6ern1 bCAt8 iBi1o SK6Hj EfQ48 z0DKG 56M6b <h1 placeholder="input" onclick="row" aria-*="password" type="button">udthe X4Ksx q2lIc FPnfV Pc0Zv xHCSi xLsrt <span class="table" title="table" aria-*="table" title="art6wOmGhC">KK7xh 7EHJ8 </span>
</h1>
</table>
</table>
</html>

Error: Cannot invoke "org.jsoup.nodes.Attributes.get(String)" because "startTag.attributes" is null
-----------------------------
HTML:
<html>
<h2 style="WSEIOJ5OI4" placeholder="table" alt="content" data-*="text">u3Ug1 rQrE6 PQWf7 lSScy 7q0WZ BPFNB <option value="content" disabled="fvySMwtYK2">QeSUU GZpsg iR1fN BfeHh <table placeholder="main" role="option"><input style="option">
<p alt="footer" disabled="cell"></p>
<input>
</table>
</option>
</h2>
</html>

Error: Cannot invoke "org.jsoup.nodes.Attributes.get(String)" because "startTag.attributes" is null
-----------------------------
HTML:
<html>
<h3 readonly="content"><option><div class="xdKGq9ITII" id="main">DFPGE fAPl9 EwVKj <li role="table" style="button"><div onmouseover="form"></div>
</li>
<span>bcydZ UfL5d SbOdI <h2 id="row" readonly="select" aria-*="row" alt="header">0w6b0 </h2>
<ul role="link" value="button" style="input">fHp97 </ul>
</span>
</div>
<table class="link" disabled="password" aria-*="table">huagp KTMQZ <option title="row" data-*="content">wRVkE EJF6y <span role="table" onmouseover="input">2aJS4 IIxfE Ws7W2 NLAa4 01quq YY20R </span>
<input>
<input>
</option>
<div aria-*="table" placeholder="option" alt="content" onmouseover="D2expQz0Xa"><li role="text">SDRgT </li>
</div>
</table>
<table aria-*="link">ar4Rj 6PTKb uDAhg DPxjR 8QlIB xhXTO cWYwf <h1 readonly="lja5k7v5j5" alt="checkbox">AolXo JgDQY iZJcA <h2></h2>
<li onmouseover="link" onclick="button"></li>
</h1>
</table>
</option>
<tr><h3 id="main">SGiJu 5dTPm </h3>
<h3>jlb8B <span role="main"></span>
<tr style="cell" role="link"></tr>
<table>v8uf6 Qrhqx mpuZy OSgnZ ROxOL 49IHd oOnFU XuPKF <a onmouseover="option">4VYso Z3bxL qSUyq n3xp7 JOMsN yFTkc LGZoK QdfVa iChMa </a>
</table>
</h3>
</tr>
</h3>
</html>

Error: Cannot invoke "org.jsoup.nodes.Attributes.get(String)" because "startTag.attributes" is null
-----------------------------
HTML:
<html>
<select title="header" title="cell">Yc16N KdFVn 3Vcom wVliY iJSmw aAfvK PoOc7 f7yU9 3DzYx <th data-*="table" placeholder="checkbox">0fThp ljr6K TFCA0 m8PfW gdmQZ cwXCJ aJEUB <h1 readonly="content">F0oQl xbsLq Yph4h WBkho oCnSX dFTGA <th></th>
<h2 disabled="footer" onmouseover="link">S7ILS f0yGn UHpKe 8IufG xHZxt OTCFN jscqg nzLmP <img role="text" disabled="table">
<form></form>
<ul aria-*="cell">7bOAB Ch6ui kaeVW qemBp vKjHA sK7Uh 9A3yG BUITO </ul>
</h2>
<li onmouseover="checkbox" onclick="input" disabled="input"><h3 title="1nQJXoBwvY" aria-*="jeenDjStQn" value="9sC20PmPAu" class="row">VSEP2 NUmJp LyxRB WpoL8 VejC5 GInye 4wvGt </h3>
</li>
</h1>
<h3 disabled="table" alt="row"><td data-*="row" role="footer"><input id="header" id="content">
</td>
<ul class="table" readonly="main"><ul aria-*="9mdZ6ek0qk">UB4L9 zfY9H </ul>
<h1 class="image">APmdd jUgFI dA1WF 6Wi3j 1QOYF h4MXW Gm8EI </h1>
</ul>
<p placeholder="button" value="option" onmouseover="BUaAIu3lrl">9GXf4 K26wK <li>Im2Mh 7WuYO dVjuq </li>
<tr class="checkbox">jYbOm sgYqK 7V5Lx </tr>
<input placeholder="checkbox" class="option" aria-*="input">
</p>
</h3>
</th>
<table>Ftkt8 5EHQU YTw2W maERE <form class="checkbox" alt="zv99ludd2J" onmouseover="text" alt="checkbox"><th><span onmouseover="row" value="password">XDLHu ygNGn ns3eb Y9PVo </span>
<span id="link" onclick="checkbox">gEs2Z 1S6Qy uxiSh Lb4Z9 MEmdz DLHOE GoqIS vYnNL </span>
</th>
<p>xRDTm gYQBn fN6Fs Jexks 2cB9H PYHtV <ul id="text"></ul>
</p>
<select readonly="row" alt="option">eV6qr jHvsr VRkIU j5x9a SsESR 9BAHI </select>
</form>
<li role="table" readonly="footer" readonly="header" alt="row">vFMic E44X6 YKNoj zddbN R5uH0 ETXnZ 9uRje RMyGk 5m8XO xiK20 <td title="form">YdfD5 cQK7f <div disabled="cjsf74FDth"></div>
<a onclick="cell">w71dM csq8R ZQS8c 914vB CkmI7 H5b41 w4w95 wfdh9 rnqtJ </a>
</td>
<span value="header">mCxl0 xnchA iPGbY 63yTb JlLzi hn1VH zRqq6 ah66E <input>
</span>
<li role="input" onmouseover="image" title="select"><tr onclick="row"></tr>
<th onmouseover="main"></th>
<tr>VDpEY jarQ6 STny9 75VW8 sxaqv mAkaY RG8gU YNnT5 PC4kA yU7MV </tr>
</li>
</li>
<ul>c8FJq whlyH oA0ZF oozu4 mYqlD 7VJbk 0oyvY bx5QG qtvoR </ul>
</table>
<td onclick="main" style="checkbox" disabled="image"></td>
</select>
</html>

Error: Cannot invoke "org.jsoup.nodes.Attributes.get(String)" because "startTag.attributes" is null
-----------------------------
HTML:
<html>
<select alt="option" readonly="content" class="footer">nBIFe <p class="footer" style="button"><option>Hz719 b1HFN sWwOX ijlc8 3spJP t7eKa rq74A 8kZVN <input alt="text" class="header" onmouseover="table">
<h2 alt="jyfkoymze2" placeholder="select"></h2>
</option>
</p>
<h2 aria-*="content" id="button"><div class="password" alt="text" role="6qaEV83xQL" disabled="content"><h1 readonly="link" class="header" role="image" title="password"></h1>
</div>
<h1 data-*="row" id="image" onmouseover="checkbox">LRRJ2 NfIm8 eE3DM rHh68 </h1>
<table placeholder="text" readonly="checkbox">B5B4b pCSoc q4ELm wCM89 I6AVI JZ9BR mUBLO k1e9U xJtHG <button></button>
<h2>Uf7Aq oJAEp </h2>
</table>
</h2>
<div onmouseover="input" alt="form" id="content">Bb7cu <table style="GiXYVEBiUW">CR6tf 2ZQxX RDZsZ VaTCn 6ufgW RPnvl tEZs3 <p role="select" disabled="footer">hBcxA lR22w TNBLi mOLHf FUqiM pYBKg zbjz4 hlaoG G0uge </p>
<input>
</table>
</div>
</select>
</html>

Error: Cannot invoke "org.jsoup.nodes.Attributes.get(String)" because "startTag.attributes" is null
-----------------------------
HTML:
<html>
<table data-*="row" value="footer"><tr onmouseover="image"></tr>
<input>
<p data-*="header" readonly="content">eH7J8 DGK0M </p>
</table>
</html>

Error: Cannot invoke "org.jsoup.nodes.Attributes.get(String)" because "startTag.attributes" is null
-----------------------------
HTML:
<html>
<table role="main" placeholder="table" readonly="table">sw4v1 YmlRv tJ0Zh RXkWR rBowt 7tCKm Xq2xa fGcLj hQl0V 1umvN <h1>G9KO6 b7Khu MDjuh jiD5p apTlm wcold CZMgR AznKH 44TwN nIyWT <span onmouseover="wYyphbtwmD"><li alt="select">k8pOP th6VK VEt1T 1Xc9S IwUJr rRhcC <form class="content" role="input" alt="form">ZeJiD f47lt Ge4hR 0qsEh LYeuu UdFnF TtOAX RXqRs v1x91 </form>
<input>
<th role="option" placeholder="image">rCCtA 5IKIr Z5wT5 Fa7s3 FnUcU Ob1zf </th>
</li>
</span>
</h1>
<ul><form disabled="row" disabled="select" placeholder="row">mW21o 1pkXq W8Kfw Fd0or SztCU z0laq VhgM6 Qs9vc <button onmouseover="image" onclick="table" disabled="table" role="main">TxP1K ob03L cYkVy <button id="option" placeholder="checkbox" value="input" class="link"></button>
</button>
<h3 value="header"></h3>
<a onmouseover="header" readonly="button" src="text">q9KLy puCNR 8U7nK dYGo0 udLhu 182Ak P8pQW cyA6S DnxFW <p style="checkbox" title="cell" alt="table">14IeE TUm0h </p>
<h3 data-*="cell">4gVoC </h3>
<td placeholder="main" disabled="checkbox" style="text"></td>
</a>
</form>
<tr aria-*="text" style="nbwiXJHkSC" role="main" style="footer">RilVN RPAEO G9cOC jvpg1 ayvKj aqJ62 ul2CD tmbak <h2 readonly="header" aria-*="form" alt="link" value="image">vLiNm Rpz9f YTYgk VQzOT MxZJ9 eBEQt FwEfI fMjyO <h3></h3>
<span onmouseover="form" alt="header"></span>
</h2>
</tr>
</ul>
</table>
</html>

Error: Cannot invoke "org.jsoup.nodes.Attributes.get(String)" because "startTag.attributes" is null
-----------------------------
HTML:
<html>
<table value="cell" id="text" readonly="link"><form value="P6FKKuAdbb"><select id="YEP0JC2qMP" readonly="table" aria-*="main" style="row">WQZgW YPAZN t1yHV Xa5nA e2OPN 7ClJz oz200 LkZ7U z63E1 fcCcK <input>
<input type="text">
</select>
<option onmouseover="checkbox" data-*="content" value="content">G4eXM <h2>0z72t V1FFT MeuOd </h2>
</option>
</form>
</table>
</html>

Error: Cannot invoke "org.jsoup.nodes.Attributes.get(String)" because "startTag.attributes" is null
-----------------------------
HTML:
<html>
<form><p id="n94n5lWO6t" placeholder="cell" class="CuvLY5FVTX" id="image">vO5AK CPYVq jBzq6 i3ROX aU8gS 1tXSV <button title="KEvLQvzNhT">qUeyZ HByuu Fgods bGwqs kt8V2 <th>IqhjM QKu4A aJAYA </th>
<li style="row" readonly="table" placeholder="cell">jXymq uE17I <option data-*="cell" class="AOA5c7pjCD">e5Lge Y2OjR p6yGv 3Jwy4 v4KXf 6W9wP BP5aM xBzih </option>
<th></th>
</li>
</button>
<form><p readonly="link" onclick="main" value="row">kGVYz 3VIm3 xzdtX F3oiS uNISV ToDqQ YD7XG <div value="input" style="select"></div>
<h3 placeholder="select" alt="cell" title="text" value="text"></h3>
<p disabled="text">LdbK0 MGa5w 4w8fA RFqn0 sXpbf fUJcq eir3X UO3JY rVpxo </p>
</p>
<img placeholder="text">
</form>
<table>0d5kr 8uPIV gqbkP LOh71 2qaaM DOACH sOksd <tr data-*="text" onclick="content" class="mzjSfcwLZO"><a onclick="image">dm7IB v7LhN PbYkh Ke3dz aJR4K 6SC4p zFRXH dt78o Nha8J </a>
<td data-*="image" onclick="row"></td>
<span alt="image" value="table"></span>
</tr>
<p><th>C0tO9 L9e1x NvQxl </th>
<input alt="password" readonly="ZOnNdhLpAu" style="link" class="checkbox">
</p>
<table class="row" onmouseover="footer" onclick="link" id="row">eGnkE TQdE2 0IGiI 0H3r2 acRDA PoVDl <input>
<li title="password" data-*="footer"></li>
<select onmouseover="content" value="BdemGSc4aG" aria-*="checkbox" value="haJNfJOT5E">WSkyR kpGC9 cQSqP </select>
</table>
</table>
</p>
</form>
</html>

Error: Cannot invoke "org.jsoup.nodes.Attributes.get(String)" because "startTag.attributes" is null
-----------------------------
HTML:
<html>
<h1 style="option">Cif9E <span><option placeholder="link" alt="row"><tr role="cell"></tr>
<a id="footer" style="input" value="table" role="main"></a>
<span aria-*="form" onmouseover="option"></span>
</option>
<ul value="input" disabled="input" role="checkbox" aria-*="option">9AsAi 7rHRD </ul>
</span>
<table title="image">BTiOi 7fBAr yqq9h znPGs 1WAFA iIPlr r4uNk 7zzm0 qzjh5 pk6Cw <p alt="text" value="content" role="table" readonly="row"><div readonly="content" value="DEiRulSSnn"></div>
<h1 aria-*="cell" role="checkbox" class="header">nDqEv 5ax5C pmyTY PnHrC EFEyo </h1>
</p>
<button readonly="16FcHKPcMK" class="checkbox" onclick="header"><th id="3VqekXlUoj"></th>
<div>5hdwW R2tqN Cw0Kr vOIJR inPHJ </div>
</button>
<li class="main"><input>
</li>
</table>
<button disabled="password">NjylL xRraw 5e2gC bwdTf judh1 <input style="text" id="content" readonly="cell" class="password">
</button>
</h1>
</html>

Error: Cannot invoke "org.jsoup.nodes.Attributes.get(String)" because "startTag.attributes" is null
-----------------------------
HTML:
<html>
<span class="header">0PcHn ZJ05E yHq64 Tr8j6 NTQJA 4op0B <input type="password">
<table title="footer">Fm9p6 dlcUa CYdoX 0T48x <a onclick="main" title="table" id="button">f4fUI 69E49 66pPk 5bO0B qBdQF RpKFd jgoyL ovYnu <input>
<a>pU09w MyDj1 7F4oJ </a>
<h2 title="password">fcKFV pmHiF 7J5Hp 5NZNH Z5FxU 11TwB ZrvZ8 XLWDD NB7AO jCe8B </h2>
</a>
<img>
<select><option>SB0Rq rwOql 1rVov xDGSV C0Oam 0rQey </option>
</select>
</table>
</span>
</html>

Error: Cannot invoke "org.jsoup.nodes.Attributes.get(String)" because "startTag.attributes" is null
-----------------------------
HTML:
<html>
<table placeholder="text" class="image">cmr5G <option readonly="papDlb89nB" onclick="image"><div disabled="password"><input>
<img placeholder="header">
</div>
</option>
</table>
</html>

Error: Cannot invoke "org.jsoup.nodes.Attributes.get(String)" because "startTag.attributes" is null
-----------------------------
HTML:
<html>
<span alt="select">dO6CP e6K33 Y9mJs ix9yB Kvpr0 Ru7iv EwrEq <table>8FpYx blJSv <li role="select"><input>
</li>
</table>
<h1 onmouseover="cell" title="form" data-*="input" style="row"><tr placeholder="image" readonly="BmlUwtP6ud" readonly="password" data-*="h73vAbMuI5"><td placeholder="SdTpccZfJE" onmouseover="button" onmouseover="row"></td>
<td></td>
<button onmouseover="cell" value="text" title="select"></button>
</tr>
<p placeholder="image" id="select"><p title="link" onmouseover="input">4OP9z c9ba0 jTTxh hcWpD </p>
<h3 onmouseover="form">JVDRj s7J6M bfMJu r5uGx 1ncht </h3>
</p>
</h1>
<a href="link" class="header"><h2 class="content" readonly="button"></h2>
</a>
</span>
</html>

Error: Cannot invoke "org.jsoup.nodes.Attributes.get(String)" because "startTag.attributes" is null
-----------------------------
HTML:
<html>
<table><tr aria-*="main" value="cell"><p value="link"><tr role="kVZ2da140J" aria-*="text"></tr>
</p>
<td disabled="row" onmouseover="form"></td>
</tr>
<span readonly="pCUxYhYmrX">J3m2c 5z2Sf YsdUE OazwT lwFnV </span>
<div value="option" alt="header"><img alt="footer" placeholder="form" placeholder="table">
<tr readonly="option" aria-*="table" readonly="table">ZCcpw cDV7i Z0nc3 nboN9 Cu4a8 1d9uv w7ebh CWRmI fJ4AQ <input>
<h1 readonly="option"></h1>
</tr>
</div>
</table>
</html>

Error: Cannot invoke "org.jsoup.nodes.Attributes.get(String)" because "startTag.attributes" is null
-----------------------------
HTML:
<html>
<option readonly="cell" class="FrEmh5tjCP">aANGZ QFa3z KjGCP 39cDO w63z5 eDLel m6mKj P8b3Y uu56d hAUt8 <table disabled="button" alt="header"><a readonly="input" readonly="header"><input>
</a>
<button>DaoRZ D8O0C GohMS cO2ji zAi1i <h1 title="row" id="text"></h1>
</button>
</table>
<input value="option">
<input style="2hidRWZrcg" role="select" placeholder="cell">
</option>
</html>

Error: Cannot invoke "org.jsoup.nodes.Attributes.get(String)" because "startTag.attributes" is null
-----------------------------
HTML:
<html>
<a>nNS39 AadTa O0Wgv 1wS5W exWLj MirsJ Xnts6 DqjKT x85x1 Egzod <ul onclick="button" title="checkbox" id="kUW3333EbT">ryyZx RNUnY weyZv <div value="input" id="link" aria-*="checkbox"></div>
</ul>
<button>CRhh5 999Pi veOGQ <option role="footer" class="form" value="select" id="checkbox">WXOam lcR9R AQdCi tpPZE VPgqz gTTSQ <button aria-*="button" type="form">S7ay9 Ff3x4 mzhwN 3YtTO <li readonly="link">9NyRS dtbpE </li>
<p onmouseover="table">jTgTn </p>
<tr aria-*="cell"></tr>
</button>
<option alt="checkbox"><form value="footer">hhSYb va5at </form>
<button type="checkbox" style="footer">4Udih BBebV cSP1x </button>
<option aria-*="button" onmouseover="table" data-*="form" role="image">AAGMI PWafI k95dp tXYPN zD1qo QJ5Ns Qe2Jg 4RlnN bTprZ </option>
</option>
<input title="cell">
</option>
<p role="table" value="row">GyluW D6eF1 ncLfD Tgsga FHp77 <h2 title="header" aria-*="button" value="footer"><h3>E9Cw7 DtC47 wldlp HqtRr 4oalI r0Qxn btewu 1MmgT AqGtd FI4Hx </h3>
</h2>
</p>
<table role="content" title="cell" title="header">onkQ5 i6Kw1 QOU8A iN4ty qqAfq Sz5XF oObis <h3 onmouseover="footer">iOIal HNAkp 4Gmty arCJ2 xAUnk Gu4yu </h3>
<div title="header"><input>
</div>
<h1 class="option"><span class="button" title="row" role="input">ipLsq SpPN0 FR8eb EBxJw </span>
<td onclick="checkbox"></td>
</h1>
</table>
</button>
<li title="NkwUTA9Gxa" disabled="option" aria-*="button">BihSD mQseu </li>
</a>
</html>

Error: Cannot invoke "org.jsoup.nodes.Attributes.get(String)" because "startTag.attributes" is null
-----------------------------
HTML:
<html>
<table><input class="cell">
<p><div id="checkbox" placeholder="password"><button aria-*="hMrZJ9Iurl" alt="button"></button>
<ul role="password" onclick="select" style="main" alt="select"><h1 data-*="input" style="input" placeholder="select" alt="header">QsduE oQZ32 7vv6d </h1>
<img>
</ul>
</div>
<div data-*="form" style="o72mfrIh2c" class="checkbox"><p><th>FIZa5 68eBe </th>
</p>
<span alt="content">FpuhL WnO8H Cnuua BMIyN </span>
<a id="link" aria-*="en0fVwbsxe" class="text">52B87 8Xl6i 0bj3T HuC73 eVB4T muHDa <input>
</a>
</div>
</p>
</table>
</html>

Error: Cannot invoke "org.jsoup.nodes.Attributes.get(String)" because "startTag.attributes" is null
-----------------------------
HTML:
<html>
<a title="button" onmouseover="nhFdWkFKj7" alt="zjLKzW3lEY" aria-*="content">pfbSf lxT3n Ml9ga 3jnkB zDeDo WmDOl 6DVwo Qapdm CBJGT 3TLQD <select>2qryp SjoaV F7S8n PZXNi ypi5d 78O6c vlVVR HYOPm <span id="content"></span>
<select>5531Y DhBSp Sjyh0 dZGwn OXqP7 CoUdA 834kd 6rXph jZ6U4 UWb76 <h2 data-*="form" title="row"><a src="cell" class="header" placeholder="input"></a>
<th value="input" id="sIEsleuQAZ" title="cell" class="content">yODuA </th>
<table placeholder="row" data-*="row"></table>
</h2>
<option disabled="link" disabled="header">dQpkH cAsFP ByifX FYLpv <img class="password">
<ul aria-*="select">tPN4n yzjut uaOBr h5LcE 4vq6L RgCRF </ul>
</option>
</select>
<table data-*="image" readonly="password">QLemI <form value="text" aria-*="input" onmouseover="link"></form>
<ul data-*="SEFUoR2gub" readonly="option">FbQNH MW2oh U942d J0Wya <h3></h3>
<p aria-*="table" style="button" alt="EZQGtlZKDu" readonly="image">vN4uc tNFFC </p>
</ul>
<table>YCAKR vDf7L hVTVx 9MCrX i0MOY fzk3W lxyL1 K09AB <input>
</table>
</table>
</select>
<td id="table" value="row" readonly="select"><span aria-*="input" style="input" data-*="xcp5KS5zus">7G8d7 CiDTQ tkU1P 7n51M RsoUX W3HlF BP4sL kzH93 </span>
</td>
</a>
</html>

Error: Cannot invoke "org.jsoup.nodes.Attributes.get(String)" because "startTag.attributes" is null
-----------------------------
HTML:
<html>
<table><td><span aria-*="option" readonly="row">3ZInm h49em UUJn5 LoJwA gbDJ9 TGbSx eWrox jNMD5 </span>
<h3 value="form" disabled="checkbox"><p value="content" placeholder="4tV937FZMr" alt="password">5ZOOB qT9FZ 0b5Iz AmlLv HuemK wOUgt <td>mD4k9 yvsDg pvGdh CErBP </td>
<button type="button"></button>
<input>
</p>
<ul onclick="image" disabled="cell"></ul>
</h3>
<span onmouseover="DnbaYsS35n" alt="header" aria-*="select">80qxZ OMJzx FsC4L Qm2uI 7c03e dtuoH KY8wX mZTqU <table onclick="option">U8eVM oNzWT </table>
<table>gqsuH bbtOr QxuM6 it4eQ 04yuN fKYOD zcPj5 <img>
</table>
<li onclick="footer" readonly="text" role="checkbox"><div onclick="password" role="header">QUxSV 3lQQw 44BYP 7pNT5 LPrgf kC5zF </div>
</li>
</span>
</td>
</table>
</html>

Error: Cannot invoke "org.jsoup.nodes.Attributes.get(String)" because "startTag.attributes" is null
-----------------------------
HTML:
<html>
<a onclick="cell"><th></th>
<button><h3 data-*="table" data-*="image" id="main"><th>eqVB7 MMp6W oVw17 cI1Cg <th class="input" value="table" data-*="link">zHLF7 vfRBu 6rVzr qboRg 13vlY LcHFl hDM3j aZyc2 aZmmu dk35j </th>
</th>
<li>n08au </li>
</h3>
<table alt="option" onmouseover="button" id="link">SQopt BxmhJ r396o Haove vN5IV rLVcj hiNHu Ahzgv eAtlh Qut9y <input>
</table>
</button>
<table data-*="ga9u1n9IBX" title="footer">jvVDm uom7o 6mH2Z <img>
<table class="checkbox" class="option">nzHZP e4Okg pYqCu EiT8b FyaAC KMTD3 OWELT BK3I6 <input role="form" style="option" style="footer">
<li alt="checkbox">H1MGC 0yIVb 75Gi1 sACn3 9NBd5 J7zOA 1ptbt 3MFKO <form style="button">sgQxB </form>
<h3 data-*="checkbox" style="form"></h3>
</li>
</table>
<a id="password" onclick="cell" src="link">3z1eW us63j ZBG3C zgfKj <h2 value="link" title="main"><h1 id="text" aria-*="row">AwPB5 </h1>
<form onclick="Zg6vzFizL0"></form>
</h2>
</a>
</table>
</a>
</html>

Error: Cannot invoke "org.jsoup.nodes.Attributes.get(String)" because "startTag.attributes" is null
-----------------------------
HTML:
<html>
<table onmouseover="main" style="option" id="main"><th>iEv4I yMr2R gKoFU 54TGV qkrnK <td onclick="footer">ZADf8 PAbih oj9kt f2i39 YrxYL EcxkP Kjiog iiQTz <ul role="link"><table></table>
<h3 title="checkbox" id="input" readonly="footer" disabled="footer"></h3>
<h3>7NKp9 ncQTd RJpMj D45pI kWUuR egZyg 8uj48 gjCyz Seqzg j6O08 </h3>
</ul>
<select disabled="header" readonly="header" role="input" aria-*="button"><h3 readonly="button" placeholder="text" readonly="image"></h3>
<input id="link">
</select>
<tr role="row" id="Emixbm8hIB" title="text"><h3 placeholder="Oe86CLK8oY" disabled="cell">KjiPM BHMow EzHlo SaJXD 4thNR XpYYY 4n8vJ </h3>
<select title="content" role="option" onmouseover="content"></select>
<tr role="header" disabled="content"></tr>
</tr>
</td>
<form alt="input"><a data-*="content" placeholder="form"><option title="form"></option>
</a>
<td disabled="main" onclick="checkbox" alt="cell"><form class="option" onclick="header" title="content"></form>
<div placeholder="input">xLDiX Om5wa bfOyi bZ8Fl cKcdj u90VL 1W6EZ 3XWme Ct3HV </div>
</td>
<table id="X8quU485Vg" class="input">YS4tz 1UoiQ W4xrq QUfPF <select data-*="table" role="input" aria-*="content" role="image">HLxZn </select>
<li role="button" value="content">EFRVk 9euM5 HhTre 8TmKz 4IAdv </li>
</table>
</form>
</th>
<img aria-*="main" href="link" placeholder="footer">
<table>1m7rz vcNzg <ul role="header">yRlnR 8AnL1 4Vs3q W3UPS kdRi2 ucBA4 17ipZ <select>N2D3i BBMsZ vEvjS <a>XvzX2 </a>
<h3 title="header" disabled="link" title="password">SPvyA </h3>
</select>
<input alt="link" placeholder="image" data-*="text" class="checkbox">
</ul>
<table>ZLkRe 9WvBh ayVin ohAQE I7LuS PvEBZ 9NaUl vUqgL 3jL1N <input>
</table>
</table>
</table>
</html>

Error: Cannot invoke "org.jsoup.nodes.Attributes.get(String)" because "startTag.attributes" is null
-----------------------------
HTML:
<html>
<h3 disabled="text" placeholder="main" id="select" readonly="header"><input>
<tr><td><table style="footer" id="text"><h2>lwIfA enwO3 LBTB8 vcHmN lsHcs </h2>
<h1 title="input" alt="form"></h1>
<td value="main" id="header">nTyGi UECor MBDaz 9hB90 joWGg </td>
</table>
<table><input>
</table>
</td>
<input id="input" readonly="content" alt="kz3KZrWdS6" onmouseover="button">
<p disabled="text">SbBtB 1Nl5P dm2Jg OX9w7 <tr>qzLVS gukuX VQzgT ljZ3P gnQqO MUF1I <select type="cNYOmcSG1B" role="4ii0o1uaR6" style="image">9F9fi mcnNB 5Qesv WFtEE 1miSF mtlmf aEdvR k3xKE vzBMI </select>
<table role="input" value="footer" id="header">sTwD8 WilPq E3BGe </table>
<tr>06IGi 5xl6k </tr>
</tr>
<table onmouseover="xo6IUESC3X" alt="select" placeholder="cell">ppc4g LaTls 4ijq4 6QpXD 1WGKr WHFHg q6h3B mZl1e </table>
<p>0pseA eDdn0 YGE5G rv7HQ bNq1R 4R39d BOZhP 319l3 <option role="text" onclick="main" role="header" readonly="cell"></option>
<th>k9Nzt 8kpSS OzCkI FgH7B zjikX IMprB RSZiq CQGPk SLuCv </th>
</p>
</p>
</tr>
</h3>
</html>

Error: Cannot invoke "org.jsoup.nodes.Attributes.get(String)" because "startTag.attributes" is null
-----------------------------
HTML:
<html>
<table title="main" title="link" disabled="form" aria-*="cell">YE35S WG7mJ OmSay yLWfR <table style="option">4BHoA DwFF4 lK16L J9a4u Q8cNv sicv9 8CKPH 2oTT3 <input>
<ul readonly="pfs2QTDWc9"></ul>
</table>
<li role="form" onclick="link" id="main">nToLw n7BtY 23Mok HORmY GSQry g5Mwp LUV96 rm22f y27mq <a><tr class="password">yQGJY edjwV </tr>
</a>
<option style="table" value="option" aria-*="image" id="password">VxXZE Ud8Pu zpik6 5RZc6 oC6eb QTFog rl45l zpAA4 pUrIB <table value="checkbox"></table>
<td placeholder="image">Kl8tD KCTPP QfaXS EwTvE ecH8L </td>
<div></div>
</option>
<select id="link" disabled="link" class="row" onclick="lxEkKoPzgj">hh9Qg 4Hrr1 3WZxj N6eXr ldMgW ASQ1i Mjf6w 3Lz5J <tr>9Jiae dihsj </tr>
<button disabled="row">hp3IU TOYDn sJnxv sswqA uN8PF INoZI RL2H8 ia05k aGrSV </button>
<select alt="option" aria-*="row"></select>
</select>
</li>
</table>
</html>

Error: Cannot invoke "org.jsoup.nodes.Attributes.get(String)" because "startTag.attributes" is null
-----------------------------
HTML:
<html>
<select title="table" onmouseover="checkbox" role="main">xT2zq xC2tN e8Dls FfLDI AVpzv Lu7cN XIcxa HMNDe 0VUpw egjZJ <td value="option">4VIgF 52Iqk L7OE3 QCNNa hBDc5 upYso P5neI P4zeG <table readonly="option">LOcD0 WdyYO KJ4ZJ VpShr ngCyV Awkyo bpzAq <table>PWvDd 33xsS RAI43 UBC88 04gkK YQnwI 0K1jQ EObMy JKnC7 </table>
</table>
<tr><a onmouseover="button"></a>
</tr>
</td>
<h2 class="checkbox" alt="button"><form value="form" class="footer" alt="form"></form>
<img onmouseover="option" readonly="checkbox">
<li onclick="option"><span data-*="image" id="cell"><h3></h3>
</span>
<th readonly="input" alt="select" title="button">Kxv4Y Nx6Wg aVhUG RXh2b 7ayNu 82uma qfmvG 9Gq4N pDSgk VeRWC <div title="select"></div>
<tr style="input">33t72 TQJKr uPoFH 2bbJ0 3Zwg5 5tSyz wbi4Q </tr>
<a>Us8uH J3Tmr zo1z2 x66yY MhEv8 W6UmY 2AorP </a>
</th>
<input>
</li>
</h2>
<h2 placeholder="form">dDizm Sg6EC AG5M9 zDlnN V11Up <button aria-*="gfTrZ2Qsb0" disabled="main"><th></th>
<img>
</button>
<select onclick="jJ9q7onoOE" placeholder="image" value="select" class="option">6wByV tZpIE MCTww ngCoU eROYr Vvvqi WvuvM <ul placeholder="main" id="text" style="text">GvUPl vm5i2 t0TvX T1304 <li></li>
</ul>
</select>
<table id="text" placeholder="content" title="cell">pTyfw <img role="option" data-*="cell" placeholder="image" data-*="button">
<input>
<a disabled="select" disabled="password" style="content"></a>
</table>
</h2>
</select>
</html>

Error: Cannot invoke "org.jsoup.nodes.Attributes.get(String)" because "startTag.attributes" is null
-----------------------------
HTML:
<html>
<button readonly="link" placeholder="password">fLuqJ 1nQ4n OlLa3 aQ56N HGnMT <tr style="Y9uo5deJD9" class="table">hOIas WLJZs JuqYh <h3 aria-*="table" value="main"><table><input>
<select alt="password" type="xasUX6FMNS" style="main">TTGOF lz4y5 OgmTK UTBFF 2X02F VEGSt tDkrd GdinE </select>
<h2 value="link" onmouseover="select" onmouseover="link" data-*="cell">mx4Go H5lvG Cwo9M </h2>
</table>
<option title="AmiB2OKnQk">GpxiH no562 McfS2 YeLZ3 UvFj2 c9vD5 RQBMI TQRWT </option>
<option onmouseover="checkbox" style="cell"></option>
</h3>
</tr>
</button>
</html>

Error: Cannot invoke "org.jsoup.nodes.Attributes.get(String)" because "startTag.attributes" is null
-----------------------------
HTML:
<html>
<tr><h2 style="content" placeholder="link" value="checkbox">26srE S5Vbx <a id="option" class="content" src="button"><form data-*="footer"></form>
</a>
<ul disabled="button"><select readonly="link" title="link">VOYAz 34TE5 <select class="password" alt="select">oJ853 C40yC sMdIj KlB6y CoQWQ ltQ4O o4XIO wQ87p </select>
<h3 placeholder="text" onmouseover="option" value="footer"></h3>
</select>
</ul>
<span placeholder="input"><input type="content" style="footer">
<option role="ZGnnnBrDil" data-*="content" placeholder="image"><h2 id="image" value="input"></h2>
<div role="main" data-*="input" value="password" onclick="content">xrA7G XgMZ3 ysFHE 7nrpY wRrEG </div>
</option>
<span title="header" onclick="link"><button alt="header" class="content" id="89YtXhM6Hm"></button>
<option disabled="Txlgq2xeAq" onmouseover="option">zSJEL iPWBd jQsLR 291oP KMxKC </option>
</span>
</span>
</h2>
<ul id="checkbox" onmouseover="table"><table onmouseover="button">SP0cB fWsre <input>
</table>
<ul disabled="cell"><p data-*="password" onclick="input"><h3 placeholder="link" role="uXe0B2ix0L"></h3>
<table role="image" alt="checkbox">KPEjY wDsRe Ufkl1 6qpWB </table>
</p>
<button>F7eJN csvm0 Cq3cD </button>
<th onclick="text" value="checkbox" style="input" role="checkbox">TAOmc gbnCA B8DXS PEj1l ojRte i7ZbO S0rO0 T6xRX EycL0 <select alt="option" placeholder="content" id="image" data-*="main">QKEcr MFEFv 3td5e avetm Urg5E 4pRtr v2SVJ 7uj5l CmRzr </select>
</th>
</ul>
<select alt="option" style="content"></select>
</ul>
<tr aria-*="link" onclick="footer" onclick="content" id="option">W6QpJ <input role="e66w8FGpTk" title="image">
</tr>
</tr>
</html>

Error: Cannot invoke "org.jsoup.nodes.Attributes.get(String)" because "startTag.attributes" is null
-----------------------------
HTML:
<html>
<ul id="password">UnsD8 e7jBC 3LeJG 8LwU9 hhVTz a1bu8 Z5ttb z8odu <li onmouseover="password" title="form">C1LSP 5zdTN xOBe8 bEz0k dOoA5 X64xW qGzUY <tr readonly="content" class="oPK68sNkmD">fNrmH XoN5g dUe3D RAbkg xQbB6 </tr>
</li>
<li onclick="checkbox" id="image" alt="select">EQbqs XexPW XlP8b 9ZyN6 X62Al Q45ym <h2 onclick="cell" aria-*="cell" placeholder="cell">I8fGo TVqjv O3hha sQem0 ttpGl AX2ig 7gTV7 cFol2 DwYa3 2iMIB </h2>
</li>
<th><h1 aria-*="form" data-*="content" disabled="image" placeholder="cell"><div disabled="cell" class="password">EchTp 936FE AqiRH xZmnc BnPPT <option role="cell" onmouseover="content"></option>
</div>
</h1>
<table placeholder="text">UQyxH ci75Z 1zc9Q aZk52 gkgiM ZVLlX pRE3t cX1TM <input>
<form id="footer" style="password">AXZaE bU2PU 75xuo aFzje xMyMc U7U7i 4m5hl zqUOS pOuPU </form>
</table>
</th>
</ul>
</html>

Error: Cannot invoke "org.jsoup.nodes.Attributes.get(String)" because "startTag.attributes" is null
-----------------------------
HTML:
<html>
<table class="password" data-*="option">zqytD o457o YshK1 lBQWy yTQtJ hJ5kJ ynesk <select type="footer" disabled="select" aria-*="form" aria-*="image">jfmvh </select>
<select data-*="bltRJX2QUF" data-*="link" role="select" id="form">Kk8BU <input onmouseover="1BXauANuPq">
<form placeholder="zyngGLOEht">ysxb1 IV5fz WoSvQ IQUH3 llS0S EBezV mqOQc <option onmouseover="cell" disabled="link"><li>giEc7 CnrWp 704ek </li>
<ul></ul>
</option>
</form>
</select>
<table id="K1givTjhBg">JG7HA AbceG lagKp Q46j1 lNmV7 BtF16 AMWMp DQUQe FnehA DCiLQ <button value="row"><input>
<tr title="row">Nt2RG fYBfw KBN6E baYnf <ul placeholder="content" onclick="image"></ul>
</tr>
</button>
</table>
</table>
</html>

Error: Cannot invoke "org.jsoup.nodes.Attributes.get(String)" because "startTag.attributes" is null
-----------------------------
HTML:
<html>
<li>zpfQJ <form style="footer" value="image"><h1><input>
<h2>2VVEp n8DKI UNs1n L2rSL 7xBEb xeUsw YUPVg IOAny kVWsC tWe7y </h2>
</h1>
<tr>fNEp6 jjmYA REQlG 1L9Rk D3LsT eQFHP 8taGM MHEvC G6vZX apqDI </tr>
</form>
<li placeholder="link"><img title="password" onmouseover="checkbox">
</li>
<table style="BAtx4cxZTG" title="footer"><a class="content" value="option" readonly="option" alt="checkbox"></a>
<input>
</table>
</li>
</html>

Error: Cannot invoke "org.jsoup.nodes.Attributes.get(String)" because "startTag.attributes" is null
-----------------------------
HTML:
<html>
<div>zin5B sNqCS FAGIO b1HXa fZWvT JttcJ bmeyM <button readonly="D1pYV0HOpM" alt="image">NZPPt KJ8bW e4Xa9 vEjGw 8mkwn lP0Vw 5KTUP <button onclick="main" disabled="WBokTFCwZk" type="select" onmouseover="input"><p readonly="main">XR9Bn l9PTv HapDl 8ieSy m1TjL <select alt="row" data-*="option" value="table" readonly="FGYv7pmut1">BtNAI Zyapb </select>
<h1 role="link" onclick="button">NiLGW 6SXGz suIwM RnCyO mt9V7 </h1>
<p title="cell" onclick="image" onmouseover="footer"></p>
</p>
</button>
<table>YM2NL 7jozj 98j0e 8FVGF R01xW JoVFX </table>
</button>
<h2><button placeholder="select" alt="checkbox">98grY 1XZTg tszju vZWDt Z6Kj2 pi91h sNpno YHIlq <a aria-*="text" href="XieWmgcSey" value="button">rJZSf pZLD4 BeGXu eTS9O Bb75g fNKSe ruXIX 1pp44 7iYEE <div alt="link">zfaV3 ZEXXB DFQsF htTjN jTBaX bucZM D2C72 nIlli jZLbG UcGyx </div>
<table aria-*="table" class="select">JX1uc sRM2w pneaX o6V4X fx4vj </table>
</a>
</button>
<option>CoAZS 1ozod 4gj4m QFiG0 B9VzA tPaRk <li>VNs5S Z2bjA bfRry Crh8v </li>
<table data-*="table" aria-*="7COyHOONOo" alt="row">Zic0Z tzcaG v2PFL 3PH35 wd7YO xbrUz XHxes <ul>6eg3U </ul>
<input>
<table>TB0Nq PzxHG </table>
</table>
</option>
</h2>
<ul aria-*="input" onmouseover="link"><span placeholder="option" value="footer">k12of 06Iim JmIgE lQsik Uby1U Nwpaq igU7i <td onclick="password" onmouseover="form" title="form"><div value="option" class="input" onclick="link" onclick="input"></div>
</td>
<h3 value="option" alt="image" placeholder="footer"><ul></ul>
<form>DkPwS kiVvh KuYgV ZpxQ3 7Lr0W AY84g 49ZfW </form>
</h3>
</span>
</ul>
</div>
</html>

Error: Cannot invoke "org.jsoup.nodes.Attributes.get(String)" because "startTag.attributes" is null
-----------------------------
HTML:
<html>
<table><h2 aria-*="main">NK9Lj QK9nl <li class="button" role="row" onmouseover="table" data-*="table"><h2 alt="checkbox" readonly="select">JSkot mk4jZ 8sUYQ pRNXH fBgeY </h2>
<select data-*="password" readonly="select" data-*="footer">VEdAt 5uxZK XsbDQ </select>
<ul title="image" alt="cell" readonly="cJZjj3QtKW" onmouseover="option">QdHiZ fF9MS T1BQL ryKvN l3K5V </ul>
</li>
<h3>4f25U 3h8MU jAIbv Gj5Nq <option title="row"></option>
<option data-*="wUo3tudIBD" style="content">HdKkp onJ6B GYXmu pCHir kjoYw CqnBq </option>
</h3>
<form onclick="header" aria-*="cell" data-*="select">QvGWs UuMRr EdV9x mZxdc YD23q fN54e jP8uf j0sjl rg6jQ pghyd <select placeholder="image" readonly="s38gywth1p"></select>
</form>
</h2>
<input>
<h2 id="input" alt="header"><h2 onmouseover="table">Mc4Wo PBihB qGBkl 6dqpH JTsQ4 ZA90f URs6B vUAbc XELQY </h2>
<select title="text" readonly="checkbox" type="checkbox"><input id="footer" id="image" value="footer" placeholder="main">
</select>
</h2>
</table>
</html>

Error: Cannot invoke "org.jsoup.nodes.Attributes.get(String)" because "startTag.attributes" is null
-----------------------------
HTML:
<html>
<ul value="table"><form placeholder="option" title="form" alt="row">r2TbU U403C <ul disabled="select">NYPj8 TBrGj THfcx UwsqV MAdTk <span onmouseover="link" data-*="table">quTtk Sza8g VcwJ2 <a onmouseover="header"></a>
</span>
<form readonly="input" onclick="table" class="checkbox" placeholder="dcOgzKDyRu">co3sm mpn5x AfEp2 krw92 SlSoE fL3QV csyAs 4dvM2 xgBVg ixI9k <ul placeholder="option" alt="input">6XS3C zWK33 aCxsI y1fvt xBUfy VvFcF R0kSK SXoAf 7TswB </ul>
<h2 onclick="row" aria-*="form"></h2>
</form>
<ul role="password">ZU0vP UV93q </ul>
</ul>
<form onmouseover="select" style="input">4rFMt Gptsp fkHAP gA6JV <li class="cell" onclick="input" title="content" value="image"><button value="cell"></button>
</li>
<td></td>
</form>
<table placeholder="RuNleVU8IH" alt="password" role="h8XeR0IRm7"><form onclick="table" role="vukdbQ9074" title="footer" id="image"><img src="footer" title="button" href="table">
<option onmouseover="row" disabled="button"></option>
</form>
</table>
</form>
<th alt="form">gQduw y2VWw quayn hJiYC 7jZgM <li placeholder="cell" class="image">FChlG <img>
</li>
<ul onmouseover="select"><div disabled="footer" disabled="cMnkay88HL" disabled="main">5lzR3 kqxeV <a id="table" role="button" alt="option" aria-*="link"></a>
<tr style="image" onclick="form" disabled="footer">ObQZy MZD9J AX8aI Npq3K Fu2TP </tr>
</div>
<h3 data-*="cell" class="link"><table class="ZvXayY5gIM" role="option">n24tr VluJH g4ZTb 97IpK zxt8k 2GnIG 41U0r uUygf 7Xdf9 KYs2J </table>
<button placeholder="checkbox" disabled="main" value="content" id="bDJJBeED6a"></button>
</h3>
</ul>
</th>
<table title="password" data-*="button" onmouseover="text"><input>
</table>
</ul>
</html>

Error: Cannot invoke "org.jsoup.nodes.Attributes.get(String)" because "startTag.attributes" is null
-----------------------------
HTML:
<html>
<h3 data-*="table" placeholder="main" alt="Z5GxbPapSu">M2cTm <img data-*="cell" disabled="form" title="cell">
<button>437Yd 5vtwh Rkx8b RxPzf 1xwlh <table onclick="header" data-*="main" data-*="text" role="link">Y77qP VV1Ka 9aFgf ml5uc ffpRk 4I3tP 2yqXt AgQYE y5spF <span aria-*="password">BZQE5 F3yIs 25dPf PyUPB </span>
<span title="image">My2Eq </span>
<form role="option">V0CMB mqlV0 rUOoj </form>
</table>
<table onclick="content" title="footer"><h2 title="table">zw2o4 ujpeM 5g1ZX <input>
</h2>
</table>
</button>
</h3>
</html>

Error: Cannot invoke "org.jsoup.nodes.Attributes.get(String)" because "startTag.attributes" is null
-----------------------------
HTML:
<html>
<table style="password" data-*="GvkPniH6kS">V453C OMHKS 1LudO TgiEe kUe4c <select type="select"><img style="footer" style="password">
<tr>1tgSc vReH2 DFhW7 EheXq hi7pQ M6VCl xoig7 </tr>
</select>
<input>
<h3 readonly="link">snBgi <span placeholder="table" placeholder="checkbox">SsSHs <li id="cell">93o4Z WnBqW Bb9Z9 Pwyun Elm0r LDBaq Os0Lp POobv </li>
<select readonly="image" type="form">3MtYf xksS5 zwYcj xlOHj 03cAQ </select>
<input id="text" role="text" readonly="SvZjNcphYk" onmouseover="select">
</span>
<div class="image"></div>
<ul value="checkbox">M37oL hqhx1 eZK5d YYImy 7IkuA EouwW </ul>
</h3>
</table>
</html>

Error: Cannot invoke "org.jsoup.nodes.Attributes.get(String)" because "startTag.attributes" is null
-----------------------------
HTML:
<html>
<li data-*="image" onclick="option"><input value="image" onmouseover="table" onclick="button">
<table>ZLjZ5 <h2 id="form" class="content"><h3 readonly="main"><h3 readonly="text" onclick="button"></h3>
<input title="select" onmouseover="checkbox">
</h3>
<a href="main" value="cell" onclick="link"><span placeholder="input" aria-*="header">TVC0G 0pqQn XIICu ZXkf6 f96PL 4JYS1 xpVIP z1iyB xaEfn </span>
</a>
</h2>
<h2 class="yvWnNVYjbL" readonly="checkbox" title="link" class="select"><ul title="main" id="JryD11Lzz9"></ul>
<select value="cell">33H6y AyD6w 3qFuX </select>
<li>03DLR <input>
<div placeholder="footer" style="6EhHydmPRQ" aria-*="table">SJ4Is xlI7K rCTZl MBDte RcNdC </div>
<button></button>
</li>
</h2>
<span>4nNuX <span onclick="form" data-*="form" role="JoLlEdKjff"><span data-*="form" id="text"></span>
</span>
</span>
</table>
</li>
</html>

Error: Cannot invoke "org.jsoup.nodes.Attributes.get(String)" because "startTag.attributes" is null
-----------------------------
HTML:
<html>
<tr>UjaE5 Cil22 xu560 NWts4 gqZ6d JsQUs PPgBR IZtmN nQYFO 02DLW <span onmouseover="cDSUAPKNJm">Xvsr7 qMBut tFP4a ynfPR M5xDF Q5fhQ uKZmx <input id="button" placeholder="header" alt="main">
<th style="input">9s87q 55vIp iDnre <div data-*="select" onmouseover="row" style="password"></div>
<span style="password" alt="cell"></span>
</th>
</span>
<table data-*="12zcUInaAf"><option disabled="table" onclick="9YOBi7CvVn"></option>
<input>
<li disabled="checkbox" class="main" data-*="input">LJKJX NS7CP fZ9H8 vg3GH l0XVV TcE6Z zsBuR gNq4I <a disabled="vXeQVJA2R8" placeholder="checkbox">2vpkK os4zS IDXUh lumru 6DuEv IVdJ0 8woeK CFGTj 5NKgr </a>
</li>
</table>
</tr>
</html>

Error: Cannot invoke "org.jsoup.nodes.Attributes.get(String)" because "startTag.attributes" is null
-----------------------------
HTML:
<html>
<table>SMBnr HyzOW Qt0sy UmZNz uJyJJ EGSxj CU09M <h1 onmouseover="yb0vjbgNT5" aria-*="main"><input>
<td value="header"><div id="select" title="input">pLqcT yn6Bx IEhQJ HmaZC zXT9c ILcG2 OPeiu 7gNPe yyqv5 </div>
<ul class="form">ZsTFw CrVvn 67mYt Es9aL lBoCN JIu1A uSJgz ZE7WH sR7He <li id="button"></li>
<td data-*="image" aria-*="content"></td>
<th aria-*="text" alt="text"></th>
</ul>
<a><form role="form" aria-*="select" class="image" placeholder="table">5HDCM </form>
<button value="row">G4BZY U9lea </button>
<h3></h3>
</a>
</td>
</h1>
<input aria-*="3w0nKu0v7t">
<li>VgoOc JJr2A Zf4d9 RPzeo dLy2y DO0HH s2Kpk <li value="cell" readonly="link">3SmQH qhFVw iimaO wzKNf GM24z <table onclick="select"><option alt="Dv0OWaH71n" role="CCMxBf4n1b">tn23T Aya3B 07TL2 UUbMt z1mfZ 2YFvw PGTxR TKuwF wOGyF MCksm </option>
<ul class="X7SJ10LvgE" onclick="footer" placeholder="cell"></ul>
</table>
<ul><form data-*="main">E9diF g31xm t38pE QeXvI 7vZ04 YhVzl </form>
<h2></h2>
</ul>
</li>
<select title="password"><a src="button">GKCkl iQ9B7 eaUc4 gCUqW NJlRQ X51y7 F1vkq MrikI xwWTH <a style="footer" class="button">j0g7W yPkWD ya1EO </a>
<span>Hobv6 hs4Nd TttJy JKyGz v9pm6 HBZUi WdumD 5aMNC PeHBK O7i0M </span>
</a>
<tr aria-*="table" role="password" data-*="row">dmCCM 4DJmu vjI2y kkaKt 3LhBU Z6FDP vtpTa iyYbA <form disabled="table" style="main"></form>
</tr>
</select>
<form><h1>B6Huo fCDNf ezOew cdXi7 <button alt="AHPgvS3pfX">34wj9 GSYCa tNIfk VjIpM JlbVG otYJX uFSTa RHXtP jO2sG </button>
</h1>
</form>
</li>
</table>
</html>

Error: Cannot invoke "org.jsoup.nodes.Attributes.get(String)" because "startTag.attributes" is null
-----------------------------
HTML:
<html>
<table aria-*="form" onmouseover="main"><div>8sSDS E3Nxa K3VBo 9I50S K0tsN </div>
<td onmouseover="main" data-*="form" title="image" onmouseover="button">CWUZs <span alt="password"></span>
<table style="password" style="row">lXvfB 4chlv CFaZn CMQ4a xW78S cEAOO <a><h3 readonly="form">WqUZq </h3>
<select>wyjMN mHuKw OY0JQ </select>
<ul>znHL2 HFxT7 CJzf8 hTGUf </ul>
</a>
<input>
<ul disabled="content" title="select" style="image" readonly="link"><tr role="button" alt="cell"></tr>
</ul>
</table>
<tr><th title="table" title="content"><li onclick="image" id="link" title="text">2H9O6 KTVeV qoBaw 0ngVp sAjOd Wyo90 </li>
</th>
<tr onmouseover="link">vGfsI 79UDQ BvPRj 8suEZ oqYvS cORXS <a readonly="button"></a>
</tr>
</tr>
</td>
<select disabled="row" type="footer"></select>
</table>
</html>

Error: Cannot invoke "org.jsoup.nodes.Attributes.get(String)" because "startTag.attributes" is null
-----------------------------
HTML:
<html>
<option>nOqpG KMaIM XHc22 EPeBj 3zDcd OAkyD T8H4u aO3KE <ul alt="option"><h1 placeholder="input" disabled="button" class="select">aSA6G K6a8h </h1>
<div style="text" class="button" alt="footer" onmouseover="footer"></div>
</ul>
<table onclick="input" onclick="row" style="button">Rnu9N KsgrL 02FUf <span id="checkbox">OefJ5 oizlD jaZRE RH8MU </span>
<option value="link" role="checkbox">ceeOM Sj9Z6 IDkIg </option>
<input>
</table>
<select style="form" class="input" data-*="option">ILUTb DMZlv </select>
</option>
</html>

Error: Cannot invoke "org.jsoup.nodes.Attributes.get(String)" because "startTag.attributes" is null
-----------------------------
HTML:
<html>
<th value="select" disabled="RLt7a2L1EL">4CBDY n2N3b bP4zm bqwyZ B4iMg wPNpb WFbbE RjYn0 <table placeholder="row" readonly="select">iQ5kn Mnt3p <ul onclick="form" aria-*="input" disabled="footer"><ul onmouseover="content" readonly="option">mczZF soEWM ia8Gj 2S54v 3Czwt v4926 sfjCZ q8XJ3 <select></select>
<td>wI3wf FHrD5 IvYpQ y8qVV 4bIt5 yT4Z4 u2sPS i1Nv5 </td>
<form aria-*="link" style="UKEONdbLuq">LGFbm Z4jj4 ADkXi hAshr </form>
</ul>
<input>
</ul>
</table>
<td aria-*="vPrgtKlYWO" disabled="form"><ul id="row">eSROx <span></span>
<h2 onmouseover="header" onmouseover="select" title="button" title="main">SampX c3lJa nthmv TI7AD 63mPj llcjL S0bT0 A2l55 <input>
</h2>
<table></table>
</ul>
<th title="form">yjPUT unb8y 5JUZZ 9YgQM mBgEz u8BCw q0B43 <form onclick="row">G7a7o R4KT2 38uRv DoBlT cOgu3 GsXWx 7Cdcp 9YXAe YXjYh w6Bhh <li>yXODS rohGb YjMSQ </li>
<input value="cell" value="tTwHMCrLpx" role="input" aria-*="content">
<select title="footer">5cfW4 n43tw SrlZ8 VoUiT YhVgg GgU6E Jy14i kmuQp pwqHW </select>
</form>
<td role="content" class="cell">3F4bp htpau XMzl7 uNxsu </td>
</th>
<img id="option" alt="button">
</td>
</th>
</html>

Error: Cannot invoke "org.jsoup.nodes.Attributes.get(String)" because "startTag.attributes" is null
-----------------------------
HTML:
<html>
<p>RwXfo <h1 onclick="footer">qK95F FT5ul u33r7 XXCF4 3LOwm ZCFmX FqFyR zGsEn <li role="row">YtK9Q WtvHd iz1Qm mQq2I mcb0C GHvqK bmbjO w138O WynRc <img href="option" onclick="content" placeholder="text">
<th value="option" value="text">uHaAn 1ydAt hgXIG zpRma <h1 title="password" alt="link" data-*="header">r9dZ0 qS1GM KGiHC NF8RU vvPen z9HsX xN1FJ 0wUuo ztP2u 4bJbI </h1>
</th>
<h3><h1 onmouseover="input" value="checkbox"></h1>
<img>
</h3>
</li>
<span onclick="content" disabled="input" title="table"><th aria-*="button">FXp7V YOcRZ Nv4NX Aopi9 2oawr <a></a>
<li onmouseover="checkbox">pIjHn SI4ed CQsYZ </li>
<h1 role="form">JzXRG eK0aO iTcFZ GWvdq 8XDio cLcN4 rSATh </h1>
</th>
</span>
</h1>
<h2 role="content">e9MbA uZzkW OSsmm ODWLB kfIRF <p onmouseover="select" class="row">50bQT N79Ui QfG7i kN2ba Z5WIc WNqd8 2QjMz </p>
</h2>
<button onmouseover="content" type="link" class="input">UuoJK 0a0i1 r3RW0 u7A8X <form>66sNN Dcqch cmVrM isElE </form>
<table value="password"><tr>p65R8 dD1St Yljbx 7kNQM qXbgW ywCze qd2Ct </tr>
<input>
<button class="cell" readonly="select"><th placeholder="main" disabled="header"></th>
</button>
</table>
</button>
</p>
</html>

Error: Cannot invoke "org.jsoup.nodes.Attributes.get(String)" because "startTag.attributes" is null
-----------------------------
HTML:
<html>
<a alt="checkbox" role="content" role="row" src="7lmlYarAOA"><h3><table placeholder="image" onmouseover="wASfnwdREC">Na49F 2gkeI <input>
<input onmouseover="cell" onmouseover="password">
<tr onclick="form"></tr>
</table>
</h3>
</a>
</html>

Error: Cannot invoke "org.jsoup.nodes.Attributes.get(String)" because "startTag.attributes" is null
-----------------------------
HTML:
<html>
<td id="footer" id="main" id="select">EicX1 NxFlp RHiBD wmRQt Q9GJL dcOi3 YLyRh bFNzF pyEPA 5j6qE <table readonly="form"><h2 style="link"><img id="main" onclick="text">
</h2>
<option aria-*="image"><option><td>k4MxQ Dbuai ZUZ8z c9n2w rtUPq tbTiH </td>
<span>nEcNN Q0iH4 </span>
<h1 alt="table"></h1>
</option>
<input>
<input style="mkIUpWBDwP" class="main" title="content">
</option>
</table>
<a data-*="image" title="link" class="input"><td readonly="footer"></td>
<th><input onclick="password" style="option">
<td class="link" onmouseover="image" id="row"></td>
<li onclick="table">59wuk xR8Ah M4iRH 5MJ9L 2gaQY sgkRO <option>e8BNo rVmdn ATKCg NaaA6 wjIWa hEGtS </option>
<div disabled="image"></div>
<select alt="text" type="header">9FU0r vNj9E J1957 QzPLh bMPLb 44Iyj lhV69 koF4l </select>
</li>
</th>
<th data-*="form" title="checkbox">IrQGM RgYa2 pNW7S ZSOQz 5bXgz GDyrV </th>
</a>
<h3 style="form" style="8sidaWqEtv" onclick="footer">WDoYw nG9p1 vRLgF utE7Y dcUQW WLBox 55dCc <tr>bqQSe 0M6aq o8DIp meRAE F9Iv7 y77Z8 WCerE deEws <form value="input" class="option"><div></div>
<span class="checkbox">6QtVQ </span>
<a role="content">6b8m9 GSJ6w ecju5 3vnne GvF9T YOEId Aog9h OTraE </a>
</form>
<li placeholder="footer" class="footer" data-*="checkbox">BXO0c RykSI <option placeholder="checkbox" alt="mxyjrRtuFZ">wvozY RXagt OWhEu J9yBj XjtlQ </option>
<p aria-*="4H2fGR2IQd">0q1v1 </p>
<option title="cell"></option>
</li>
</tr>
<tr id="text" role="button" value="link">9GyKO FbHdb WSL6z zZzsN rdCfm GWeSs 8tY1d <option><button data-*="table" style="table" readonly="row">eSZSh Olb0U YMnqr wj0Dj VCVNu qHLgl ZWukK BDKG2 IIxwk </button>
</option>
<li>YhtVR jhFya YMD3O YMEpZ j0VuJ </li>
</tr>
</h3>
</td>
</html>

Error: Cannot invoke "org.jsoup.nodes.Attributes.get(String)" because "startTag.attributes" is null
-----------------------------
HTML:
<html>
<table role="footer" disabled="password">4GKeT bbBdH g9qyD wk50N HEBkn bR6xB <input>
</table>
</html>

Error: Cannot invoke "org.jsoup.nodes.Attributes.get(String)" because "startTag.attributes" is null
-----------------------------
HTML:
<html>
<table id="main" onmouseover="option" readonly="table" alt="image"><h2 aria-*="main">Dpjq1 KHy84 LokTr qf2t3 WiaDP Iuc0x X24av <select alt="password"></select>
<td>VYcSL XTqkL mMx48 n4j7m Um9kb yyy80 Babmx QEx9W V1Ycq </td>
</h2>
<span id="checkbox">ZY2Zs eFlQ0 Jr8Vj QKOmQ <option id="button" readonly="cell" role="OM8LL5lDaL" readonly="select">BLCWE rbxt8 ssP9N Dc5ri CBmdd DB2S8 6JtSK 5ibXI </option>
<input>
<ul disabled="input"></ul>
</span>
</table>
</html>

Error: Cannot invoke "org.jsoup.nodes.Attributes.get(String)" because "startTag.attributes" is null
-----------------------------
HTML:
<html>
<option><table onmouseover="header" onclick="EHZpVwcRP6" disabled="link">zuqI9 3jhFa IMTCc 9sAqt 7Ne32 vVHH2 OAcVV zEywx QdPYB gJImM <input>
<div title="8ro2mfhk1F" style="EcbnAVEFBk"></div>
<table disabled="checkbox" class="table">VV6rg AB3v1 9MUlV 1xq4J I7GZj </table>
</table>
</option>
</html>

Error: Cannot invoke "org.jsoup.nodes.Attributes.get(String)" because "startTag.attributes" is null
-----------------------------
HTML:
<html>
<table><h2 role="checkbox"><input>
<form aria-*="link">TewfV 7Uf8Z viiHA T2KXR ywgCr pzBNq eTHUh 7861U ArOen <select aria-*="link" type="table" type="footer" role="gLSevQ5b3T">emecg 47JFz LYgBb MoaMl </select>
<a></a>
<p></p>
</form>
</h2>
<input alt="checkbox" class="DaOHsvHXdG">
</table>
</html>

Error: Cannot invoke "org.jsoup.nodes.Attributes.get(String)" because "startTag.attributes" is null
-----------------------------
HTML:
<html>
<span onclick="5FVYNjDiRy" data-*="vIhmSNFALT" id="main" value="image">H9vpN 45LoV RzkLd Dual2 vDgx5 ezQnp <span id="cell" disabled="input"><p><div style="button" alt="X3KtBJOXKL" class="checkbox"><a aria-*="select" aria-*="table">tQHac mAPoY YRy3m MrVJK 2AwGI Su8ZC y6EhE Xz2ZM MogOR XdwcC </a>
<td title="input" role="table">e1kUG z9QHp ybkbz 0uyun Q4YOq GlqQK njg8p Ergy5 dUz1k pISnB </td>
</div>
<table><p role="checkbox" role="checkbox">uU0fa XnfRe 65gZM </p>
<span data-*="hJAaJYcJxN"></span>
<input>
</table>
</p>
</span>
<button><h2 title="row" id="row"></h2>
<th><h3>PDGkn Iyjsc wzquz OUkhW Feoe8 CkyIk MY3O9 idxxl q84vo eq73c <h3 alt="adLs2JHMFe">LqYnq CpXsU CHK24 AvWjY kzA5a oXjBj 1fmtd </h3>
<input>
</h3>
<a role="option"></a>
</th>
<tr>sFdQE Yd3p5 zuhcO rcTG6 RbjC9 v6DxQ <table>mC12F 9MSS2 VyRuA yClNK cRL04 9GkyL <th style="select">komQG XSl4D 3e8lW JKTX7 5GWEL OOsNq aIiZ5 </th>
<p disabled="bs9DFZwKUR" id="cell"></p>
</table>
<h2 onclick="option">9BjP9 </h2>
<div readonly="form" onmouseover="option" data-*="text"></div>
</tr>
</button>
</span>
</html>

Error: Cannot invoke "org.jsoup.nodes.Attributes.get(String)" because "startTag.attributes" is null
-----------------------------
HTML:
<html>
<p><th class="option">UoKRX XDiU4 Jhidj <span aria-*="option" aria-*="input">LI691 jcecx RZ3Ye aql8O mKrHA Kbxw8 UijHQ </span>
<table aria-*="table"><li>Z41L5 wCZc8 YsAgE LRhYX EDXjM Ajtzg GFsOb NDBoK vCnKY </li>
<ul>0Y0Xe iF60x 8Qgt0 pokuO <input>
<span id="row" alt="form" onclick="table" role="header"></span>
<span placeholder="row" readonly="footer">KxrIc lDB3l zcJUS UZuhh UMAFt 3a90z qNy39 PMG4K </span>
</ul>
<p onclick="1PJjqDLDBl" disabled="mtRWj0v0uu" title="main" id="link">Z1x55 YTNk6 sJfN0 oDPLt Qd8Or dvLDK IlUQM rJTQS 7nvbL <table data-*="row">va8KJ 20L8p </table>
<span>x4fTT iaLEN 0QZJI 1TFCB GVHow BMSVX VgsR6 GF18X </span>
</p>
</table>
</th>
<td class="cell" aria-*="footer" alt="main">sCBFy Henb3 <table style="cell">WCrz6 ERvYq <h3 onclick="main" title="header">PAiXU dWXVN xmv5n 27ocZ 2vAbI ZWwiI JImbk yonCF romIb FzJAg <h2></h2>
</h3>
<th title="cell">IV5Sa eA7rD <select>07PIF 6H7D7 4YSM8 XYINL Ad8X7 HY7yZ vUbW1 kCSAX ogKML aiNo4 </select>
<button type="button" onmouseover="input"></button>
</th>
<a>vV8wf me22G VL3uz JUlnC MgOXE 0Tw0f ZUhwF 5PJ5O <form>5ST7J tf62u dICTV RaCXH iUOfB lYRNL GHVLc HcHwO oGTIM csKak </form>
<a onclick="4H28C9JFsB" id="password" value="nsX921oQwV"></a>
<td aria-*="link"></td>
</a>
</table>
<table>Wd2xR T2UP4 hwxEW <ul aria-*="link" alt="select" value="button" readonly="image"><select></select>
<h3 alt="main">HFbaT peuQt UBszH pjRAP LCsJA </h3>
<option>tj2ai </option>
</ul>
<table value="cell" onclick="cell">DdSTB pSdoL EVOZ2 lHueB xyPN0 cIGxb pnmzF AFoAk <div>YVqGK Fmw7K B2q6p ksidv 1bDJF Nxh9D TYDuj pC0BW </div>
<h2 placeholder="content" disabled="form"></h2>
</table>
<option disabled="table"><button placeholder="text" role="image"></button>
<h2 onmouseover="xGaUW5pLuJ"></h2>
</option>
</table>
<span><img alt="footer">
<form value="password"><h2 onmouseover="select" placeholder="form" data-*="button" onmouseover="table"></h2>
<select data-*="table">GspeJ DCfsk 7BNgI VIVXP NIx2N </select>
<h2 title="footer"></h2>
</form>
</span>
</td>
<span onmouseover="cell" placeholder="password"><h1><img alt="cell" href="form" aria-*="checkbox" value="cell">
<button>RxLsK Zc8Ph ox1uM rRW0D XznMu C63md x6DpR wrofl </button>
<a value="jeTdPaLhvf" class="main">fiFGG qkinR grEmJ <option readonly="button">xbDdk MK3Gc Jlmlb aRowR RZgfu ORukg OOGcw </option>
<li style="footer"></li>
<ul placeholder="link"></ul>
</a>
</h1>
<h2 disabled="select"><option title="link" value="row" onclick="text">Vc7lC c4WUj 5gcXW ouPtU <option value="main"></option>
<p style="footer"></p>
<form title="select"></form>
</option>
<td></td>
</h2>
<h1><span><span></span>
<span style="input" style="table" aria-*="input">VmjOR PD6mY U49PO 1pA9r BEUJP WTkjG 4PRod JCSbJ fsuXf </span>
<table role="option">xXk5G dKvVg </table>
</span>
</h1>
</span>
</p>
</html>

Error: Cannot invoke "org.jsoup.nodes.Attributes.get(String)" because "startTag.attributes" is null
-----------------------------
HTML:
<html>
<li>artyl 9CZtm </li>
</html>

Error: Cannot invoke "String.length()" because "s" is null
-----------------------------
HTML:
HTML:
<html>
<option onmouseover="input"><td style="header" value="password">g24DR k7lTz tmVdC s0FBM 10XOM Ayycd <td alt="content" placeholder="table" value="form" title="form">Q8sNd vdhXp jEAYh </td>
<table alt="input" title="footer" onclick="link" readonly="text">r4Kxu w0r5X xnWp0 LsxAk <tr><th></th>
<div class="footer" title="header" data-*="checkbox" disabled="form"></div>
<input>
</tr>
</table>
</td>
<div>bnpcy SmaO3 LVSZf <form>rhQgJ xKizY <img value="row">
<td class="row" alt="option" alt="cell"></td>
<button>jGz1a Ooav5 oVvtM fjUlh DxnPb VBMfe t3ZJE TVNAs z0IKu <h2 alt="option" onclick="cell" style="form">iuB36 OvHH7 KGOQo zivX8 pjooa wA3sw AU06C </h2>
<tr></tr>
</button>
</form>
<p alt="select"><span id="option" aria-*="select"><input>
</span>
<tr onmouseover="2aZQUrCr9y" id="image" onclick="main" onmouseover="row"><option onmouseover="button"></option>
</tr>
<th></th>
</p>
</div>
<h3>4pYYt KwqVq IiXSy cy2rb D6v4s ItVHi kRszY V93lN vyDYr 66UwS <button onmouseover="footer" id="content"><img style="footer">
</button>
</h3>
</option>
</html>

Error: Cannot invoke "org.jsoup.nodes.Attributes.get(String)" because "startTag.attributes" is null
-----------------------------
HTML:
<html>
<table placeholder="password"><th style="link" style="qz00GuAOfF"><div>CNyiL SY1Vu <button role="3nFc1JxTPf" aria-*="link" placeholder="text" data-*="input"></button>
</div>
</th>
<input>
</table>
</html>

Error: Cannot invoke "org.jsoup.nodes.Attributes.get(String)" because "startTag.attributes" is null
-----------------------------
HTML:
<html>
<table style="password" placeholder="select"><td>rYM7P mZ9dG ScBN1 tV9ZI 7OIuo TTZ5q hSky7 TxL9a <table>IIUmc 7kYJ7 UfgX0 7Hu53 SYwaO <input>
<table data-*="text" onclick="option" role="option" alt="form"><a alt="form">TWri9 lmaH1 02peq 1spSx P5pDD uqKZf 2PrhK Msjqk IsOIA </a>
<input readonly="option" type="row">
<div>xmlAK </div>
</table>
</table>
<h2 role="main" style="row"><tr>k05LL HAFVI W9XKY eO9HP xpcRv JNtac <h3 disabled="button" role="main" onmouseover="password" class="header"></h3>
<tr>WiWUm LCkRF eatkH 7Kolp </tr>
<a style="link"></a>
</tr>
<tr alt="cell"><option></option>
<ul onclick="button" value="table" value="main">U3NCJ rjcCw SnxgN etRHa </ul>
</tr>
<h1 role="text"><button placeholder="content" data-*="header" onclick="table"></button>
</h1>
</h2>
<p onclick="form" data-*="option" data-*="form"><button>VTKba 36Hti UxgJZ OWlEN <form alt="text" style="link" class="table" onclick="header">keT34 w3QZW </form>
<form></form>
<h2>xoSWa t1AMV KVD0L BEQQX C4nbw eqC2Y DnfbU </h2>
</button>
<p class="uShcLhfpjM" id="checkbox" placeholder="text" id="cell">4Tfpl G9E5b <span>PAqrJ 5p3LP UWdKE Leje1 Vyw2t uwNa1 Ztoto 0csaK </span>
<th role="row" alt="G2u4tbnhSI">g4UXU Wpofc </th>
</p>
<h1>rb4SO bKbru a4JaM xXG8g UqkA0 l3XBj HT6Ag VedGj LSnsK OlnjC <input aria-*="table" title="table">
</h1>
</p>
</td>
<li>2jFWW l5K8o GgkjV IgRnM gmwO3 r8WEf zSWty qoQFe j2JaK <h2 alt="main" role="image"><li onmouseover="EpgLEMO7RC" style="fEXDfYh3OP">5E6RG r4f3Y <select></select>
</li>
</h2>
</li>
<a aria-*="table" src="table" style="password">alKJM sUtLR <input onclick="content" aria-*="BDacOqefte" onmouseover="content">
<tr placeholder="table" onclick="password" role="table"></tr>
<td style="form" onclick="footer"><h3 class="link">w41Vn giKue 4TY9P p2Ar2 hp1Zu <a value="K9qN7hWVgC" href="footer" alt="image" title="cell"></a>
<h3 placeholder="footer" title="kqYWplI7k0" disabled="button"></h3>
<option></option>
</h3>
<ul class="content">ux2jJ m11aR 09lb5 be2yy wuU74 OZ3Vs p99rq 4pcLg <button type="option" placeholder="main"></button>
</ul>
<p role="image" style="row" placeholder="table" role="checkbox">ekcgA IqmME lIe7R 4oe1U nsjkk nWrRY 1FTxx fiWue t4wwu V7sIj <span alt="input">bxMV5 J6XEX FJHZB 38vlr </span>
</p>
</td>
</a>
</table>
</html>

Error: Cannot invoke "org.jsoup.nodes.Attributes.get(String)" because "startTag.attributes" is null
-----------------------------
HTML:
<html>
<div>o7xsu 5R1AM PDZmH <tr aria-*="table">M2tOh KasYL 4dFIr 4WoPG Ko4vC L17zy eP73S <li onclick="footer" placeholder="content"></li>
<input onmouseover="table" readonly="password" style="form" alt="option">
<li placeholder="header" role="button"><span style="input" onmouseover="password" onclick="vHCQQmtLKX">qtuKf H4UmV jj2Vl 8tqWs <td title="main" class="form" aria-*="text" data-*="button"></td>
</span>
<a></a>
<span data-*="select" aria-*="link">VFNUm ZOYW7 jo4qq g0Czz Dd1en iL939 ysKHS 4ZkQ8 </span>
</li>
</tr>
<table onmouseover="select" role="eWR0bmHzrW" value="row">qSnqF ghcKk xoyfA vnuIP GusMH <input>
</table>
</div>
</html>

Error: Cannot invoke "org.jsoup.nodes.Attributes.get(String)" because "startTag.attributes" is null
-----------------------------
HTML:
<html>
<li>6Nqt5 04IDS 5PhuF 3VjgZ FWnAd <div></div>
<div placeholder="input">Pyj3r Y6fzc slxbU 0y7aX jHNFF 95WNL <h3 id="SsEOU8oiwJ" style="S80qiYesOu"><span style="password" id="table" value="footer">z9JIs yBVCv 5mOla MbByr 4LeJ1 3UOEi vhf73 NDVOM <ul value="row"></ul>
<img>
<option readonly="select" title="select"></option>
</span>
<p title="option"></p>
</h3>
<span disabled="select" value="header">6OPlH CqWE8 q0hXm RwnPi ZnKHW xPSHk 85B8I ir4Fh P9saa <img onclick="checkbox" aria-*="footer">
<td>XUnLn </td>
</span>
<tr onmouseover="image" id="ih6lhzFoTa"><form alt="link">VROov tLQpB ZhxaG 1KLNT <h1></h1>
<li onclick="image" class="checkbox"></li>
</form>
<td placeholder="header" title="form" readonly="footer"></td>
</tr>
</div>
<li>5KhDC Necv9 vGgop 4Y4yb vn64W hUnBQ i9mJ0 twrj9 gJ4Ga <table role="checkbox" role="select"><button id="form" readonly="content" role="content">qTTdS vwgf1 DJngV 02G8a JKlkG GvbPl o2OlM d4U4B afAgT HIzVz <h1>j3SEE 3DGbC pp5BX hEpND fy6Mb EEZRV qBuCZ inZWX bG3JD ytgIP </h1>
<input>
<table id="option" value="checkbox" id="main">sVMns bZpbe 79W0a </table>
</button>
<td>mLU5f <div placeholder="link" onmouseover="table" data-*="select" readonly="SPbAkeXSKG">rWJsn </div>
</td>
<div onmouseover="PP3R058w8t" id="footer">4nxnF <td readonly="input" disabled="content" aria-*="link">YQmu1 </td>
<a aria-*="footer" data-*="button">IqFKp 0yKMH </a>
</div>
</table>
<th onclick="image"><table style="text">OJH9u 6M57X mm75y JDhhV <p onmouseover="header" onclick="main" data-*="header" alt="main">A6eGu AIFS8 PvjPt Lrdwv 3ZLNR U6dZB jsmCl vEFJ5 yAhZD aBKD1 </p>
</table>
<li style="6eqO08quqv" title="form"><div disabled="footer">mjk5A fmRp3 evP9B hZUpC 4BAHa EkJ1g 0UcGt </div>
</li>
<input alt="input">
</th>
</li>
</li>
</html>

Error: Cannot invoke "org.jsoup.nodes.Attributes.get(String)" because "startTag.attributes" is null
-----------------------------
HTML:
<html>
<div><button readonly="text" id="form"><td placeholder="option" alt="pd25SM80JZ" readonly="button"></td>
</button>
<table value="password" alt="image">sQsi2 P3GHc KStMw rGBNf FQCVQ b6Ht5 46LiH 2keN5 nJNRc <div title="form"><li>DM1If TRTDr hUoLf MKHwX FI21I PXIJE uuKz8 4joVm </li>
</div>
<button placeholder="button" alt="checkbox">wngxc 0Fx1o WECFR <div onclick="text">HlXOC 5Xuqg XeP6k BPxfw pJQXx r69Ri </div>
<input>
<select readonly="button" role="image" readonly="link"></select>
</button>
<input onmouseover="table">
</table>
<h3 onclick="option">KkcDb <th></th>
<li><form title="table" disabled="link" title="form" class="cell">qvVui vfhzy </form>
<ul disabled="cell" placeholder="image" placeholder="select">bFkI3 njdtR hiqdQ 4nLi6 </ul>
<span value="text"></span>
</li>
</h3>
</div>
</html>

Error: Cannot invoke "org.jsoup.nodes.Attributes.get(String)" because "startTag.attributes" is null
-----------------------------
HTML:
<html>
<table onclick="content">01VlZ Zld4K lcct8 <form data-*="button" title="cell" role="table" onmouseover="cDllz6lGh4">mJM9U cCxxM Lzsui 1j2NA Le1g6 jA3E2 <td role="footer">vTeQR 0coLo eMFlc E6NeF OhMcQ DZMvw WwjrU GQvdk RDtJV <option disabled="content" style="row" readonly="d42LpVOPqN">1dJSV k4B7l kdupk aS1Vi PDWNt Ypab1 <img>
<select onmouseover="XbjeFCJeli" readonly="input"></select>
<button data-*="text" id="row">4wxjL w9tKK ClxXG </button>
</option>
<ul placeholder="image">rwBPW PQA0O J38P1 5Qae1 WLOdv cD8FX iwyp2 MiUbA 7of83 7PHUC <tr data-*="option" class="cell" placeholder="main"></tr>
<input>
<button type="select" type="content" disabled="password" aria-*="input">x0M6n Q72bF MJLGs rTyuj wSVjs Fmx5B 0cGdd NEPE4 4IFMw </button>
</ul>
</td>
</form>
<select placeholder="input" readonly="password" value="option">o0QxL 8xoJh g8BtD 94qH7 vziXf tOiO0 <li onmouseover="option">35tuW P6Vva 9nNmF XPUYH ikUDQ j4NxG FEj8L </li>
<a><th role="main" alt="table" title="password" style="image">7QxXw bj8QJ <ul alt="cell" data-*="select">UjxaY y3VmL jaBsx QSOh5 bwJch NCnbC yjeGV iBaX1 xFDal j1Lsj </ul>
<span role="main"></span>
<input placeholder="button" data-*="footer">
</th>
<h2>iKK2B o0kAY OYsRw KWjYi Zecft </h2>
<h1 disabled="link"><input placeholder="input" disabled="footer">
<button onclick="option" type="cell" onclick="checkbox"></button>
<table value="hpLz4yBMgt" placeholder="psWPHdHznL"></table>
</h1>
</a>
<div>rD8A1 23iqn LYe29 Ocb5J ZOi8w A8qfE C8CUB 8iPdR </div>
</select>
</table>
</html>

Error: Cannot invoke "org.jsoup.nodes.Attributes.get(String)" because "startTag.attributes" is null
-----------------------------
HTML:
<html>
<table><table alt="footer"><option onmouseover="cell"><input readonly="table" disabled="row">
<td disabled="V2E1Eq73f5"><input role="cell" id="main">
<th>NwWja ySmow </th>
<img readonly="table" id="button">
</td>
</option>
<a onclick="option" onclick="footer" data-*="main">SA8z9 ABDXW gLson <h1 placeholder="image" placeholder="KFtelhCqsc" title="row" data-*="option">yLTKQ RRLbM BUert oRVik mrBrQ R6zH0 os0XS qUAKo wJnqb zY8r4 <tr></tr>
</h1>
<img>
<input>
</a>
<li placeholder="rn1fFbYVKC"><form class="footer" value="button" role="table" aria-*="link">pxL7l 0aTLc qi7QM a6izT KccYq p3lic tDGrX </form>
</li>
</table>
<img>
<td aria-*="input" disabled="table" placeholder="row">mv0B4 </td>
</table>
</html>

Error: Cannot invoke "org.jsoup.nodes.Attributes.get(String)" because "startTag.attributes" is null
-----------------------------
HTML:
<html>
<table placeholder="content" readonly="select">Ugzoh MeNVS O3CMQ z6HbE 3cTaD DFr0I BxZdZ p1X7i <h2 data-*="input" class="input" role="option">9XkUb LAFvC glKex mtxgE mJ8PD SO1es 6nfZM fgUIy LkDAL N7lvO <td onmouseover="main" readonly="checkbox">LKtRb 038J8 <select role="checkbox" class="header" onmouseover="option" onmouseover="table"><button readonly="input"></button>
<li></li>
<li></li>
</select>
<div alt="row" value="select" id="option"><input onmouseover="footer" class="link" class="JLhYPP77tJ" role="content">
<form onmouseover="header"></form>
<p style="image" placeholder="cell">yUacS </p>
</div>
<img value="main">
</td>
<input>
<th value="cell" data-*="password">N7kXW Fs0nK W0LpW hywaf 73Z6d kRqXT Q7Eod rYEMU 4vb7H YjUvA <tr title="header">Hgs65 m3voD <span data-*="input" style="X1nxfWlVu3">KwryL 1bLY8 R6vgM wgIzQ iV0h9 g8ZE3 </span>
</tr>
<img onmouseover="row" title="button">
<td style="Cqrz8dF1sN"><li class="image" id="text" style="link"></li>
<table style="main" placeholder="password" readonly="option">QqpI7 OOPRZ </table>
<button></button>
</td>
</th>
</h2>
</table>
</html>

Error: Cannot invoke "org.jsoup.nodes.Attributes.get(String)" because "startTag.attributes" is null
-----------------------------
HTML:
<html>
<form readonly="button" class="content" data-*="password">BnD5E eGqmi jpWJI UrP4P DDQVP 9a8cA MYWMK <td placeholder="password" placeholder="row">Udo83 DPGFb </td>
<table style="cell" style="table" data-*="image"><input>
</table>
<form alt="row" onmouseover="oFh3H0Vy7D" value="0CMre1bLhZ" id="checkbox"><form>3AWJV 55B6B l3dWW F0kNZ </form>
<option value="option" disabled="option" alt="button"></option>
</form>
</form>
</html>

Error: Cannot invoke "org.jsoup.nodes.Attributes.get(String)" because "startTag.attributes" is null
-----------------------------
HTML:
<html>
<option>UR4QL VbRp1 cYuD6 e3pvX e5OJA C7o4S S8nA2 <a style="password" readonly="link"><input aria-*="table" aria-*="form" placeholder="table" role="main">
<table class="button" data-*="option" id="link"><li>gQ4PC B07Tk fTfSy <input>
<img>
</li>
<h2 readonly="button" alt="select"></h2>
</table>
<a aria-*="footer" src="select" onclick="password" role="text"><ul placeholder="footer" placeholder="qG0ydEUlKu"><table onmouseover="content"></table>
<select aria-*="table" style="input" class="option" value="input"></select>
</ul>
<span class="cell">9wnOC tqfDd VnnUL Vn546 kVSFE PtdAO mdogJ <img role="header">
<ul alt="image"></ul>
<h2 data-*="form" alt="content" disabled="content" placeholder="content"></h2>
</span>
</a>
</a>
<h2 onclick="header" title="text" title="option"></h2>
</option>
</html>

Error: Cannot invoke "org.jsoup.nodes.Attributes.get(String)" because "startTag.attributes" is null
-----------------------------
HTML:
<html>
<li disabled="link" disabled="password" alt="form"><button class="form"></button>
<li alt="content" readonly="header">1eRQV 4ZlNP <table onmouseover="table" onclick="cell" alt="image">jH4Vo 4Krtp RhY4h 7uwEP Oql1S e4YmH cENbI ec1hX oe3pt <input>
<h2><ul></ul>
</h2>
</table>
<button><h1 data-*="form" onclick="content" disabled="row" class="eIXMe15wo1">jntuc gCO64 1ioqm 2ZC4n xCg8t 51r0w phe9m </h1>
<select role="cell"><li placeholder="main" style="checkbox" onclick="text" placeholder="password"></li>
</select>
</button>
</li>
<th onclick="footer"><a onmouseover="text">efdph 1dcdz Wanax FY7RP MUMFU E6kGw <button aria-*="table"><h2 style="checkbox" id="cell">DZXlm c2MpF lGWfp 07xhV QXd1t 6iahy Ieqep r9QYJ hCjdx </h2>
</button>
</a>
<span placeholder="password">skRlC jk4tF <form><table readonly="link" alt="main">hRLXn cGc8Y YT4ew </table>
<tr></tr>
</form>
</span>
<input onmouseover="BjOknRJy4P" aria-*="image" readonly="form">
</th>
</li>
</html>

Error: Cannot invoke "org.jsoup.nodes.Attributes.get(String)" because "startTag.attributes" is null
-----------------------------
HTML:
<html>
<table><li value="k14lSVlW5V" readonly="checkbox">QScCT 8lPgD DbH08 1lItJ wngNe MBCGZ EnAlH EqfMe <td onmouseover="button"></td>
<button title="xakOW0h9bN"><input>
<button onclick="cell" onmouseover="CIUQdtooKs">lxaEf g0iKB aQgZc dp7PV 3pfYz yjaEx xUyfX KFDvB EsR5X 7ZkzS </button>
<tr><select>yhGUW Pr7Dk poBaC U9wnK YLxM8 AMPds gvccH P2RL1 YVChE KMfD3 </select>
<h3 readonly="image" role="form" class="header">0aH8w R8S6u h4dFH bSXFd Uw6ry Acwod </h3>
</tr>
</button>
</li>
</table>
</html>

Error: Cannot invoke "org.jsoup.nodes.Attributes.get(String)" because "startTag.attributes" is null
-----------------------------
HTML:
<html>
<a title="table" src="main" style="input" src="select">qwr3J dkg59 ogP9X RTRXO GLtxj Qv0H7 maO57 qCNwj BNBTE <table title="9wtwVnib2p" onmouseover="footer">7zsQM 8AZal xiFVd t4UUl WreoM <input>
</table>
<a data-*="button" role="input" alt="form"><option alt="cell">uilKR </option>
<li title="checkbox" placeholder="image" title="image" placeholder="text">Hk4i9 z1Q0x tTXek ptFpP 6wIfn 5opJC </li>
</a>
<p></p>
</a>
</html>

Error: Cannot invoke "org.jsoup.nodes.Attributes.get(String)" because "startTag.attributes" is null
-----------------------------
HTML:
<html>
<table readonly="dcYSczxykV"><input onclick="form" onclick="footer" role="checkbox">
<tr onclick="button"><h1><span role="select" class="button"></span>
</h1>
<h2 value="password" id="select" aria-*="content"><select onmouseover="checkbox" role="button">hyUcr ntGia aEMQh f4BNU WwW0M </select>
<input>
</h2>
<img>
</tr>
</table>
</html>

Error: Cannot invoke "org.jsoup.nodes.Attributes.get(String)" because "startTag.attributes" is null
-----------------------------
HTML:
<html>
<table class="select">i9T7v 64jS1 vnESO PFkkC 3YVDv AZnX7 IHpGX <input>
</table>
</html>

Error: Cannot invoke "org.jsoup.nodes.Attributes.get(String)" because "startTag.attributes" is null
-----------------------------
HTML:
<html>
<ul placeholder="cell" data-*="form">UTFaf iK5HL Iots4 Nv9Zl YhLiK Ao9jZ 43vsk uqyhF vLClN ZUvkY <span onmouseover="link" readonly="input"><table class="option" aria-*="password" onmouseover="button"><select class="select" value="select" role="footer"><p title="text" onmouseover="image" alt="password"></p>
<h1 disabled="row" id="row" onmouseover="cell"></h1>
<th role="checkbox"></th>
</select>
<p onmouseover="form" alt="main" alt="select" class="GfbjIRtwwM"><input>
<div alt="button" onclick="row" onclick="link">yDZEk t7LHq gYegY TbUgc IhqzD GSZ1H </div>
<select onmouseover="content" data-*="HOFgreluu2" placeholder="select">Rh6eM ZFUKW CtuiW a3pDa GkQs5 jAavJ 1YJmy CBTF6 </select>
</p>
</table>
<p alt="row"><form class="text" data-*="password" onclick="image" title="password">FmWGm 6R2m0 bHQfc Z6CVh VIAmq wIgEI Xqobf Ununy 3Gc6h <span onclick="content" onclick="input" title="nzWd2mBpNP" style="password">lhTeA 39lei </span>
</form>
<h2 aria-*="image" class="option">w5oPS JfJ3c qhsuJ AjmFz aeL5L Pnngg X7ZVD l8j3l <form readonly="content" title="button"></form>
<input readonly="select">
<li data-*="select" value="header" role="text" title="button">5g4TI SqQH8 z4gLH pernE RpbCI A2u56 whRdj X254g pUJKx WFZeH </li>
</h2>
<form readonly="text" role="select" placeholder="row"><button></button>
</form>
</p>
</span>
<td data-*="main"></td>
</ul>
</html>

Error: Cannot invoke "org.jsoup.nodes.Attributes.get(String)" because "startTag.attributes" is null
-----------------------------
HTML:
<html>
<form class="table" title="form">VR1wU OjSAV omiQ8 mgJly 8GrDu Af8au v8TiL 40KMx n9Er5 <td readonly="gSfFXg8Ag3" onmouseover="TOsjFFVhMw" class="CPqgSQuKRN"><h3 aria-*="input" readonly="select" value="text"></h3>
<table role="button" onmouseover="text" class="header" disabled="cell"><input>
<select data-*="header" class="cell">Ny4sn nSLTN G8HXv zYY5U z9lWP </select>
</table>
</td>
<div><input type="button" style="main">
<h3 data-*="password"><span class="footer" onclick="select" onmouseover="password"></span>
<th style="password"></th>
</h3>
<input aria-*="select" title="content">
</div>
</form>
</html>

Error: Cannot invoke "org.jsoup.nodes.Attributes.get(String)" because "startTag.attributes" is null
-----------------------------
HTML:
<html>
<table><p value="link"></p>
<div readonly="text" alt="input"></div>
<input>
</table>
</html>

Error: Cannot invoke "org.jsoup.nodes.Attributes.get(String)" because "startTag.attributes" is null
-----------------------------
HTML:
<html>
<table value="cell"><form id="header" id="footer" value="form" data-*="select">1LkCw <img>
<div placeholder="checkbox"></div>
</form>
<h3 alt="zgw0KHcrmd" placeholder="footer" role="image" role="image">wPZxS 82xEk YSO9K Y7oru 0OsjF udlES 1q98z mNpfx lVOmJ <h3 style="select" onclick="main">wIZ9N QKzMo 6BrgI </h3>
<td role="footer" value="link"></td>
</h3>
<form disabled="main" onmouseover="checkbox"><input>
<p>JDJpG I43Z4 XVZu3 7Gs7n UhcbD </p>
<h1 class="checkbox" data-*="checkbox" onmouseover="cell"></h1>
</form>
</table>
</html>

Error: Cannot invoke "org.jsoup.nodes.Attributes.get(String)" because "startTag.attributes" is null
-----------------------------
HTML:
<html>
<th placeholder="button"><h3 readonly="text" data-*="button" style="select" readonly="text">BFyKF 4wGa5 aECHM AnIDL egg0T <table value="cH49LQgYqx"><h1 placeholder="row" placeholder="row" title="button" role="main">7rtUB dQMdk JpwPf LAGhl PCmF7 <form onclick="cell" alt="button">hfDB3 731Ci 4pCsx pFrM3 CbsrK eGlgM 7dBHU EZeEL </form>
</h1>
<form data-*="cell" onmouseover="c1GgXNEQre" value="footer"><div></div>
<div aria-*="password"></div>
</form>
<option><td data-*="input" role="password" readonly="text">EUCTl kjsEx OKs5A AFYIb </td>
<input>
</option>
</table>
</h3>
<tr data-*="footer">TGYax 0DDz1 <select><tr id="link" onclick="cell" class="button">CHAOG </tr>
</select>
<button placeholder="image" onmouseover="row" value="table">h1gXQ LG1Uo JDBx2 k4j3x cHl22 BbTmW zSAJu 4Zy22 4adcO SOfWo </button>
</tr>
<ul>5AVSN eCuQ4 XoY8j ucBG7 QxhuX <ul><span placeholder="table" title="text" onclick="input"><th class="cell" placeholder="option"></th>
</span>
<h3 value="text" class="select" value="form" role="header">rPVB4 JJT9O 6IOYq </h3>
</ul>
</ul>
</th>
</html>

Error: Cannot invoke "org.jsoup.nodes.Attributes.get(String)" because "startTag.attributes" is null
-----------------------------
HTML:
<html>
<th value="table" class="cell"><input class="form" type="text">
<table placeholder="checkbox" id="input"><h2>yNFsA O2Mgb fFLzS H7k6i aFQ1L VyhhD QniqP YvOar wKRzB 1EwMC <select>9YpNs 8H9uU fs9oa 1cnI1 S8UF0 yX039 AXf8U lAzpQ iZzCV </select>
<h2 readonly="image" alt="cell">OGYS4 z9Sst mO6mj S1Cef 23pWa <input placeholder="row" onmouseover="button" onmouseover="form">
<input>
</h2>
<button type="u8JZM7tP0t">Ta5jO viMoB yBDGQ SWNSz GaXGu <h2 aria-*="checkbox" style="58sfvDFIny">VU958 GrgUV 4Eb2s kDlsa </h2>
</button>
</h2>
</table>
<div class="select" onmouseover="7ToQTbyChb"></div>
</th>
</html>

Error: Cannot invoke "org.jsoup.nodes.Attributes.get(String)" because "startTag.attributes" is null
-----------------------------
HTML:
<html>
<span class="select" onmouseover="image"><td><tr>nzzzp k3nXo Gfwpy YxuQA hxKRX 3GTVq 0VWkg pjiNS <td data-*="cell" id="option" value="text" class="option"></td>
</tr>
<table onclick="cell" title="image" value="checkbox" aria-*="button"><input>
<img src="cell" src="button" placeholder="link">
</table>
</td>
</span>
</html>

Error: Cannot invoke "org.jsoup.nodes.Attributes.get(String)" because "startTag.attributes" is null
-----------------------------
HTML:
<html>
<div>sF5sO 2khRy tVrxw J5mfq 5xxwj zYzFa RROXl xbr2J RfDP9 <a onclick="button" alt="link" disabled="password" id="form">FQiXG aKGZf r7QfR l1NT4 otHIV <option alt="cell" data-*="input"><ul id="cell" role="option" readonly="header" aria-*="option">diLXP 7f6gN wXGIC c0G9w h4pSr 5xy73 zYSBJ StgKc </ul>
<h3 aria-*="image" disabled="header"></h3>
<h3 placeholder="text" alt="select" readonly="6pThLFoqvc" id="select"></h3>
</option>
<table id="button"><input>
<ul>x95sE dMDJS j2b72 </ul>
<th data-*="content" onclick="option" onclick="form"></th>
</table>
</a>
</div>
</html>

Error: Cannot invoke "org.jsoup.nodes.Attributes.get(String)" because "startTag.attributes" is null
-----------------------------
HTML:
<html>
<select>zCKDD YtYOg SUKU2 WZkXf UjSxl 847Yp OhWZF N657O CasdH Gbdz4 <h1 placeholder="row" disabled="cell" data-*="text" role="select"><option class="form" id="row" data-*="text">Xtcit FM2IU EZXcX 4bBZy <select value="text" alt="password">rXNDy jciAb pELA3 bBTuJ </select>
<p>uD83I AkHJu FCDlz SSByS bwWns fsUc3 ReDlx a9r6j c5I7s 97Zpx </p>
</option>
<table aria-*="table">aQ9lR jQxiR cwqqZ UOxCi 8dwfQ gW6k9 OnrNc lDHS7 <button title="header"></button>
<ul placeholder="password"></ul>
<input>
</table>
</h1>
<form></form>
<img value="header" title="select">
</select>
</html>

Error: Cannot invoke "org.jsoup.nodes.Attributes.get(String)" because "startTag.attributes" is null
-----------------------------
HTML:
<html>
<table><td disabled="ouvI1uliLL"><img src="CRa0o3YCuX" alt="input" onclick="QttnaYGn77">
<tr placeholder="image" disabled="select" readonly="cell"></tr>
<h3 onmouseover="button" disabled="table" readonly="link">XrSfF MXWOS qu8Uz ww25Z 6hhnJ KLwkr </h3>
</td>
<option alt="content" placeholder="row" role="header" readonly="button">YMcsy qnqlX 9mrud KDlaj 9Ep52 DOWFw <td readonly="image" title="main" placeholder="select"></td>
<li role="button" placeholder="input"></li>
<div title="PUlqR39TgO" role="cell"></div>
</option>
<input>
</table>
</html>

Error: Cannot invoke "org.jsoup.nodes.Attributes.get(String)" because "startTag.attributes" is null
-----------------------------
HTML:
<html>
<table onmouseover="header" data-*="link" class="table"><div onclick="main" class="button">uh5Ef vjkcT RkWlT 1EGFK jX6dq 9B6yX ALm9j <h3 value="table" role="image" class="input"><option data-*="content" alt="image" aria-*="content">IpryH xYMp9 tas5R tbPzE E1R7X Ha1tI 0EPxL H6TfE uKz3R <input>
<input onmouseover="form" readonly="link" data-*="password" role="form">
</option>
<li onclick="password"><tr></tr>
<option value="form" value="password" readonly="row"></option>
<li alt="link">hT5l9 nNFHT 5NJD4 </li>
</li>
<button><span data-*="table">w4feg 8UKps Z4EGx g47m9 D7kSl 4TtDq UQRBc y7W2H E0M9h hGFaL </span>
<select role="link" data-*="button">mMgpx wN8oF 8BAy2 JKCMu exhkG </select>
</button>
</h3>
<option aria-*="checkbox"><a data-*="option" onmouseover="ygiEJ4Tzh0">DxpZx UIDUS rJGbx adgkY 1MDK3 1223o <h1 onmouseover="main" value="form" onmouseover="q8ZPfIwOcS" onclick="footer">udDb8 AoJYv 7bB98 gxGfP GSWcn CfEek 1lmN0 </h1>
<form>MgpjT uJLRd REZKF tqiqg hWiMj </form>
</a>
</option>
<ul style="main">0pcfk mc63A RswmB 9jnun EhTX0 PHrKa ydWTR <option class="option" aria-*="image" data-*="select">x5bI9 bQ4on qXjsN RaVCK WhTU9 Ti5DJ Xy8Nt PFuRL </option>
<div onclick="checkbox"><li>PCenQ OKMBN eoKne JAsDw 3wG1Q 8bD8y TRLbx dNMbl 4owVB vZ1K0 </li>
<ul onmouseover="cell" onmouseover="content"></ul>
</div>
</ul>
</div>
</table>
</html>

Error: Cannot invoke "org.jsoup.nodes.Attributes.get(String)" because "startTag.attributes" is null
-----------------------------
HTML:
<html>
<div readonly="gXgctbz861" style="main" value="image"><h3>sUlh5 oZgjn 6wTfa yy5l8 prei7 wqvb5 ohGEv KW97G vaUym <p>G6diV <h1 disabled="cell" readonly="checkbox">9rvG3 KNQkL S5jn5 76sL3 fNuJj GmrPl LJb4x SczF9 asPt1 </h1>
<td>fS5c4 <div>1MrxB </div>
</td>
<p readonly="aQFLK3FARS" style="main"><h2 alt="input">pT19n K7LoB u2lkF 6x4Id CA2DY </h2>
<input data-*="checkbox" disabled="main">
</p>
</p>
<table id="QTQDffY4mY" aria-*="header" data-*="fnUgXnXzqp" value="main"><input>
<ul></ul>
</table>
</h3>
</div>
</html>

Error: Cannot invoke "org.jsoup.nodes.Attributes.get(String)" because "startTag.attributes" is null
-----------------------------
HTML:
<html>
<td onclick="table" alt="option">2IdhC x3Fjj VOXr5 liMNv HOthJ eXbFG 5qkQg <img>
<table placeholder="input" aria-*="input" class="footer"><tr title="password"><h2 alt="button" value="select"></h2>
<th onclick="button" class="input"><span></span>
</th>
</tr>
<div role="password" style="link"><input>
<option placeholder="uST3g1THtg" onmouseover="table"></option>
<tr>XteOb 1qK6S ZgPF2 T1sPv vPKZK sgSQd RgM2I n1Pxq JX92a <button onmouseover="footer" alt="row" placeholder="image" role="table">vJs2R 8OID8 5oGQC fMngK WRRNa jhhTz 4je89 1tNi7 0l4Q6 </button>
<input role="button" value="input">
</tr>
</div>
</table>
<button disabled="select" value="select"><h1></h1>
</button>
</td>
</html>

Error: Cannot invoke "org.jsoup.nodes.Attributes.get(String)" because "startTag.attributes" is null
-----------------------------
HTML:
<html>
<tr onmouseover="form" id="link" class="main">npJw8 HXJFs HKZ6F HhZyT mTnBV vCT74 1QyKw 3yMix <img onmouseover="link">
<img role="header">
<table style="link" value="button" aria-*="row" title="select">FPznI 8m02k FL3qq 9eQZb 4JPgh 4T7LE KS3xe zFkjx <a aria-*="row" src="image">QI24j LfAlE A6PvH 5yRh2 JRM1Y <p value="image" role="button" aria-*="header" disabled="button"><p value="image">qpPSu xBoUj TcsuX </p>
<p alt="main" readonly="table">Ksuwe </p>
</p>
<input aria-*="input" value="form" disabled="cell">
</a>
<span readonly="0BxpBI7Qeb" alt="main" value="text" aria-*="header"><h2 alt="HQSP4LovNn" onmouseover="VLbXtLzvNX" disabled="row">R63Zx hC9HN 04qWm uTkgQ aMATq FXO8q CKM9P 3MuaN VzmvY SPpeD </h2>
<a onmouseover="option" onclick="J41YbN1jhn" title="select"></a>
</span>
<table>hYWxu G4Lpt Vr15J 5Tgmv DX5rD YNS8r SUgW4 vFq0w <h2 id="link" data-*="header" aria-*="text">AJGFF Nvhex dVndC 0KSEt V5DiT <td role="password" alt="password"></td>
<input>
<button>HO75e HEyLv TyICP dfsZO 8aW5m CbVjS </button>
</h2>
<h3 aria-*="checkbox" role="select"><tr id="link" readonly="button"></tr>
<form id="checkbox"></form>
<img>
</h3>
</table>
</table>
</tr>
</html>

Error: Cannot invoke "org.jsoup.nodes.Attributes.get(String)" because "startTag.attributes" is null
-----------------------------
HTML:
<html>
<h3><table role="link"><h3 disabled="row" placeholder="link">0EON3 rUffg 22Fpl j7Lsz nr8E4 HqRyO CKkg6 <input>
</h3>
<img alt="select">
</table>
</h3>
</html>

Error: Cannot invoke "org.jsoup.nodes.Attributes.get(String)" because "startTag.attributes" is null
-----------------------------
HTML:
<html>
<table alt="cell">EPOWW tKMdq xIQ3W BLH8D 7IiuW 8UA6j VhwPI <h1 placeholder="row" placeholder="footer">igsBc cNxAW ZQ3DD cNBgk L0Bab axcs6 xBWWH <h3 style="main" onmouseover="checkbox" role="checkbox">OxAKz pDnRk l0kfy p1GpF zNSxJ 16hOy 8vsKE C5wkJ kbs2z </h3>
</h1>
<select>7XKqK 6xbmz cerVv W4iIH NJDUe 3QPDH Ds2Dk gDpid 7NcCH lJm4Y <ul placeholder="input" id="link">hT4fa <p onclick="select" placeholder="button"><a disabled="cell" role="cell" href="cell" aria-*="content">8SYMZ IKo6h pGhED WqIBJ doFJd bqMOJ TPUwg wCKHQ kWZ07 </a>
</p>
</ul>
<h2><select placeholder="table" id="content" disabled="select" class="vqLGk7rHNe">IkNNV IkRQi eV0fU JKbSg pDMb5 OVDfh 53dKO m3fSW PAGEA <h3 class="select">gSZed sH28u 0Gu8q mxOKD wZvZp 7jZSq </h3>
</select>
<div role="checkbox"><ul data-*="button" id="checkbox" role="link">ibquA jqw6i vtcYz </ul>
<img href="input" class="main" onclick="select">
<select onclick="input" role="link" placeholder="header" title="checkbox">8des0 kn4G7 PFNOC tinS9 1z2SS 7BQnH DX5cJ pDZBp </select>
</div>
</h2>
</select>
<ul><li></li>
<input>
<td class="JQenENacTS" alt="link" data-*="form">gBqFE puHMP bXr5U Amu1G GKhvM fv8Dz CIzNN </td>
</ul>
</table>
</html>

Error: Cannot invoke "org.jsoup.nodes.Attributes.get(String)" because "startTag.attributes" is null
-----------------------------
HTML:
<html>
<h2>VybPh 5ubEe 9HmTQ lllFO zoeJ0 HdDxy 58Yj7 k6gJ2 <table onclick="select" style="image" alt="main">eg9IV 5qJi0 9vYlx XA7nF IkyTH PKrEJ zPP2P G1Pfx <input>
<h2 onclick="hUsRHxgVJv" title="main" onclick="link" onmouseover="content"></h2>
</table>
<select type="main" class="header" readonly="gRyf6gfCWM" aria-*="row">4rZoM hrkrV qsq4j maPUW kKirc AYsUI <select aria-*="row" alt="row">MhmQ0 X4dzI J52ba Ms6tA 0sJOl </select>
<p></p>
<td></td>
</select>
</h2>
</html>

Error: Cannot invoke "org.jsoup.nodes.Attributes.get(String)" because "startTag.attributes" is null
-----------------------------
HTML:
<html>
<form aria-*="checkbox" style="button" id="footer" title="password">p6bPF 74J9y d619t 5CkHP XM33t 3516m TANFg <table><input>
<select onclick="row" onmouseover="footer" onmouseover="content">RZJrZ PfKHT <li>D3rHV T399m lolV2 ErHXp sfJvP WQI22 Dr4IW <p>qkMlH TK8zt rRSiI HK6JD y9x43 W4tVF ZmFbJ </p>
<option title="main" title="input" onmouseover="UjB31hrKNI">7HpL5 BTHnt nY8HL k0Q8s hgysR </option>
</li>
<li readonly="RQJHNRQBLI">sUtLg FZzbP jnpTz 3x74N GwlDi SGKR9 nn3lu yxM7Z rgbwg <li onmouseover="table" disabled="text" disabled="main">ui9hi </li>
<th id="row">nwQPx qz24d T3E5u cQ1kg ZwVMf j8tDD 8y33a FJHGn PleRY kStTZ </th>
</li>
<tr id="checkbox">DvorK kLQNO kaEaX 18gry So3nn iEkhL eoJMC pgJYf </tr>
</select>
<td aria-*="row" onmouseover="image" data-*="form" aria-*="content"></td>
</table>
<span id="text"><h3 role="main">cKm6Y mX6zW h57Tj uBba8 UBRiT DROB3 <form aria-*="text" style="content" class="option" data-*="password">cuxwi H9AGd Rslgc <ul style="footer" aria-*="select"></ul>
<h2 aria-*="cell" readonly="table"></h2>
</form>
<h3 data-*="text" role="button" onclick="header">sk9Po OwGZR b79Me nxuTd EK9v6 T8dXh TLGDU Bkk8N <ul>uD9ln ePvB0 71wjI X6hYo rIAsZ </ul>
<img placeholder="link" id="button" id="footer" title="checkbox">
</h3>
<p role="cell" value="footer"></p>
</h3>
</span>
</form>
</html>

Error: Cannot invoke "org.jsoup.nodes.Attributes.get(String)" because "startTag.attributes" is null
-----------------------------
HTML:
<html>
<a onmouseover="cell"><option><table id="wOl3zpRniB"><input>
<input aria-*="option" id="text" onclick="row">
</table>
<td aria-*="button" onclick="button"><h1>5Wq1e kdd3h ZZUU9 NDizG qwLDK uO6pQ qBqu8 RajEB FKISl yuJ89 </h1>
<th readonly="text" class="link"><select readonly="cell">CozLi lOBLV tG221 zlEJA tkp5s Mz5EI kDqRq </select>
<option role="input" role="footer"></option>
</th>
<span placeholder="input" disabled="password"></span>
</td>
</option>
<a><table alt="image"><table placeholder="row"><h1 class="select" onmouseover="SoYB1BXQTf" alt="main">mJqk6 qA7cM </h1>
<button>fqH8e VBUcY U9Bdg </button>
</table>
<h3 readonly="image"><h3>T9TyX EkytN </h3>
<img src="image" data-*="input" class="select">
<form disabled="content" readonly="button">pcArM NPA2k jnPNW UhgnG sBWkp bM5b2 Q72wD Zt165 </form>
</h3>
</table>
</a>
<form>hWmBo U3Tsc khqGa KWtEd d85xo BkSma <span class="main">lbbQd 32IVe CPRIa inYhK SsRHK NfRML 2MeFG T4iIt ZNBVp FZFsG <div class="main" placeholder="password">Tyk0b 51yGV lHr6u eP2qM 3AnaV eQ7Z3 wK4Eg HHke0 9KtU8 nBPCl <option>VwKUF V67zR </option>
<span value="footer" readonly="footer"></span>
<img>
</div>
</span>
<h3 aria-*="main" placeholder="option"><option readonly="row" id="checkbox" onmouseover="footer" style="select"></option>
<option value="input" alt="footer" id="row"><a disabled="input"></a>
<ul></ul>
<form role="input">tu2oy plBEp JdAa6 </form>
</option>
</h3>
</form>
</a>
</html>

Error: Cannot invoke "org.jsoup.nodes.Attributes.get(String)" because "startTag.attributes" is null
-----------------------------
HTML:
<html>
<select value="checkbox">r8UU3 dGbq0 ZPkZ3 nu1qc O99B3 pOYFK uNStQ uHBly <select id="cell" readonly="input">CskeI 299C2 2vYI9 abt2v qBwnN KgyxM 0D6WV 2S17L l3U5w <table id="password"><p onclick="select" placeholder="select" data-*="cell">SMpIn <input>
</p>
<li class="content" placeholder="link" id="row" onclick="footer"><h2 onmouseover="checkbox" title="cell" style="input" id="input">RkSTc B8z7m OwnQV Tr5bE riri3 0z2rb RJf54 EZlN7 </h2>
<h2 alt="table">YkHHA Chkki WoGh5 ODFai VNpuk Pr667 </h2>
</li>
</table>
</select>
</select>
</html>

Error: Cannot invoke "org.jsoup.nodes.Attributes.get(String)" because "startTag.attributes" is null
-----------------------------
HTML:
<html>
<table onclick="image" onclick="row">ddhrV bGbND S4vyZ wXuuh nfvyq <div readonly="text" title="footer" data-*="password" style="button">yhQPV tR2MU 771xw TjdnR 9RCox CrDCk zE4Y9 SGswc oDjFx <option>AuBCR mdUBJ PZRTc iBuwG VVgyD <form style="header" onmouseover="image"></form>
</option>
<li>O0syd AvWKI BvKWx 4bwyw <select></select>
<th disabled="link" id="button" value="option"></th>
<img onmouseover="image" id="select" onclick="input">
</li>
<h1 placeholder="select" readonly="table" readonly="sXLY5BFJ4w"></h1>
</div>
<input>
<select disabled="select">NKOc6 d04dt Bmheh <h3 disabled="table" id="option" title="footer"></h3>
<option data-*="main" data-*="table" style="content" disabled="input"><tr></tr>
<li id="ReA4ICF0q6" readonly="header" aria-*="f6ftAtoVEf">5o0Bb BN7ao ZJc2E s7hgX hTtba ZNouA </li>
</option>
<ul readonly="content" onclick="k1V518grt9" class="row"><input value="image" type="content" data-*="password" class="form">
</ul>
</select>
</table>
</html>

Error: Cannot invoke "org.jsoup.nodes.Attributes.get(String)" because "startTag.attributes" is null
-----------------------------
HTML:
<html>
<table readonly="button" onclick="row"><input>
</table>
</html>

Error: Cannot invoke "org.jsoup.nodes.Attributes.get(String)" because "startTag.attributes" is null
-----------------------------
HTML:
<html>
<h2 alt="content">OHjXu VCmFn cTTYA gEN2J BPDVI m2tpB syMkJ JWdu8 eKdGC <td disabled="row" placeholder="checkbox"><div>Yv2fi ZCqrz dgX6e UvMed xsrfZ <h1 placeholder="content" data-*="select" id="option" role="input">GUYvB Q2FRJ quoyA C9XYg Fysny j8STo t7YkI 0VXxT Q1TkT Lbxyj </h1>
<form>xatxx Ujx0k RsjSg RgfXH g08Ha w1rJW UEbLp JmbE5 7sYWE Q6J7U </form>
</div>
<table>kMxA9 ufvJQ <form aria-*="option" id="text" onmouseover="input" class="row">GD2NT HlxM6 hpRJA 4SGw2 z3Pkn V4oV1 SH2PD CGibq </form>
<h2 disabled="select" alt="input" data-*="UmRFRPFmj9">s6HYG yRGp5 B0bwt lOG3z </h2>
<input>
</table>
<li data-*="table">AvSjw Gds4M XyzTQ </li>
</td>
<button onclick="text" readonly="bYku3BgAm5">Vk5Kp Xp7n0 7XaHv Rx5JQ S4swl FjnjL SHObi cLRUC xdqnR <button onmouseover="content">5YGj1 xUB0E rExO2 3QXi5 6udJD THsIS cfa4d </button>
<form style="checkbox" style="v08okLeuU0" id="option">VzM03 VnQe1 5vo5t iHIgB jstZx kiVLv <h2 disabled="button" onmouseover="button"></h2>
<option class="link" alt="lAavi83syO"></option>
<p value="option"></p>
</form>
</button>
</h2>
</html>

Error: Cannot invoke "org.jsoup.nodes.Attributes.get(String)" because "startTag.attributes" is null
-----------------------------
HTML:
<html>
<tr readonly="header" data-*="table"><form alt="header">I0aXZ JO5gu 18vtv 6FqdJ 0Xrir NMQaS g7C9H GFPWZ 7VatY iATue <ul onclick="link" value="form">Ytklv <form>Y3CMF zmye0 JtvnL AB39q </form>
</ul>
<table disabled="cell">GMi6A 3RNJU Qm7Cw WzEl8 xtc4W glECc mT4RF Vq0Sr <span role="option" title="main">o0jo6 </span>
</table>
<input>
</form>
<h2 disabled="cell"><table>h4wZv sv6Ci MWcEX q6T1k GT4SK UNKFD ztK5C rFTnw wnHhT uIave <input>
<th placeholder="cell"></th>
<table value="image" style="input" alt="QlsIMJD7fT" onclick="form"></table>
</table>
</h2>
</tr>
</html>

Error: Cannot invoke "org.jsoup.nodes.Attributes.get(String)" because "startTag.attributes" is null
-----------------------------
HTML:
<html>
<ul><table class="image" readonly="option"><li data-*="checkbox">0V1sU 6FJaw <input>
<h2></h2>
<input type="table">
</li>
</table>
<a role="7LbTDSqvx7" onmouseover="checkbox" id="row"></a>
</ul>
</html>

Error: Cannot invoke "org.jsoup.nodes.Attributes.get(String)" because "startTag.attributes" is null
-----------------------------
HTML:
<html>
<button onclick="IeTQ3Zi8Dh">Ner5u cr3rC 0iBhK xfTvm FtmPl rpLEY dEqIc <form alt="TSRfPBHEEK" class="image">qkphK </form>
<input style="image" title="table">
<span onclick="button" class="select"><table role="select" role="main" onmouseover="content"><button type="button">TfvvI Kz24y VFVTw cNa9w lAf7o OU8S2 0qn96 xqBN8 f8iM5 2M0MK <input>
<ul role="cell">ZzoD9 oRAVo bZF7H JZxAo 3CTkv qBg9U HAZgq 1XDrO SIuda </ul>
</button>
<h1 id="header" onmouseover="checkbox" class="cell">DqU7Y 5p7y3 Qszkw a9XLj w52We DfZjm eZT3C JXhmP opHuk hKPeD <h3></h3>
</h1>
<table class="select" role="image">Nfw8b jMSYm c9sjq 3Ys3x Gu4E3 cPXFm A2C1k DKi9F <div></div>
<span></span>
</table>
</table>
</span>
</button>
</html>

Error: Cannot invoke "org.jsoup.nodes.Attributes.get(String)" because "startTag.attributes" is null
-----------------------------
HTML:
<html>
<div value="footer" role="form">NwykL <span id="main">hlF5I Z5Igr HkYsP ox1O4 X95zv PYf2W </span>
<option class="link" value="input" placeholder="cell">46Vt1 Cporo mJpSK kzDTF RvHtw <h2 onmouseover="header" onmouseover="main">ehTWd osPF0 Wp2aR 02RlC <p role="text">yG64I 8NJ1X LxfIT 88L1f E1Wbm </p>
<table value="button" title="table"></table>
<button class="select" style="content">POCy5 fwe88 GWEWZ laBpS 2J6QV oiSI0 P1WbU 28xqk tef5o XvglA </button>
</h2>
<button id="uJXnCj7ooX" title="form">IQBT2 n3tR4 b8cSu ETao2 DLlkx j0JCV 71fdA 2SzTE uwjBV MQDuP <table id="button" title="button"><input>
<table title="text" value="content" aria-*="zUKtJvSi6o">gbQ1N HPmu8 WkgD4 GRIFU WGk0X </table>
</table>
</button>
<div data-*="footer" role="input">g3ddQ PQxJ4 9ZEpP LprkS XQqjU F4jab <table readonly="footer" title="image" style="table">4sco4 <img id="image" href="option" data-*="text" value="form">
<th></th>
</table>
<img>
</div>
</option>
</div>
</html>

Error: Cannot invoke "org.jsoup.nodes.Attributes.get(String)" because "startTag.attributes" is null
-----------------------------
HTML:
<html>
<table>pAm1q SVX4D Rsj9k uXQbD FREbm 6jbZy daWK2 <button id="footer" onclick="table" disabled="main" readonly="header"></button>
<form aria-*="image" aria-*="checkbox" class="button">mAvY3 15c3l xOEWo 1DkU4 5O6qD de6o7 cWt12 <div title="text">FGMDo 1xjt2 qNerg rtjX4 ClDq1 VMdac <img onmouseover="input">
</div>
<a data-*="row"><a data-*="footer" readonly="content">WXBTO Kmbhd DzHXo 0cKgC SmJ0x 7EEjV fhfwe MAK9T MHcid r9UWC </a>
<div onmouseover="6ZibKy2iwk" style="image"></div>
</a>
<input>
</form>
<ul>w75jw ELbmz Mi8RO yc5DV xnttj twRaa T4ahI U0T1l 71BFe Bxmw7 <td id="password">vZWMo iKbxO oLwyU DX0AG 7z8qI DCo8q LHcbR <h2 role="content" role="link"></h2>
<form></form>
</td>
<a readonly="input" onmouseover="form" src="select">S457Y L7jVJ XZs93 <tr disabled="password" onclick="form">vA5nG lBqiD KAaYG 7MA0M </tr>
<h1 placeholder="Ky87eM4Xmr" disabled="D7bDJRKfOf" data-*="row"></h1>
</a>
</ul>
</table>
</html>

Error: Cannot invoke "org.jsoup.nodes.Attributes.get(String)" because "startTag.attributes" is null
-----------------------------
HTML:
<html>
<table alt="form"><button id="jnZAGlYjjE" data-*="text" value="content" onmouseover="row"></button>
<input>
<li placeholder="row"></li>
</table>
</html>

Error: Cannot invoke "org.jsoup.nodes.Attributes.get(String)" because "startTag.attributes" is null
-----------------------------
HTML:
<html>
<h2 alt="footer" onmouseover="image"><table alt="content" onmouseover="SWi5Ug1sFW" class="link" value="z7cGAMc7rs"><h1 onclick="row" onclick="k9snO5Hnoq"></h1>
<li onmouseover="password"></li>
<input>
</table>
<img data-*="main">
<table style="row" id="XoPZ175bBv" title="checkbox">BJKY5 QGkV8 As3kO x61Qj </table>
</h2>
</html>

Error: Cannot invoke "org.jsoup.nodes.Attributes.get(String)" because "startTag.attributes" is null
-----------------------------
HTML:
<html>
<span class="checkbox" data-*="input" id="footer"><table>g4Ys4 ao0gJ iC7Uk ip0Mv <p title="cell" role="footer" id="text"></p>
<form onclick="row"><div></div>
<input>
</form>
<button onmouseover="text" title="option">X5TMB fn936 <td readonly="cell" disabled="input">b003X E6eVp zX8yH snJBo rUD6I f9eGd FI37h pexaK M0469 <ul aria-*="footer">hXaLr TOFoi nViNY zsyz8 pKtSE e6UHD xAL0k </ul>
<tr aria-*="footer" role="select"></tr>
</td>
<select onclick="password" placeholder="select" id="button"><span data-*="main" alt="row"></span>
<a title="header">uBnYn B9koa d1lbz </a>
</select>
<a src="option"><span data-*="input"></span>
</a>
</button>
</table>
</span>
</html>

Error: Cannot invoke "org.jsoup.nodes.Attributes.get(String)" because "startTag.attributes" is null
-----------------------------
HTML:
<html>
<span aria-*="header" class="content" value="content"><button role="option" readonly="select">QiYCs 5LnMc <tr onmouseover="option" style="main" onmouseover="main">U4f0v wguCu AQQiu jOc2E rdKSw hiaHC 1MvL6 19rgu Bhp8M </tr>
<select title="checkbox">gYoJj bnNTw LkmHN oyaxl F4KqP m8oNR f9Si7 4ifsu </select>
</button>
<table role="pPd2BMgMVA"><input>
<table id="main" data-*="a53Gshiu4c">e9Ati TGE2R np8ig zgn2Y VsNWF GV4Lr Rihvo <p>uRtd9 qJOBs rShwT ZanhL GtXuu vP5Oi </p>
</table>
</table>
</span>
</html>

Error: Cannot invoke "org.jsoup.nodes.Attributes.get(String)" because "startTag.attributes" is null
-----------------------------
HTML:
<html>
<h1 value="link" onmouseover="main"><h3 onmouseover="cell">SfrGe XwAKU W1z5Q vgCdv <li class="table"></li>
</h3>
<table role="table" aria-*="input" data-*="image"><div role="password"><input>
<ul title="sEKG1akhOi" alt="input" onmouseover="header" style="input">SQKGV PkqHh Q5jTC Z73jN 2Z4z2 <button role="link" onmouseover="form" alt="form">khaTh 8kByO ztz82 ldWCz </button>
<table value="checkbox" data-*="content" onmouseover="main" aria-*="select"></table>
<a id="image" placeholder="main" alt="image">KvLeO PstKy CFqgA </a>
</ul>
</div>
</table>
</h1>
</html>

Error: Cannot invoke "org.jsoup.nodes.Attributes.get(String)" because "startTag.attributes" is null
-----------------------------
HTML:
<html>
<table style="link" data-*="content">9s8ml VBAoH Xqude QiCsK 7KRPt ZoMzo CRUN5 QucBX WgSZJ esJDS <h1><div></div>
</h1>
<input>
<h2 onclick="form" class="option">QMr63 iaiUU 4Zrcq Eo15n q3Mff rlGOH WHHyI wIZ29 </h2>
</table>
</html>

Error: Cannot invoke "org.jsoup.nodes.Attributes.get(String)" because "startTag.attributes" is null
-----------------------------
HTML:
<html>
<th onmouseover="table" role="pcTOJyD9tE"><a title="I55UfXLYR0" onmouseover="button" src="table" href="content"><td aria-*="mTGtrqyN15" aria-*="footer" role="select"></td>
<a alt="main"></a>
</a>
<select alt="input" style="header">ZzLRL 78yEZ a9kq6 UR6W4 VIrFR Nj3UE M1fRV </select>
<table onclick="kguCALBIz9" aria-*="option" id="text">xCby3 XrfOq sTC6u HtMlh RD0ih JKFPG f0d5K <input>
</table>
</th>
</html>

Error: Cannot invoke "org.jsoup.nodes.Attributes.get(String)" because "startTag.attributes" is null
-----------------------------
HTML:
<html>
<table><ul>493ip ucUIF 0QKBU utDtH z2a2R J1mmo </ul>
<a placeholder="yD8Bx9U7XS" href="button"><img readonly="checkbox" readonly="button" data-*="checkbox" readonly="button">
</a>
<ul id="link">YW2qO ofOJK OnH1y 3UpO2 XovuW pFvcC cYJNB MOooL x13M5 qprCW <form onmouseover="form" class="header">Lmj1D mC7T8 p8mFP 4al11 pIoNv IeU9s <input>
<tr aria-*="text" readonly="cell" alt="content"></tr>
</form>
<table aria-*="LwQjUJ4GFS" onmouseover="table" aria-*="button" value="password"></table>
<h2 data-*="checkbox" class="footer" data-*="checkbox" data-*="oXDVjHkfws"><input onmouseover="cell" data-*="form">
<select readonly="cell" class="content" id="header">N61Kt </select>
<select>tudge utb2K UzYMv 9YoK0 </select>
</h2>
</ul>
</table>
</html>

Error: Cannot invoke "org.jsoup.nodes.Attributes.get(String)" because "startTag.attributes" is null
-----------------------------
HTML:
<html>
<table value="row" onmouseover="main">h1f6C kXjc0 7o3IM sBZQg nvsT7 <form data-*="header" style="footer" id="form"><tr aria-*="link">c1Mum wMXqS nzp1V QdQsz l6X12 b8VaC <table><h1 disabled="select"></h1>
<input>
</table>
<ul class="table" onclick="button" class="button"><span aria-*="form" id="input"></span>
<form>pxbOS jyRBd dS69Y qR9go BkyxR YuyiC </form>
</ul>
<li aria-*="option" disabled="image" disabled="input"><div onmouseover="footer" onmouseover="link"></div>
</li>
</tr>
<form></form>
</form>
<img placeholder="content">
<h1>V811u 3nVW9 vLtZJ GK37Q YT7hX DC6ZJ svLnx k9iM0 5OkWO <div><input style="0P1SHMm8sc" onclick="cell" type="password" onclick="row">
<select data-*="03IdNeI8Ef" readonly="content" id="link"><td title="image" disabled="button" readonly="main"></td>
</select>
<h3 onmouseover="footer">T0La4 SVivv nVd0x TjNFc 2KT9Q pZTls r2uvD quT7i y65JC Ic3Yr </h3>
</div>
<option style="footer" style="header" readonly="table">mlGqL ilFR0 B95xS 7iUSE FNMGM DvllP </option>
</h1>
</table>
</html>

Error: Cannot invoke "org.jsoup.nodes.Attributes.get(String)" because "startTag.attributes" is null
-----------------------------
HTML:
<html>
<td>mVrn3 evXGl 0jCAM <select>Iawnh <td>Pvc6h 8RyxX V1UqT s0nrE </td>
<option alt="content">Inhc5 <select>D3dnh afrFr </select>
<tr aria-*="form"><td role="password"></td>
</tr>
<h3 onclick="text" role="select"><th onclick="input" aria-*="select"></th>
</h3>
</option>
<table id="select" alt="cell" onclick="main" id="content">prjiG CcR9M MAypf hgIOD ieYhS Mr6jp <input>
</table>
</select>
<tr alt="form" aria-*="password"><span title="select">szdJh OUhYI 0y1Au <th style="content" aria-*="main" alt="row">MDzcq BSbqS sAGEw QJaFc H9ekQ abDyH CDVJV K8F6j <span style="password" title="image" onmouseover="password" class="link">HnfS1 2Kf3A oZHgd shWtc w4jc9 upSfi aN937 </span>
<li role="sffqVqrU3z" style="button" value="main"></li>
<th aria-*="text"></th>
</th>
</span>
<h3 role="button">49JgC 8FSvH 5ZdxH koJMo lfOnZ O06iL aYAvt BEXKS <tr disabled="password">V7bkX jadC9 9vBTm gNEZ0 <h2 onmouseover="option"></h2>
</tr>
</h3>
</tr>
<ul readonly="button" id="checkbox">N09Aw rKOd1 WrLmt 6orxN b3L2y nuy13 <td alt="input" data-*="header"><div readonly="footer"></div>
<ul value="text">XCChH Rb0RA 3ULxD </ul>
<h3><td class="button" alt="main" role="cell">NPL5x sy15w uXqX7 eXX87 </td>
<div data-*="password" role="text" title="text">RDKNE 1BBuG WHAQL obW2x YKo2R P0R6f ECZGO LM1C9 tHkvp k2GaG </div>
</h3>
</td>
</ul>
</td>
</html>

Error: Cannot invoke "org.jsoup.nodes.Attributes.get(String)" because "startTag.attributes" is null
-----------------------------
HTML:
<html>
<table value="footer" value="table" value="content" id="footer"><input>
<button>jcl7K z9LLH CvmR6 UkJbF </button>
<button role="checkbox" role="checkbox"></button>
</table>
</html>

Error: Cannot invoke "org.jsoup.nodes.Attributes.get(String)" because "startTag.attributes" is null
-----------------------------
HTML:
<html>
<h2 placeholder="main"><select><th data-*="content" disabled="password" class="cell">mzPHX dc4PQ UulIH nLjdR LYmhA oU6xS 7cpEz ptPSk x3rln </th>
</select>
<li style="row" readonly="cell">2CQbX 2tPqE UwTUL Jt7kR 8WtCD BbYtO SULum <h2 class="select" disabled="header" aria-*="footer" value="password">brktF vpZNM <span onclick="content" placeholder="header">GW2t6 oJarO Mn7xd RzO8A 4fTNN rKDVH ANGvW cpYlz Zoysh </span>
<td value="main" title="link" value="content">STqN7 JCXYj 7PRaB GJQZz qluKw 1DejE im0Sl sjVr6 </td>
<option data-*="fVQzdTSm4W" role="image"></option>
</h2>
<td placeholder="text" readonly="footer"></td>
<p>a4TF4 dt1pO 7cVUA 7M5js SYmeF eOkxk IE30l ZkW7n </p>
</li>
<table><input>
</table>
</h2>
</html>

Error: Cannot invoke "org.jsoup.nodes.Attributes.get(String)" because "startTag.attributes" is null
-----------------------------
HTML:
<html>
<h2>021tc RnMMq 9IQw0 XqLtJ xnoVu 2ACFA uefVT <tr id="header" class="kNcNBok4it" readonly="yN0dM7xao5"></tr>
<tr>d1Oqs 2eLMe iPWQd dLR9n QR45L EN9F9 W8xE3 acgmo xFoue 6Jm6v <li data-*="Ca8BQhrpBl" disabled="checkbox"></li>
<div>qq86v qe0JS HN9Vt 3UaE4 <select class="cell" value="password"><div disabled="cell"></div>
<button placeholder="button">ZisOn eQzx9 GFXYj Knhfc </button>
</select>
<div onmouseover="text" data-*="form"></div>
<div><td aria-*="checkbox" id="main">eEEyu CV0im oUjJC USWlc BeWzf 7DhdO 5ZnUn pOeru l1h81 </td>
</div>
</div>
<table title="select" title="input" style="input"><h3 style="select" placeholder="input"><input>
<th onclick="header" readonly="form" title="image"></th>
</h3>
<tr data-*="row" title="checkbox">oxeKL oBARj z8tSd 7a5Kj yfsLM UI36S 9rCeH EbS7o 2hzrB p1ZER <li></li>
<td aria-*="row"></td>
</tr>
</table>
</tr>
<select style="cell" placeholder="main">gG0Cg tPWxy <ul>CTW9S hCvLm TrSzq 4oW7v p3IZ4 9oW7t SektT QYSmf eANZh <th alt="header" value="button"><a href="select" readonly="checkbox"></a>
</th>
<option value="row" onclick="content" alt="header">F9oi7 xpkqb n3TAv Vke4v </option>
<th>99nBu g9hSR OaPoy kGYHQ iBVbC i12ai sfLkw mAYLy </th>
</ul>
<select>jQPKT UIvJd lQg1u <h1 onmouseover="button" data-*="option" style="table"><a title="table" value="table" title="image"></a>
<span data-*="password" readonly="text">JIIuc 2U7tc 8x94a 8Yulf HpX2M </span>
</h1>
<a class="option" onmouseover="content" id="button"></a>
</select>
<ul><p class="link" class="option" id="content"><p title="image" class="checkbox" style="text">E1fM1 r7XbP vn5O4 RC5bO 5fdlr dS9x2 innUh 6PJIy Bkg2q </p>
</p>
</ul>
</select>
</h2>
</html>

Error: Cannot invoke "org.jsoup.nodes.Attributes.get(String)" because "startTag.attributes" is null
-----------------------------
HTML:
<html>
<table placeholder="row" readonly="option" id="image">WRyS1 4XEti btIyc <ul alt="header" readonly="input" onclick="VQTqXoMm7c">igC0F Y3bKM JTNPU Oaskz FqMr0 eCjfu Qz8JU iG88P cDsNb <input alt="input">
<button value="checkbox" aria-*="main" title="main">HsbZK HHTWm D2qvi qVjAl 4FYAe GZNOK lg7VV <button style="input" title="image"></button>
<li role="image" class="option" disabled="text">3Zflj OX7Cx yADo7 SyfAt vZi8Z qjX2A g3FHG 3aDzs z3SpU k2Mcm </li>
<span value="row"></span>
</button>
<img>
</ul>
<table onmouseover="input" style="r9UcSYnIfA" aria-*="cell"><span value="cell" readonly="table" role="text">Z6ZIK FJ0Y1 iNF60 </span>
<form aria-*="MOSBxexsLy" id="link"><input>
</form>
</table>
</table>
</html>

Error: Cannot invoke "org.jsoup.nodes.Attributes.get(String)" because "startTag.attributes" is null
-----------------------------
HTML:
<html>
<table alt="table">autf4 ZlMKq QgA2e <h2 id="link" role="6PW3axWYMl" title="row" readonly="button">e6P6d cMNi1 ZEDCR <option onclick="select" placeholder="image"><td onclick="HPbLgt8qhA" data-*="3QbvjHT5GU">eZ443 BhSx4 6QnpB 4MJij rjFjg </td>
</option>
</h2>
<h3 disabled="content" alt="input"></h3>
<table onmouseover="form" alt="image">u4bXm IJnw4 GG5Yp Isvxa F6OrS lEWYB N9elz bLns2 jKLmt <input>
</table>
</table>
</html>

Error: Cannot invoke "org.jsoup.nodes.Attributes.get(String)" because "startTag.attributes" is null
-----------------------------
HTML:
<html>
<h2 style="input" aria-*="hK0QZmbq6K"><table id="row"><tr>UrVmm LK6h4 sxort OyELU XM7qc <input>
</tr>
<td title="input">Uda8S aJhyv LanvH uCwfe 4JOsY <img readonly="link" data-*="link" value="checkbox" data-*="text">
<img>
</td>
<td role="button"><ul disabled="main" data-*="hbdg1kOowq" style="i6QvUsKQLK"><table>8vQ5n kyGft QApCg wZJcD vY0z4 QdaMj 5SSWE guDRv </table>
<h2 onclick="checkbox">DDLhq dOwDP OBV8G </h2>
<h3 placeholder="content" disabled="text">4em1D LnJAH 1Hna1 ScFeg O4jKo 8ec8M </h3>
</ul>
<img placeholder="text" data-*="cell" placeholder="row">
<th>9aez7 TIDPI fwJiu L1odJ 8T0ST mERpx 0V7Rg j8OQk S0vZV GwKLd <table aria-*="option" onmouseover="input">4yEr4 eM9OH o5wMR i0opX mpw5z zqh3O noike m78mF 3Je2D </table>
<h2 value="password" class="input" placeholder="content">dVE9z rcWpz znVb5 oSZOh MDO3Z tQ27e NaZBD jnhYI WMPjI UeGik </h2>
<h2 class="footer"></h2>
</th>
</td>
</table>
<select alt="form" id="link" id="cell">AF72Y ALQ26 YuTxg JXdCN 9DNYj irno7 pD835 fU3PA 75omg <td disabled="m2wsdZr4Ak" data-*="header">hmVXK Rnr8h <table placeholder="main">YJeAx vCsum KLAQd nHoCI UeHRv el47V <li disabled="text" onmouseover="input" data-*="footer" onclick="button">yclnq QnxHX mG9MU nCYcC hxloK </li>
</table>
<option onmouseover="sgQMhNXWkr" placeholder="image"><a onclick="button" src="password" class="link">PCFgl k3ncu gxl7f wjXww J8Aph kVSnV cCXcs 6wUtX </a>
</option>
<div disabled="footer" data-*="link" onmouseover="content">H83FH q02pB 4wnST RRy0i ggl15 <h2>vAusL 6pHGd Qsye9 M09wq </h2>
</div>
</td>
<table>asi8n 68hsd <input type="password" readonly="input" aria-*="main">
<span id="password" role="password" onclick="button">D8osX </span>
<td><td></td>
</td>
</table>
</select>
</h2>
</html>

Error: Cannot invoke "org.jsoup.nodes.Attributes.get(String)" because "startTag.attributes" is null
-----------------------------
HTML:
<html>
<table id="row" class="text" disabled="cell">nNdM0 5Ry2O Jgzjp R57L4 bEHkJ bxORO Nzwd4 W4B3x XTI9P JjZxt <h2 id="option" id="form" role="button"><ul placeholder="text"><form></form>
<input>
</ul>
<a onmouseover="table" readonly="link" src="footer" href="O4T6BiUlI4"></a>
</h2>
<h2><span disabled="main" placeholder="header" style="option">dQSjO 0ofrl qEJ2j fso8D </span>
</h2>
<p aria-*="main" readonly="content" readonly="header"></p>
</table>
</html>

Error: Cannot invoke "org.jsoup.nodes.Attributes.get(String)" because "startTag.attributes" is null
-----------------------------
HTML:
<html>
<span onmouseover="main" role="row" value="password" class="footer"><table placeholder="link">3z3ku raC1B ZeCpZ WkiB2 sjVkx MoIPw AfMeY <input>
<a title="header" onmouseover="password"><h2></h2>
<option aria-*="button" onclick="cell" title="row"></option>
</a>
</table>
</span>
</html>

Error: Cannot invoke "org.jsoup.nodes.Attributes.get(String)" because "startTag.attributes" is null
-----------------------------
HTML:
<html>
<option aria-*="password" placeholder="input" data-*="link"><table value="Z7Q9C9nlA3" title="header">FYrFW qiAdm Olom2 b8I83 FRuVR dbJRJ sR2t3 XVIJG <input>
</table>
<h3>in9AJ 5odGm Rcpik Mfz5a jhDnb z2wgI tFUE2 oQpgl <li>0l1Ro XyPVo pKi3T </li>
<p onmouseover="select" data-*="text">lequw kf3iu FjNoe eZqKE </p>
<th role="table" placeholder="image">MYo5f gs55t 2pNuj </th>
</h3>
<h2></h2>
</option>
</html>

Error: Cannot invoke "org.jsoup.nodes.Attributes.get(String)" because "startTag.attributes" is null
-----------------------------
HTML:
<html>
<table alt="table"><a id="input" src="EkHdiKK1GL">ZNnVd z7AFK ww3n4 ZkfhL PKHqi gvc6C eno3W rgNzp 7eI2k ix9Kd <form id="option" aria-*="link" aria-*="main" data-*="6pmhkFlSGS"></form>
<tr style="v9nqUG2Byd" disabled="footer" placeholder="BBo8iswDee" class="form"></tr>
<p placeholder="main" alt="button">gWeHD AjaWm </p>
</a>
<h2 role="image" alt="table" role="table"></h2>
<input>
</table>
</html>

Error: Cannot invoke "org.jsoup.nodes.Attributes.get(String)" because "startTag.attributes" is null
-----------------------------
HTML:
<html>
<h3><button id="checkbox" style="form">QJ1IV xJeUg 6YqGf <h3>swrAz yhwQJ EBhUw anZBs 5ioRg <th readonly="password" onclick="select">pdcF0 57ipr It0Tk 6MiNk DqUjy X2qRy XVJ7r </th>
<tr style="table">yI06g HQogY sTiWD b55jE </tr>
</h3>
</button>
<table disabled="password" id="main" onmouseover="button"><form>KsGXv dy6Ae setCF <select disabled="main" id="image" style="button">d5qum 1aTTH dvJD3 Z4HTO wzOVy EZnlB GlNif XnXTl </select>
<button title="link">u8ZF0 </button>
<option readonly="link" title="checkbox" style="61VQ3famJT">Uhtzf BYJh5 qzO9O LzCq1 </option>
</form>
<input>
</table>
<h3 title="link" value="select">x84on w7OfT <span value="option" readonly="password" style="button">pOXvp wVFtU PzvBr jOEvO WDbh6 PLNuU <button>7ec35 rimOb FC93x </button>
</span>
</h3>
</h3>
</html>

Error: Cannot invoke "org.jsoup.nodes.Attributes.get(String)" because "startTag.attributes" is null
-----------------------------
HTML:
<html>
<a><a>XysBL 8DDOm 65LUX D7Z4B vrIZi yIgyI 2aKRl LeklX 81OMQ Y3sHW <li aria-*="table"><span placeholder="footer" disabled="button"><div placeholder="button" class="button">nUIzv vtU4n mBGlr </div>
<div value="password">vwqXh YCwV3 Xod7D wVr3Z ZqQnA J4Ov2 SO4wl </div>
<h2 id="content" alt="w2Sh1JF42D" onmouseover="link" class="password">ntNM9 m8hgQ pleQw </h2>
</span>
<option disabled="option" title="text" class="cell"><td></td>
<a role="checkbox" id="checkbox"></a>
<h2 class="main" role="select"></h2>
</option>
</li>
<span>TyoZf ET0gy qx31G 4eCDO <td>gRLuZ qIZ1q RdLmp nxJjn eMQwh QcqrF pW1Ix <ul></ul>
</td>
</span>
<p placeholder="text" class="cell" value="checkbox"><span id="form" disabled="footer" role="table"><th></th>
</span>
<ul></ul>
</p>
</a>
<span style="link" style="xV7EmTjzhb">Dgkok giE8l 20PIv XG71I <p readonly="link" alt="main"><h1 aria-*="button">PniuJ WKEYv RLFmO pRJPS adCR9 NOR7o <ul>lJuH5 JEOPz gJbFu hQ1nY 3Hglp N0ZCz ExS0z TLUHV RWMeU </ul>
<table onclick="option"></table>
<h1 placeholder="password" class="table" readonly="checkbox">0YC9S 0xUC3 h0gQc 231dW mSsbM </h1>
</h1>
<ul>ang6p <table placeholder="table" onmouseover="text">6f9GJ yTChD pdmBr </table>
</ul>
<select>6l80A <span onmouseover="button"></span>
<select value="checkbox" role="password" readonly="content">CYzeE diTss Tdff1 XzGbP HEspD </select>
</select>
</p>
</span>
<th><select onmouseover="footer" readonly="IBiwmPsNnv" placeholder="password"><select class="pTJjxRU9RA" readonly="row">uiSwt tSs2a kPF10 </select>
<a class="password">REKP3 <ul onmouseover="checkbox" readonly="header" style="form" disabled="main">GgX6D MRruz 8ptqg Axfw0 lBJ89 qsDKB N7s9i </ul>
<a aria-*="main">6Hu4H vSDi4 </a>
</a>
<input onclick="checkbox">
</select>
<th readonly="main" onmouseover="content" data-*="IAbA6SGElh" aria-*="button"></th>
<option title="tRzvZV1Lq4" class="table">VrL7N fovyt 1dTT3 Tggkl 6sij6 <div placeholder="text">b57Cz <img disabled="table" aria-*="footer">
</div>
<table disabled="content" class="row" style="button"><input>
<tr></tr>
<h1 class="form" role="av2b2JX1lk" onmouseover="link"></h1>
</table>
</option>
</th>
</a>
</html>

Error: Cannot invoke "org.jsoup.nodes.Attributes.get(String)" because "startTag.attributes" is null
-----------------------------
HTML:
<html>
<select title="i3nOUjcVWX"><table style="main" readonly="footer"><div>ExYHe XIF4b FzHkc h1mb8 4ndl8 iyNQu </div>
<a href="checkbox" href="link" class="image">NXh3H JTLna xrWAh Q5iNg kx7Kx <h1>OJ0hL ZXI1k TPtng EbV2x QuW1p <a title="cell"></a>
</h1>
<tr onmouseover="form"><button readonly="text" aria-*="select"></button>
<form onclick="link"></form>
</tr>
<h2>mZykT bmM6b </h2>
</a>
</table>
<p>9QNe1 XQsl7 <h1 class="content" readonly="text"><select><ul data-*="4welvJZWxV" readonly="table" placeholder="content" placeholder="select"></ul>
</select>
<th style="form" placeholder="content" placeholder="224p5WLoqi"><select type="main" class="footer" alt="content" aria-*="footer">snpcT Uz6oS MDDir uMY5E cyFTv oGUTx ePDf6 yIxoI Ej0jA QZdov </select>
<select alt="content" disabled="text" type="button"></select>
<form style="main" disabled="footer" readonly="content" role="header">iqjm7 C9hEG 1jI89 vGfOI </form>
</th>
</h1>
</p>
<table class="button" readonly="input" class="footer"><form placeholder="text" placeholder="image" title="cell"><tr><img>
<li role="form">OZtBI 9eo0y </li>
</tr>
<h1 title="cell" placeholder="UbYwxjGQO7" onclick="header">WrS3v 9Uktp 3jtBk TuBZn <tr alt="header" style="cell" style="password"></tr>
<input>
<table title="row" title="footer" id="main"></table>
</h1>
<li id="header" aria-*="image">9Pz3X 82WwE syEQq 5APyd t38To <a role="row" style="text" onclick="select" href="checkbox">AvGMR vP4fZ WUkAe coiZi TzWdu PUcSF 3Xj3n </a>
<h1 data-*="PhTzRWuBJg" class="footer">OV52t L3wlc 0Rnqh </h1>
</li>
</form>
</table>
</select>
</html>

Error: Cannot invoke "org.jsoup.nodes.Attributes.get(String)" because "startTag.attributes" is null
-----------------------------
HTML:
<html>
<div role="image" role="table" readonly="select">y4LHx <button>RFmyv gSwyQ 94ror MEx9g iguhM <h3 class="TTl2qNrn0z" title="uMIYnVadvJ" style="image" aria-*="image"><span>9dxsg ZVvg4 dRmVA <th data-*="text" placeholder="row">ws8WX pRLvc cHMFE dUXf1 5uklw c05sc B5FDZ 0Inao </th>
<form placeholder="footer" title="text" readonly="select">ClkOw xrgHi zITse J6Gtb uHvgy fahbD tws1Y MOYV6 </form>
<td readonly="button" aria-*="image" alt="footer"></td>
</span>
<option onmouseover="KJQRaRzKa4" title="link" class="cell"></option>
<h1><table onmouseover="form"></table>
<select value="row" alt="select" placeholder="button">2myEz Q9AbQ gc9F4 pFzlK </select>
</h1>
</h3>
</button>
<td></td>
<table onclick="link"><option readonly="cell" data-*="image" class="select" aria-*="table"><td role="table" placeholder="image" readonly="checkbox"><th alt="option" disabled="GmcMvprJzm" placeholder="SNieOr5QtN" aria-*="row"></th>
<td readonly="header"></td>
<input>
</td>
<input>
</option>
<table onclick="password" data-*="row">9ZoV3 </table>
</table>
</div>
</html>

Error: Cannot invoke "org.jsoup.nodes.Attributes.get(String)" because "startTag.attributes" is null
-----------------------------
HTML:
<html>
<h3 title="password" disabled="main">PZIcF hc3Ck <h2 role="link" readonly="content" aria-*="header">7cv8e FzO7y 6re34 fDKoY eGBNE cFOfq RQtjJ <span readonly="select" id="button" id="xUBjcFmgbk">H3o93 SsA7I W8Gue </span>
<table>kwPDu slb0y a86Td 9XYoM pZR4Z <input>
<tr alt="table" readonly="button">3hjBj YR1Fh ISzQr ryA2J nR0dF iVhTV 9BRIR qlWZh AXchm 3gSn1 <a aria-*="select">8Zop7 yKmcj xWnxS </a>
<table data-*="PyikkSjWJg" style="main" data-*="content"></table>
</tr>
</table>
</h2>
<select readonly="content">QCkHd i8D8L 6lAVj IxMhW 9Lboq <a>hfznh kqtAN gGX4R GHnHF DdGE3 a2xuz XKX5d qpZb0 MtMMD </a>
<select role="row" role="cell" readonly="ur0zJTEwXr" title="input">yQWio aGMvb <div value="hvaGwHQe1l" alt="image" class="row"><div title="content" alt="select">Er3vX YIFap </div>
<h3></h3>
</div>
</select>
<th id="form" readonly="footer" title="content" data-*="content"><option></option>
<input role="input" aria-*="form">
</th>
</select>
<li><h1 readonly="input" alt="option" class="password"><h2 style="link"></h2>
<li class="text" role="text">Uz3mH nSCNH tJ8Lj iw5sG Ayd4w nyBBX <h1 style="row">7IhRD AJ8AJ ybhdE 50Jza j25tt Qv3na N5Xxq </h1>
<select value="DI6bd0e2Oe" placeholder="option"></select>
</li>
</h1>
<ul></ul>
<table readonly="text" data-*="main" placeholder="input">Ppfni 6gSsC XOKbL <span>OkRWi vdR6f JNLxt rDzM3 W5SLt IbTaP w1WNL 6fx51 qoQuT XC5br </span>
</table>
</li>
</h3>
</html>

Error: Cannot invoke "org.jsoup.nodes.Attributes.get(String)" because "startTag.attributes" is null
-----------------------------
HTML:
<html>
<h3><li><td id="checkbox">bCzEs lp6Uy <input type="footer" onmouseover="checkbox" disabled="image" title="main">
</td>
<select style="header" data-*="footer" readonly="link">FgMtQ fd1QJ 0UXe1 <th readonly="password" id="main" role="header" aria-*="form"></th>
<select disabled="ktBGVknygE" disabled="footer" onmouseover="1ML8ceOD4y" disabled="text"><option onclick="input" alt="select"></option>
</select>
</select>
<p role="MQp1DPJqYj"><table style="main">z88nj Y0OhC qqBzJ NIWQP 6WnDD 2l7lz LhMCH 0yVZ0 SbilH xAomL <input>
</table>
<input class="select" alt="text" role="option">
</p>
</li>
</h3>
</html>

Error: Cannot invoke "org.jsoup.nodes.Attributes.get(String)" because "startTag.attributes" is null
-----------------------------
HTML:
<html>
<li aria-*="text">ciGbI WoPYW ftEnI VIuo1 GatJe <table><div>OJTWw eXSBY TueNX 3uaX1 D6wob voj2Z 58Yfv SVhpR P4ww6 <input data-*="content" id="form">
<button value="B0KA1o29dq" alt="row" id="footer" role="jnpAx9an8G"><div></div>
<h3 role="text" placeholder="image" onmouseover="content">7hSPc ujzui HwxO5 sYpoX XFumA HGRRr 7TgIH vActv </h3>
<span style="input" style="header">MYeWH sKzkI </span>
</button>
<p id="button" title="option"><li style="input" value="text"></li>
</p>
</div>
<input>
</table>
<select class="button" class="text">iSQeC </select>
</li>
</html>

Error: Cannot invoke "org.jsoup.nodes.Attributes.get(String)" because "startTag.attributes" is null
-----------------------------
HTML:
<html>
<tr onclick="footer" aria-*="cell" class="input">Mkwy5 FEZpW ET2Aq XnnJ8 T9sOG J2tQX YbE4X ydZWy <tr id="select" placeholder="select"><option>WS9Q5 kLS80 DXxnh jQHsm mPHDm vNtMg dDq2V u9jC6 <td class="JwyGPGqOSB" onclick="text"><input style="option" aria-*="cell">
</td>
</option>
<th readonly="row" id="text"><ul placeholder="link" readonly="footer" role="image" aria-*="button"><li id="input" readonly="checkbox"></li>
</ul>
<span value="link" value="image"><p placeholder="cell" data-*="input" data-*="YRVpYgrGE0"></p>
<table class="button" value="password" style="select">cDnuO IYwLd </table>
<table readonly="OSQQ7i9MbU" id="text" data-*="password"></table>
</span>
</th>
</tr>
<form title="cgteeFatQj">3vA9M guX8c IKNNG DbVcd <tr style="AprHqjEjSM" id="text" class="footer"><h3 placeholder="table" disabled="form" value="password" role="table"><div style="password" readonly="footer"></div>
<li data-*="link" class="button">TLmXF c7Kjr XOMtZ </li>
<a onmouseover="select" onclick="text">dyLbN obr4e </a>
</h3>
<button id="input" type="footer" style="option">zzLEB LsezM NM43e ZM4wK Kv0k8 1k5Uz </button>
</tr>
<table>FcCJb nzPCY 1t8tv lp1pd og16W qExvB i85f9 HCeJh 2cksy V12TH <th>T8pvd 4FET6 qZSVW <td onclick="text" title="header" aria-*="cell"></td>
<img id="button" readonly="image">
</th>
</table>
</form>
<tr onclick="select" data-*="form" role="link" readonly="select"><ul style="text" style="password" value="row">7ODJ6 zQkDk xUiD2 W4cvD W6g0f B6St1 XMNMg mZlR5 EGMgx Z8IKT <table id="link" alt="select" value="row"><form readonly="link"></form>
<input>
</table>
</ul>
<option disabled="password" style="checkbox">JBeP3 gN3vc rjqZ3 Eu2wl FS6I1 W1KQx VpwK6 zKW91 jAZDH NPcKD <input title="content" onmouseover="header">
<option readonly="button" id="footer"></option>
</option>
<input placeholder="checkbox" data-*="button">
</tr>
</tr>
</html>

Error: Cannot invoke "org.jsoup.nodes.Attributes.get(String)" because "startTag.attributes" is null
-----------------------------
HTML:
<html>
<tr role="footer">1gWfF J3xdh LOF3O <table>UuRYT uZVfq wuEB6 <option value="table" class="row" title="option">G3z3b efdeJ <input>
</option>
</table>
<button>FvfEk qeBpE N0nlD wglj5 <td class="row" readonly="07d86TaZrB" style="cell"><li data-*="row">T4UR4 SKBdN HG8tf sK8DC HUYhY Ufzky </li>
<h2>7gs05 JTM3E wDySn vsfpR T769n KnwYV M9Dup </h2>
<h3 onclick="image">QFAHh K50no zqTpC </h3>
</td>
<h1 disabled="table"><form onmouseover="footer">V8UgQ tJ5Hl wrdzu RstG9 MV5P2 2Ebxl 97mw0 XXc6X eVNyT </form>
<p readonly="select" value="table" id="image">4gc7L W14Z1 </p>
</h1>
<select alt="table">b2po5 RzMme XrKe1 edRAv pFFSr Nc36U MTMHl BAq9G enC96 sywLI </select>
</button>
<option placeholder="input" value="input"><h1 style="text" value="footer"><select disabled="content">vdbaS lXZHw WLtzL AyD6e 9M1t8 a8afZ cqjig Haouw </select>
<span title="content" class="password" value="button"></span>
<table aria-*="select" onclick="text" aria-*="text">CAUVL niwtf ihbLl RnrDK ok7lY Jw3fj 88xgQ </table>
</h1>
<h2></h2>
<form id="e3kSW5t6du" onmouseover="table" title="main">sJ36s VMLbU GdtVK <button onmouseover="image" data-*="option">llP7j UcfiP VV3dq 9mKjP qUHfw JxM0D </button>
<option onmouseover="xLNvf2Tq5R" role="table">4cyXd aCNcb fVlNC JyMIn QAmnV </option>
</form>
</option>
</tr>
</html>

Error: Cannot invoke "org.jsoup.nodes.Attributes.get(String)" because "startTag.attributes" is null
-----------------------------
HTML:
<html>
<table id="footer" placeholder="text" disabled="image">IkTDP UH8Pc h0Ebs IH5MK fQRQI LYVHC <ul disabled="option" readonly="link" title="content">FBnBC 5rFQb fj2lU DXE1I Th1cr 1WIWi GouA7 as9hL BVeNe <img>
<td>7lUl4 az4ze GY5eb DQHGv Xmb2s zfAyz RipwJ vlIac qWI9Z FtYIx </td>
</ul>
<option><form style="checkbox" role="footer" placeholder="content" role="XM3Y4m3LAn"></form>
<input>
<table value="footer" placeholder="table" onmouseover="cell" role="text"></table>
</option>
<div disabled="form" id="form" readonly="image"><ul>44m03 LnJwt oOfhs tmx2P OoRwK d7mkb mvVzC </ul>
<span alt="table" disabled="password">RERVW cfz67 JBouu GfuPL UWWbi </span>
</div>
</table>
</html>

Error: Cannot invoke "org.jsoup.nodes.Attributes.get(String)" because "startTag.attributes" is null
-----------------------------
HTML:
<html>
<li id="form" id="row"><h1>lJ48A hJX2Z ezkNx un32E BD6Tn </h1>
<table id="checkbox" title="row" disabled="select"><button alt="text" aria-*="button" role="main" class="password">ZXdS6 abHkI BI8yw svOFT lD8c8 ll5aU <td></td>
<a>uXseZ yHJpJ FRhiY Vzasz bxh4j bjfuf HRNbu DDfqZ 33IML </a>
<a aria-*="button" href="gMMLzIC5zi" readonly="row">72yiH dfMKL KAWxf BBDFw </a>
</button>
<li><div readonly="cell" style="QUjDNhwWD6">Vj78E MRj43 HhbLm </div>
<td data-*="password">mbrT7 5UIB8 VD8BW </td>
<input>
</li>
<h3></h3>
</table>
<img title="select">
</li>
</html>

Error: Cannot invoke "org.jsoup.nodes.Attributes.get(String)" because "startTag.attributes" is null
-----------------------------
HTML:
<html>
<li disabled="header" value="select">KwJ8i wU0QZ HD3g4 glivi NUEOt fuqU5 <h1 aria-*="content" role="content"><form onclick="row" id="option"></form>
<option>CezN7 i3zKG vOG4Q </option>
<h1>33ZTD <a class="table" placeholder="header" onmouseover="link"></a>
<li aria-*="button" placeholder="cell" onmouseover="option" role="image">OlxaG q2noP Q3cBp l6BXU 611af 9Mak2 X38W8 gij8q </li>
</h1>
</h1>
<table value="header" aria-*="content" class="header">XHuqi 8xRZ8 3YVtx Hazhz TcOfD <input>
<td>Cn3ER 3rGUF i9jqw ClvF4 A1l7f <span alt="option">8VOfj xeF0x eAGKs 3imPB lNs10 </span>
</td>
<div>EAuas wCuJI tSD0t X3mBc 74NVr VpEy7 LvLyO 2aBVU zu6v8 AG3yY <h2 onmouseover="option">j3rYk ecSg3 </h2>
<td class="table" style="input" value="image">EAosD MN7Dc 3ME03 iEwbJ BF3sK v4dQ6 </td>
</div>
</table>
</li>
</html>

Error: Cannot invoke "org.jsoup.nodes.Attributes.get(String)" because "startTag.attributes" is null
-----------------------------
HTML:
<html>
<table role="option"><input>
<div class="row" readonly="main"></div>
<form>ABwPV b2FLZ qXF4h Gf70P LoNlM </form>
</table>
</html>

Error: Cannot invoke "org.jsoup.nodes.Attributes.get(String)" because "startTag.attributes" is null
-----------------------------
HTML:
<html>
<h1 placeholder="header" style="LmKI8ntZFU" disabled="checkbox" alt="header">gD9Ys RqQ94 fJxPS 2HYkL nm0Ax O1Ap8 dAfUm 2Qz1y <a class="table" title="footer" value="link" value="iJghoxlkSb">mzfBK AoAeI h2dlN cEWpu WiH3p 2XkFu 2mUJF 0qFSq giWB6 <p readonly="pVYvWS4rnq"><select id="link" onmouseover="image">WyKl5 miShj 7StBT bUdxk Znm1v rFy3V YHSBT gMAUy jiUjT <span style="OJb18BmUsc" onmouseover="password" disabled="row"></span>
</select>
<li onclick="auYQFdOmyC" class="option" onmouseover="main">yvCgI vbv3c <ul id="row">CIhZ8 BBHkV L4sMo 5b9Ql FPsSM 6lVYD </ul>
<ul id="form" title="row">fleV1 hxqLG ghujX sA6c4 j8lxT Vee8V 9Eg5G UYOdd GXp9F 9up8L </ul>
<form class="image" disabled="row"></form>
</li>
<ul onmouseover="table" placeholder="table">iD1hG NfB3e RO5qk qwuHR FEi9d IMZQl n4qTv Ox1XO DJyzC 3Sv8C <div id="row" aria-*="table">wrG0x 9bj9Z 6egkg </div>
<table>n8qfr KMg68 lJWYl J1Ayw </table>
</ul>
</p>
<table>tkjSS pKuNW XFWII lZAwv 6IiKN mZcFO <select>1dkz8 ginc4 eaj6q vFuW0 MWYBc 8LsoA qsS7N uaNjB VYbJm DdJN3 <li disabled="text" title="footer" readonly="header">HED4f jL1BF x9SCE LdTqe </li>
<input>
</select>
<input onclick="image" readonly="option" value="password" readonly="text">
</table>
</a>
<span>wf1oF oKnfo Bn74e <h2 style="link">BvlVN bT5Qo yhP3r AN0wc 0HCMh </h2>
</span>
<tr></tr>
</h1>
</html>

Error: Cannot invoke "org.jsoup.nodes.Attributes.get(String)" because "startTag.attributes" is null
-----------------------------
HTML:
<html>
<table readonly="header"><form placeholder="header" onclick="button">ZlP6g nQyYC duO7l V1Rz7 bnqac fuHex <h2 placeholder="Z0vGKf0rnt">aN5Fa JZG7J xFndA 26A1g TgPtS VArwv 665sv <img>
<div onclick="link" id="footer" role="image">Pt8J2 1plUT </div>
<li value="QrssMtxX1C" readonly="table"></li>
</h2>
</form>
<h1><button class="image" style="input" type="Yu6Z95ohdb">e7WPq ehH0P q83lA ijiOE q45ZG H64o9 4fxQs dv3ER IqrWB AKxZU <select data-*="password">xkx93 5V1ZS IVQNZ 5GdLQ hHU4f xEYnP 5BGyj OPy5n </select>
<input>
<table title="cell" aria-*="button">EEPF9 GckPP YQWc3 </table>
</button>
<th id="7TrKCVA2Mq" title="password" disabled="content">pcsmV HMePw pL9lc vAd8c vtbue gY2CG VhPhY wFCAM <td></td>
</th>
<li placeholder="table" onmouseover="table">wxAt5 Mmggx <tr>ye67j BwUZ4 BISct 6xNYq TvfSe 4f4eE Pk2s0 ebhCB </tr>
<form style="content"></form>
</li>
</h1>
<select class="image" data-*="header">DTsg4 i7Zy5 <tr class="cell" value="footer" class="cell"><td id="input" style="link" aria-*="checkbox">b9FCq jol83 gAt7l </td>
<div disabled="image" role="row" role="cell" data-*="button"></div>
</tr>
<li role="checkbox" role="row" onclick="uFBLHVXDEy"><button></button>
<h1 alt="form" id="main" style="3t02aPSr2l">xHnBX wc5sA </h1>
</li>
<h2 class="button" aria-*="row" readonly="link">Gz0Cs ybmro KgHjW SDCFK EW2PP Qkk86 Rew77 Llfnz tO5J0 </h2>
</select>
</table>
</html>

Error: Cannot invoke "org.jsoup.nodes.Attributes.get(String)" because "startTag.attributes" is null
-----------------------------
HTML:
<html>
<button style="button" type="form" aria-*="link" id="form"><option placeholder="1mzH7LeGJj" aria-*="select" class="row" readonly="select">8yowz <p disabled="D60lXGKD2N" alt="cell" alt="select" aria-*="input">wPSdm 3HNw7 4lY06 puPFc UbES6 JwgFv <table><a role="image" data-*="footer" href="cell">GsalT 1LzLn onBvY ABfDB M4qUe cDe7h P9EwU </a>
</table>
<table title="link" style="content"><button alt="select" class="link"></button>
<input readonly="footer" style="checkbox">
<input>
</table>
<table title="text" role="link" style="option" placeholder="table">gfzDQ edvwf ObUVz Xd2UQ YnMCV YR54n ixawU Pwec4 V1uoP ejfHU <span value="image">pcxLi 3uWSR jR8lZ 1QQ3Y A1RKG 9QEJU 14Bf7 4aplr xXRzK </span>
<td disabled="xVTra2CQvO"></td>
<td disabled="table">dfl6v eYE3P </td>
</table>
</p>
<ul title="input" readonly="image">Ubc2s tmeKu ZCmLM zGz0R ZHQlu 8xvUK eRUCQ PRQBS xipLl L7Vdy <td alt="form" aria-*="SPEJdVIISL"><button>2afEc PVBDC 7NExh BsCtZ qAiqG pXeQ3 yJUfb Ok5lt </button>
<a aria-*="checkbox">rpFC6 tJkOE P5EUb D1M7L Xr5XW 2nvPM </a>
<div>HWCJx zRblq hTzzq </div>
</td>
</ul>
<div placeholder="text" role="password" placeholder="cell"><img value="link" disabled="text" data-*="text" alt="link">
<input role="table" style="23mJpXB4GL" style="link" disabled="header">
</div>
</option>
</button>
</html>

Error: Cannot invoke "org.jsoup.nodes.Attributes.get(String)" because "startTag.attributes" is null
-----------------------------
HTML:
<html>
<h3 aria-*="button" aria-*="checkbox"><h3 onclick="cell" data-*="main" disabled="main"><select readonly="password" aria-*="option">8z3QW 3ViYK <img title="button" onclick="text" role="form">
</select>
<h3 onmouseover="cell" placeholder="v1OlBRbCBy" id="content"><select role="button" data-*="option"><span>xacuG VhxL6 </span>
<h1></h1>
<ul onclick="button" placeholder="itld1qAH78"></ul>
</select>
</h3>
</h3>
<select disabled="content" title="form"></select>
<a><ul style="select" disabled="jr1lvL9tnu"><p onclick="password"></p>
</ul>
<option placeholder="cell" id="form" placeholder="checkbox" placeholder="link"><div alt="header" role="form">pFXwU Mc1qL U9Nl7 bIf71 HHZAc kjiWR J7fid qjBaZ QiKjm ICtVC </div>
<table value="content" data-*="lWiJzEtl7E">8A8R5 pvJFZ u84Z5 s4UcH <tr></tr>
<tr placeholder="option">m6nVY 339iN BAGMN fbtAz 1sDQr hzFDq </tr>
<input>
</table>
<td aria-*="password" style="header">RmFqj h5Nkb 1Wy13 2QIzT w61XP <td title="select" data-*="L9eiZZjsS0" onmouseover="text" readonly="input">NSRQT RgWJ9 </td>
<li placeholder="BbdxZ1Rsl2"></li>
<div class="select">Ljhed LtwUW 09nG7 kePaB zcXyO 1U716 6Ivad </div>
</td>
</option>
</a>
</h3>
</html>

Error: Cannot invoke "org.jsoup.nodes.Attributes.get(String)" because "startTag.attributes" is null
-----------------------------
HTML:
<html>
<table data-*="06KDtAEZFm">nqZBq TPH3Z <li readonly="cell" onmouseover="password" alt="header">ucWFp X94Zn t7Xm4 </li>
<ul placeholder="content"><input>
<div value="kNXbz5Ec77"></div>
</ul>
</table>
</html>

Error: Cannot invoke "org.jsoup.nodes.Attributes.get(String)" because "startTag.attributes" is null
-----------------------------
HTML:
<html>
<h3 aria-*="content" style="header" data-*="mqtKNnadXe"><option role="3zX8LRieW7" readonly="footer"></option>
<tr id="button" class="select"><h3 onclick="row" value="select"><h1 class="U6UqOGefu0" onmouseover="password">wqatc uXOZl </h1>
</h3>
</tr>
<table aria-*="main" value="footer" readonly="footer"><option onclick="jJiJq6wb0p" title="image" data-*="table"><ul title="content" onclick="footer">RhhFm </ul>
<tr title="button" onclick="checkbox"></tr>
<a></a>
</option>
<li style="footer" onmouseover="UBBijtXEOM"><input>
<h3 style="input" id="row" style="row"></h3>
<a href="lLc810ghbh"></a>
</li>
</table>
</h3>
</html>

Error: Cannot invoke "org.jsoup.nodes.Attributes.get(String)" because "startTag.attributes" is null
-----------------------------
HTML:
<html>
<ul style="footer" placeholder="SVE8ALmahe">nLMOV 1UUGf MYB1a L3rjH 5ebm3 3n4IF 7kAGa GY0hn uZrsx EDNCX <table class="input"><h3 onclick="checkbox" title="zgnIJ0stI1" data-*="main"><form>9Nk0p iPubQ fXOb0 nhuWW lbicK tsovN </form>
<option data-*="option" onmouseover="checkbox">ALWPU jjxuS </option>
<div role="row" onclick="OgaecDnU5p"></div>
</h3>
<span style="button" value="link" onclick="button">tQGqy fwJPM 28lwN aVzpa 0HSIr Kyv4V keeo8 Psf0Z w4KL8 <th data-*="header" alt="select"></th>
<input>
<h2 role="text"></h2>
</span>
</table>
</ul>
</html>

Error: Cannot invoke "org.jsoup.nodes.Attributes.get(String)" because "startTag.attributes" is null
-----------------------------
HTML:
<html>
<table aria-*="image" alt="yFf5Kathxe" readonly="row"><input>
</table>
</html>

Error: Cannot invoke "org.jsoup.nodes.Attributes.get(String)" because "startTag.attributes" is null
-----------------------------
HTML:
<html>
<table alt="table" title="option" readonly="text"><div style="button"><a id="footer">J7fmN jak68 t8wAN esNk1 XPCYT Bl6Zj <div onmouseover="image" onmouseover="header" alt="row" id="cell"><td alt="option" id="main"></td>
</div>
<h1 style="B4K3gOnhgG">ZPOmP 2y88L <input>
</h1>
<h2 style="content"><tr title="button"></tr>
</h2>
</a>
<option aria-*="form" placeholder="header" value="image"><a data-*="link" data-*="link" data-*="link">9EV0A 8fRUe iFqLc BjqAW <th onclick="form" role="5cvUjGstaw"></th>
</a>
<h1 style="password" role="link">uxILp XyC5j 1Yk7z HEAY3 Q7YHP lMiBO 7vIfh Z5l8e <p onclick="main"></p>
</h1>
</option>
<h1 readonly="select" disabled="form"><th><form aria-*="button" onclick="image" data-*="option">WoKvZ </form>
<button class="checkbox"></button>
</th>
<li><li class="header">Gl7wx 6v9nJ RcGHD F5qeO dZg2Q uLKlh h3Rm1 </li>
<select title="input" value="button"></select>
<tr data-*="content" alt="03g3sr63if" style="cell">cgZUN txusx 4UrGh 6mRk0 </tr>
</li>
</h1>
</div>
</table>
</html>

Error: Cannot invoke "org.jsoup.nodes.Attributes.get(String)" because "startTag.attributes" is null
-----------------------------
HTML:
<html>
<table id="content" onmouseover="button">fiHXT p2VoR <span onclick="text" class="footer" placeholder="row">Eol7W 6ZZja tgG5v QmyQS ETMF7 cpdmL </span>
<option onmouseover="input" title="table" aria-*="checkbox">FGxKN NowhJ z2Q2c <th style="JTgvg5jcP5">NuSHC ldU6B pEl3u XbEgf WEcaS lO3zj lrwSt VbVDB Xhr4m </th>
<input>
<h2 readonly="r0o4fEdqRd" alt="footer" title="cell"><button>595MG wfIQI g3XB0 mdR7j DxJV2 0RssP vOBL6 </button>
</h2>
</option>
<h1 class="adQDFve7B6" onmouseover="button" value="text" alt="checkbox"><select title="footer" onmouseover="footer" alt="image" onclick="content"><table role="form">HS8eM itxBu 2TNHm 2Ip9Y Howpd leuk8 2LqgL j16Ko wYYam </table>
<th readonly="cell" onclick="Kxv153J1ul" aria-*="main" role="main">6jZ2X Qztzd </th>
</select>
<li role="header" readonly="password" id="table"><div id="image" data-*="header" id="header"></div>
<select role="table" placeholder="image"></select>
</li>
<div>5XojT hAiXa FY1Gw xnnXh n1u0g <th title="pVZJL8LJkD">XgSVk SSwql </th>
<h2 alt="password" readonly="text" aria-*="footer"></h2>
<form style="row"></form>
</div>
</h1>
</table>
</html>

Error: Cannot invoke "org.jsoup.nodes.Attributes.get(String)" because "startTag.attributes" is null
-----------------------------
HTML:
<html>
<th placeholder="link" disabled="checkbox">BgglY saVRf kqKUy rNe66 ACmIT eG7Xe xLQt2 CHcUh HI8rw jqTer <h3 aria-*="button" onclick="main" data-*="text" readonly="table">2av9B cLJMC AMI7a qYMX7 k3DKS <h3 onclick="header" onclick="password" onmouseover="text" value="button">JODoj GLMgv 2i5cZ TNjh8 yU5o5 ZrIAK 9N8iJ ytPdK XqQlU 3Taw2 <option readonly="content" onmouseover="button" aria-*="cell">Ay0ec 82GLa gQeub 5obJr cN5yV </option>
</h3>
<tr>ngOSM Nfznw 0V5tC <img aria-*="row" href="option">
<table><option></option>
<input>
</table>
<tr onclick="option" class="header" style="button">A4Bmb 8n8Dy 7DTZw culC8 LjN3T 98bs1 xUOUJ <table id="input">S3qQo 5DQMI vFVrM i69G0 wCJBs 2JTVF oYEfJ lzjFl yJWoH </table>
</tr>
</tr>
<option alt="checkbox" readonly="password" title="input" style="text">83SRk Nh8yd v6Xn0 cZQjG IIzE9 <img value="table">
</option>
</h3>
<h1 onclick="form" style="cell" value="link" aria-*="row">gK58H nvhHB 47ztH qKqLe PYRLa luhNN n0fWL Fy3W5 7vgYC </h1>
</th>
</html>

Error: Cannot invoke "org.jsoup.nodes.Attributes.get(String)" because "startTag.attributes" is null
-----------------------------
HTML:
<html>
<select>aSlji YQ8jI FweoB 9cEnI UK1tv 66XSR <button type="text" onclick="header" title="button"><select value="checkbox" onmouseover="input" onclick="footer"><h1 id="table" data-*="image" title="footer" value="checkbox"><div style="button"></div>
</h1>
</select>
<td alt="checkbox" onclick="option"><a><h3 value="image" title="content" class="row"></h3>
</a>
<form aria-*="option" style="cdgSHy7qwe" style="7vvUDQGdWl">YFavb OJ1s1 fQ8qM EfYL5 </form>
</td>
<img>
</button>
<table><a role="button"><input>
<h3 onmouseover="footer" aria-*="YWKZO9JoIn" class="main" disabled="input">yA7bP ppsvt jObh3 </h3>
</a>
<tr id="option" role="form"></tr>
<a href="checkbox" readonly="bsqGDeRq3X">eirku mUnir L98UY RDJPR fzbs6 UvNA8 olmQb HZlj5 hbhy2 <form alt="link" placeholder="iHjm52a4Mq" role="main">DAWLG g4qrc <h3 readonly="content" alt="header" role="link"></h3>
</form>
<input>
</a>
</table>
</select>
</html>

Error: Cannot invoke "org.jsoup.nodes.Attributes.get(String)" because "startTag.attributes" is null
-----------------------------
HTML:
<html>
<table placeholder="text" disabled="WjLvYMiC2c" disabled="table"><td role="main"></td>
<h2>h7ltj aYYEC utp6T Bn6xS 3EqGH <h1 style="form">GEr38 W0IFR POkcN gWlUc URdFA YhmJh L53JS RwgbF 2u5IU <ul readonly="select">IUWHc <form>sham8 1TEXd </form>
<input>
</ul>
<form placeholder="button">xHdiP 8u4DB B3XOu 317NJ 5OxMv <th onclick="link" data-*="main" readonly="main">d1Okq KyEyn pIBbD a0G2x 64Qup 31mQ1 QH2IN ti0Sm UTWG8 </th>
<li role="checkbox">hlAc5 rH1Fl XKLHo 3xaKq 6b2Gz b6uGg Rp8zM </li>
</form>
</h1>
<h2></h2>
<table value="password" class="footer"><h2></h2>
<tr disabled="row" readonly="select" value="password" data-*="cell"></tr>
</table>
</h2>
</table>
</html>

Error: Cannot invoke "org.jsoup.nodes.Attributes.get(String)" because "startTag.attributes" is null
-----------------------------
HTML:
<html>
<table placeholder="form" onclick="content" readonly="header"><input>
<p alt="option">9qNq2 06cHX QC1zy EBjLh WIraN 7LMtM JAmmD t7GNo </p>
<input placeholder="cell" id="image" id="button">
</table>
</html>

Error: Cannot invoke "org.jsoup.nodes.Attributes.get(String)" because "startTag.attributes" is null
-----------------------------
HTML:
<html>
<table style="text" data-*="password" data-*="text"><li disabled="option" role="main"><h2><h1 onclick="cell" aria-*="footer">b0VP4 DLbCE 1Or83 ASFz7 yqh1r xHWyD E7Xfs eiYTv </h1>
</h2>
<h2 class="row" value="option" class="button"><span title="option">2nrfM x414p UNnq8 F0ZyN FKUAj uiRws hOz3t pBXme OWexf e3nIS </span>
<p data-*="header" role="input"></p>
<input>
</h2>
<ul placeholder="content" alt="button" class="row"></ul>
</li>
</table>
</html>

Error: Cannot invoke "org.jsoup.nodes.Attributes.get(String)" because "startTag.attributes" is null
-----------------------------
HTML:
<html>
<h2 readonly="7eoIb8xfzg" aria-*="header" readonly="rbxnWc2mVl"><select disabled="main"><th class="text">TiEQn LqFiH JdyVR <div>KLdV8 2vx88 fVzxL dnQEV A2WoN YWhef U4lRj </div>
</th>
<div onmouseover="checkbox" onclick="cell"><input role="main" class="RWxfjHZwwf" data-*="option" id="form">
<tr alt="link" placeholder="header" onmouseover="header">P7ktZ il8iR i6A8r 3B4tG nq8p5 </tr>
<select class="LeOP6MR4PC" type="07UqnIUfn7" value="button" data-*="header">TOCzB </select>
</div>
</select>
<form placeholder="content" data-*="link" onclick="main">jZ0fd hr0BO Ng8GA eBSPM WK9LZ 5kuie aFwMN kMrKn mPoLI </form>
<table onmouseover="form" role="8P6SWvdmac">jJ0VW 914FB WbjwW Awo74 DPBMI i3thJ frOlP U4hJE PiG13 X0vPi <input placeholder="cell">
<input>
<li></li>
</table>
</h2>
</html>

Error: Cannot invoke "org.jsoup.nodes.Attributes.get(String)" because "startTag.attributes" is null
-----------------------------
HTML:
<html>
<table><h1 aria-*="checkbox" role="table"><input>
<p onclick="image">PzmMl JDCnh MYteg W7iKB xLfmJ </p>
<li class="form"></li>
</h1>
</table>
</html>

Error: Cannot invoke "org.jsoup.nodes.Attributes.get(String)" because "startTag.attributes" is null
-----------------------------
HTML:
<html>
<div>TgH2b S5CRC E2Tuw LxaDw ALeGY mxabC LQx8J oCdQY Azmof BM22D <table alt="footer" id="table" disabled="password" title="text">SUxS4 RcBl3 <input>
<h3>J1r5l fNHwv </h3>
</table>
<select readonly="option">aUEbb DH8XU uM0oz wPsEL IWGyQ 7gAbU NB39d DTrcJ IESW8 </select>
<tr value="table">DLc9u UAuJ7 NuTQX <form disabled="content" id="main" onclick="checkbox" class="header"></form>
</tr>
</div>
</html>

Error: Cannot invoke "org.jsoup.nodes.Attributes.get(String)" because "startTag.attributes" is null
-----------------------------
HTML:
<html>
<option disabled="option"><h1>llhJy Tmw5W vNVN4 rrROf qSOtR 71esn <li>DTAZa ec3sy NKDKS pnRaF hbzlC vQKkh a9VMV <tr><div value="checkbox">Y3FSc 8UAaS b6KZI B7YIf OTfuc aDSED Wt1Hx iX74q e21mI QXCXL </div>
<table title="link" aria-*="select"></table>
</tr>
<select><li style="checkbox"></li>
<td alt="input" id="link">lAHjS mpeVa Vy8L5 </td>
<span readonly="password" data-*="link" onclick="text">soZnW SimwT nMeRa kRyAB uN0p5 </span>
</select>
<option id="input" onmouseover="header" disabled="button"><div>AERD7 1Pj8k yROI9 oDQBE x3DuO </div>
<div onmouseover="link"></div>
</option>
</li>
<p data-*="row">y5e4i hWURh 8xGYk GzGOQ Z8WhK rchsL 4Kixp sNFvr HafEd V3bKm </p>
</h1>
<table data-*="image" title="text" alt="table"><a onmouseover="header" onmouseover="row" role="password"><input>
<tr><td></td>
<p alt="input">WW6Bd S9qeA yWUaL yfifR 3BDAn y2FBw 4gl36 Wg4N2 </p>
<h2 value="select" style="table"></h2>
</tr>
</a>
</table>
<div readonly="button" role="password" role="button" onclick="link"><div readonly="link" class="V7VvryllW2" style="text" class="OeoL4dxvVg">RtqPx <td aria-*="input" id="cell" class="image" aria-*="password"><tr aria-*="content"></tr>
<input>
</td>
<form aria-*="button"><li class="footer">Uqf8d yqM7v EYUcI EGrE1 kDaVk Cl5T1 qSw3N ZbYw2 ppmsD </li>
<ul></ul>
<table readonly="row" alt="footer" style="cell">E15CI Fk89k gqDGT I5VFm A8a0o JKqdH wGHEh </table>
</form>
<option alt="header">CcmuB 99Jq8 p4rrI 08m4a 5a6r8 AuZTy RmD34 JrCr7 <img>
</option>
</div>
<th title="3dttYJf7pH"><td>oU81f DYYl3 ILDIH TuWwM ZPp2r 8Vt2C <th aria-*="footer" onmouseover="form" class="header"></th>
<p disabled="checkbox" data-*="link" style="form" title="text"></p>
<img disabled="main">
</td>
<p onclick="checkbox" style="image"><tr>glH6s IjpgN eexMZ Yx0gJ KE5wQ MXLZh </tr>
</p>
<p onmouseover="option" role="header" style="option">C1gzy qkppn x4KKy CDF5V 0fVd8 4BaKT 5eeaD 9S3l6 <h2></h2>
<th alt="input" placeholder="checkbox" onclick="row">a46Bq </th>
</p>
</th>
<tr readonly="table" onclick="select">h4Jzh MfRVd <span id="content" role="button" role="link">IpigH <td readonly="main" placeholder="main" onclick="input">k20uP 6UhqO EYeum mmfQe 63avv UM9Zl azDC1 </td>
<div value="input">lgMKd WlFBL FVomu 9zGVd vsm0o 7V4k7 </div>
</span>
</tr>
</div>
</option>
</html>

Error: Cannot invoke "org.jsoup.nodes.Attributes.get(String)" because "startTag.attributes" is null
-----------------------------
HTML:
<html>
<table><input>
<div id="main" readonly="main">0TXK9 s8MnN </div>
</table>
</html>

Error: Cannot invoke "org.jsoup.nodes.Attributes.get(String)" because "startTag.attributes" is null
-----------------------------
HTML:
<html>
<table role="footer" aria-*="checkbox" onclick="form"><ul><div onclick="table" aria-*="row" style="image">DbVEs oYAXl WEKZy D7cEu BQXEl LINaC Oa7Pq s9aBH hw7uq z27S8 <ul alt="b9hxEnejIn" readonly="image"></ul>
<span aria-*="content"></span>
</div>
</ul>
<h2 disabled="password">RroIk soN0a <th><option></option>
<p class="header" disabled="table" class="P2rC70lzsA" data-*="cell"></p>
</th>
<span class="table">1sQaw RFcil j2Rci p7PlK VVTmt RMitc p0Xgm D0EDI 7Vuhf tLI5D <li class="select"></li>
<select data-*="select" onclick="HlY9l0UQhu" placeholder="option" style="lwEJwc1B1G"></select>
<input>
</span>
</h2>
</table>
</html>

Error: Cannot invoke "org.jsoup.nodes.Attributes.get(String)" because "startTag.attributes" is null
-----------------------------
HTML:
<html>
<button placeholder="button" class="input" readonly="password" disabled="footer"><h1 readonly="header" data-*="select"><p disabled="table"><td placeholder="select" disabled="footer">p3mll </td>
<p></p>
<td placeholder="table" role="main" data-*="link">He048 TmFpC DaAXU XOYmV gwYBA wTrHv Y2I6P j9Anx lrard </td>
</p>
<h2 onmouseover="2hhth4rCQ0"><option style="cell"></option>
<tr title="image" value="table" title="main">aceNM GefOD Nhl4N kEIO8 DOtVh HJqC6 </tr>
</h2>
<table>VjZGO xSVeO sCxZJ 0AtPt 6irgN orklo g93HV <div alt="form" class="lmfekBBEwa" class="Iy56E9quFK" data-*="password"></div>
<input>
</table>
</h1>
</button>
</html>

Error: Cannot invoke "org.jsoup.nodes.Attributes.get(String)" because "startTag.attributes" is null
-----------------------------
HTML:
<html>
<h1 alt="header" aria-*="input">ZNBgI iVbRj 2Zd0o VgToG oCHeM D9jzF S3JDd gheBk F0TN7 6UykH <ul id="content"><table class="footer" aria-*="cell" title="image" readonly="option">DEIFn eoM3i HwLcX ecDnn <input>
<div></div>
</table>
<form title="header" alt="main" readonly="row"><img title="main" title="text">
</form>
<td placeholder="select" title="select">jAQQp qT68e uQL7s WWRqE s9XDo <a role="StJODOzj91" alt="text">CozSY nWWnC 5fihv </a>
<select title="input" value="image" style="input" role="button"></select>
<button style="footer" id="row"></button>
</td>
</ul>
</h1>
</html>

Error: Cannot invoke "org.jsoup.nodes.Attributes.get(String)" because "startTag.attributes" is null
-----------------------------
HTML:
<html>
<table id="password" id="button"><input>
</table>
</html>

Error: Cannot invoke "org.jsoup.nodes.Attributes.get(String)" because "startTag.attributes" is null
-----------------------------
HTML:
<html>
<table data-*="input" aria-*="row" readonly="form" title="option">m0v6I <input>
<td disabled="link" onmouseover="content">jeRDI OpYc9 fCMG1 MmRwc xk8wu </td>
<a><img value="password" title="password" disabled="row">
</a>
</table>
</html>

Error: Cannot invoke "org.jsoup.nodes.Attributes.get(String)" because "startTag.attributes" is null
-----------------------------
HTML:
<html>
<h1 title="select" onmouseover="password">RJv2b ZBWS3 uAoJ6 CUmLQ ZdcLe 0C6Hb lDSj8 dsqtR Jv2Ml JfOUn <table onclick="form"><img>
<span onclick="cell" data-*="zkYl7NSYl4">SscWU CgCLc KaV9C 5bXTM aTFlD Zq6F1 tRKKQ 5wQvD <ul>gYAAB 8VjVy Wmweq xHpEn rdcE5 spQQD uPZOb scIPk <button>mJpt2 BiGqE UgBep pkN25 QOYq7 GI4Kn 20qAx r0RGd </button>
</ul>
<div onmouseover="password" role="row" alt="input"></div>
</span>
<input>
</table>
</h1>
</html>

Error: Cannot invoke "org.jsoup.nodes.Attributes.get(String)" because "startTag.attributes" is null
-----------------------------
HTML:
<html>
<h3 data-*="button" aria-*="row" data-*="content">IzByK NZ9y7 <option aria-*="input"></option>
<option placeholder="checkbox" class="table" alt="cell"><span readonly="form" id="FuaCSUz3N7"><input alt="button" style="wkgWnQHL7c">
<form readonly="form" role="form" alt="cell">gHHbs FnzcZ pyLdb <span value="UMPFel8eE8"></span>
</form>
</span>
<table role="option" onclick="footer" placeholder="main" onclick="checkbox">NIHkz pePmQ 4hKmJ oZ7DM TDObn fAOIA tiTNK zTB4J <h3>DssZN QBEo1 TiKIx JsRjB v9bWE aqAE6 67ssM IJObm </h3>
<ul onclick="select" role="cell" readonly="row" role="footer">lfm5e S0YnY drSJl Abkhd bl3NP e2oHw rVwR8 FRUOA qy0LK hiQUS <input>
<ul></ul>
<a class="cell" id="content">1WCpZ EHNv0 tEta9 J86dk Cg2iI G1kRr VIIdl TUshW vh2Uo </a>
</ul>
<tr title="table">TtVQR </tr>
</table>
<li placeholder="input" onclick="text"><ul role="form" alt="option"><button disabled="main" id="table" onmouseover="main">iLEV0 2hx8u </button>
<ul style="main" placeholder="main">7Lrjf MClJ8 RfMdy E4O5Z vmsvi e42Dj CC0B7 zfp7w kOZmj lFUSl </ul>
<form disabled="password" id="footer" disabled="password">pX2Ms UsoLr FYggG </form>
</ul>
<a>HgLxB qaZO5 nMYRB JywYo 4NpsS <button></button>
</a>
<td class="checkbox">MyQgJ b7BrN 2BXdU W00g4 </td>
</li>
</option>
</h3>
</html>

Error: Cannot invoke "org.jsoup.nodes.Attributes.get(String)" because "startTag.attributes" is null
-----------------------------
HTML:
<html>
<form disabled="link" alt="image" style="password">ZJ95o j1oYi oUc3k YAyOR cnjOv XMsZl DMVuU 8Mkdy <select class="v1GAYvCXuq" placeholder="input" onmouseover="header"></select>
<a placeholder="row" title="main" role="option"><h1 data-*="form" style="main"></h1>
<li style="image" role="input"><a src="main" onmouseover="option">ZitTf iytmj <select role="uCmjvQrp9g" value="table" onclick="footer">xcJRN ZtU3w Ri9ni dSmBb XIWcw dgtP2 </select>
</a>
<div role="checkbox"><ul id="header"></ul>
<table alt="select" disabled="cZCERqGDIF"></table>
</div>
<table><a src="option" alt="image" data-*="footer">uf7sT sEWIq TNKSX </a>
<input>
<input type="text" readonly="image" data-*="table">
</table>
</li>
</a>
<h3>N06FT fTTRE B5CkI vFjD4 Thv8M cRErR coomo 42Qeg </h3>
</form>
</html>

Error: Cannot invoke "org.jsoup.nodes.Attributes.get(String)" because "startTag.attributes" is null
-----------------------------
HTML:
<html>
<table id="text" aria-*="checkbox" style="image"><select class="password" role="o0LXub4Sas" class="text">dIJlA Lgh4G mM6ZP 4s8hz Ax7xn 1VGOc <th class="main" class="select">KJg61 Eyu9M neeI6 CQED6 7o9tm T3277 HTxSg rkmLX <input aria-*="button" readonly="cell" id="input" onmouseover="link">
<span value="link" value="button" value="option" id="dhmhp4HD2Z">C1Rer I4Jy3 Q1xgF IHyPW BBr6s YGHTt bEeYM Pggjw YrMhf <form></form>
<img style="button">
</span>
<td>HOOyk VzSZT KGwKe </td>
</th>
<input>
</select>
<p disabled="form" onclick="row" onmouseover="image" alt="form">bOYir <td>k3aog 6JzMk eSYhn <ul disabled="text" readonly="footer"><h2 onmouseover="header">6NIsT lyQDI TYRG6 pVBkq XDOBu 2m9hk 2PvvW YN4fg </h2>
<div title="footer" value="fyUEiihzHn" onmouseover="main" readonly="option">t1TuA RbLwB 3PIy8 gqRcB </div>
<div placeholder="checkbox" data-*="password">cyCYa n35bd iqZEb BKOqP 87WlV </div>
</ul>
<p id="password"><div onclick="password" readonly="row"></div>
</p>
</td>
<button onmouseover="content" class="table" aria-*="link">itnNo 6wCQ6 brdIK mtDDk kGG7n M0rd9 f7Vdf IRKZ3 EjCen jS2CC <table readonly="main" alt="footer" disabled="password"></table>
</button>
</p>
<h3 id="option" disabled="form" data-*="main"><p value="option" value="button"><table>ttVtr tRoDA ADmT5 <select class="link" id="table" title="table"></select>
<li class="main"></li>
</table>
<span></span>
<h3 aria-*="Qgp3gDDeL9" disabled="password"></h3>
</p>
<a placeholder="form" class="main" src="link">oBoD8 i3zHu F5S3z NqHW7 AyMwS yDHAI nc1xV </a>
<a placeholder="header"><button>aG0nG or7uL IMF88 TFcDw </button>
<h1 class="option" alt="footer" disabled="mm1VCOoibO">nd85z hNKRJ <tr title="input" data-*="input" title="button" aria-*="checkbox"></tr>
<span onclick="form" onclick="form" readonly="link"></span>
<select readonly="button"></select>
</h1>
</a>
</h3>
</table>
</html>

Error: Cannot invoke "org.jsoup.nodes.Attributes.get(String)" because "startTag.attributes" is null
-----------------------------
HTML:
<html>
<table value="checkbox" title="cell">sy741 EjrvA MUt6Q <th style="main" class="input" disabled="select"><a href="text" role="cell" value="link">4iKMv sKYk0 bZrl5 9nbZu TMYtV KUjFS TfjgY Q1eeI Ioifn RMT7O </a>
</th>
<ul role="header" disabled="option">S5DVN og1lQ CLAr2 XP2lA rEFnV 2dzYS 5SUuL r9u66 a4GBI <h2 style="Jjr9Unqgr8" disabled="form"></h2>
<span style="option" aria-*="form" value="content">VyWR0 W2L36 B49vL O8ly4 aMudl gNBK9 xso1E 3H3Dc q3HyM SRW0C </span>
<input>
</ul>
</table>
</html>

Error: Cannot invoke "org.jsoup.nodes.Attributes.get(String)" because "startTag.attributes" is null
-----------------------------
HTML:
<html>
<span onmouseover="text"><p data-*="input"><ul>EcqIB <table data-*="option" placeholder="password" title="link">72t1o 7Y70x YMy9c FdFMT zVnIM Xoouh <input>
<img>
<ul class="option" title="eJ9UxKXzaL" alt="header" alt="row">Rwku6 QiENk </ul>
</table>
<img src="cell" src="select">
<li alt="table" style="button" onmouseover="password">KH9ZV 6wNA4 fuupq RQOyL </li>
</ul>
<form title="cell">7z5H0 c2AUp Ak7uy utGon <a data-*="input"><h2 id="checkbox"></h2>
<span value="table" title="content"></span>
</a>
<input id="select" type="row">
</form>
<button alt="table" placeholder="19KDuyTDEE" disabled="content" aria-*="bUwOicaINv">LJn2Q 2xZWO sgXTq 8bZtV fQYde uM7Ux <p>M3Uvg vPGFG XvWHk </p>
<td readonly="select"></td>
<h2 aria-*="UABHwQwHvJ" onmouseover="row" onclick="checkbox" title="password"></h2>
</button>
</p>
<h2></h2>
<h1 data-*="form">2GpuB KMOga 1EUnM <button onclick="header" placeholder="text" value="checkbox" title="image">vU4MJ eRFLG </button>
<a>f3a0V PjGvq 9NKyz 0UHVX 2pVYP 9sRHz <td id="text"></td>
<div>61KWQ pEA9e aVN5x 0kVNR ClIVZ cSURD Xifts metAM gM6ZZ <p data-*="password" disabled="main" id="option">u2vk6 </p>
<option aria-*="footer" style="image" id="82YvUfNZO9" title="button">GAmp1 RqrBm fRJ8O </option>
<table placeholder="input"></table>
</div>
</a>
</h1>
</span>
</html>

Error: Cannot invoke "org.jsoup.nodes.Attributes.get(String)" because "startTag.attributes" is null
-----------------------------
HTML:
<html>
<h3 aria-*="password" style="main"><p class="header" onclick="header"><tr data-*="UuxPyuwNVS" onmouseover="cell"><p onclick="row" onclick="mwxm83Pdhj" value="select" class="button">8tAkb 74giL 4nHJR <select readonly="row">Ckndr </select>
<table onclick="footer" aria-*="main">GlEJb awxmz UabeM PmlmR vsKEf jQacf theB2 PMZ7j </table>
<h3 onclick="cell">QercO 7HcGs ZoyiL 70vQq lkYkK 3vVgc 5E047 s9xGd gZqg0 M7e02 </h3>
</p>
</tr>
<h1 class="image">lcfrS eI7Pn pSvOM <input onclick="Yy9FDEQbpP" disabled="button">
</h1>
<table style="option"><input>
<h3 class="image" style="content"><option></option>
<td disabled="checkbox"></td>
<h2></h2>
</h3>
<li id="select" style="password">elpzr aXbUS 9MSs2 </li>
</table>
</p>
<select></select>
</h3>
</html>

Error: Cannot invoke "org.jsoup.nodes.Attributes.get(String)" because "startTag.attributes" is null
-----------------------------
HTML:
<html>
<table style="form" alt="image">IBlHO j10cn Fahg1 6lNem WkiOU HGMsN <input>
<th>0YnIe </th>
</table>
</html>

Error: Cannot invoke "org.jsoup.nodes.Attributes.get(String)" because "startTag.attributes" is null
-----------------------------
HTML:
<html>
<table readonly="link" readonly="cell" id="password">AxHPB kzmOJ 2cmN4 LsmEx HzhMF V4SDe 0Mvy6 MuZz5 m65gW 2daLc <tr>QCGTy mKBax ogkQx senbp 1vZI5 brbSx A5l1K tndKi gDnNi aQeRm </tr>
<input>
<td id="table">2jpyE FlL2w TJAEY wquVl CNMXf QJkJa jUJ7D ORXN6 </td>
</table>
</html>

Error: Cannot invoke "org.jsoup.nodes.Attributes.get(String)" because "startTag.attributes" is null
-----------------------------
HTML:
<html>
<ul onclick="main" disabled="main"><li>LA4SJ dkftT jOjQ6 <h2 title="footer" onclick="checkbox"></h2>
<table class="password" alt="footer">ggVPf tBXzc IGRtw SelY1 RbZ6b kTfHr qELVU wgxLq <ul>zZstA 781BQ <th></th>
</ul>
<form value="table"><td onmouseover="input"></td>
<span disabled="footer" alt="table" onmouseover="checkbox"></span>
<th onclick="text" readonly="link"></th>
</form>
<a disabled="image" title="link" readonly="main"><button></button>
<input>
</a>
</table>
<option class="option" title="table"><input>
<span title="password" style="footer">dJrGB 3ecvZ 68OHF b1G0B iDt6j RpAif X5LVx Rbyir jCA5O bY9mY <option title="footer" aria-*="text">7vBxm ozwk8 wlWTI XUVZc e9xUM UxPmD rh67q DiNPm </option>
<h2 style="text" data-*="image">IYnJ3 S3RFS M7xB1 5pAoV mWf0b sIKMe </h2>
<tr></tr>
</span>
<td title="header" placeholder="input">agPi5 uYmav yngcG YB3hQ yiQIt 1B8zm IbEnA UIgLF pyqD9 </td>
</option>
</li>
<th><input>
<p><th onmouseover="image" role="image">gvbn2 <form onclick="gYHwgTPllT"></form>
<button role="main" alt="link" role="checkbox" placeholder="row">zoi6a idH08 </button>
<h1></h1>
</th>
<div role="row" alt="password" disabled="form"><table onclick="link"></table>
<td style="form"></td>
<span readonly="link" role="content" onclick="select"></span>
</div>
</p>
</th>
<button style="select" data-*="form">Sq0WM Cj4eh <td placeholder="5zEpSeYS1k">smWQ7 SlAJ4 WLrMy fTbUH QAduY 5B11R xjxgr </td>
</button>
</ul>
</html>

Error: Cannot invoke "org.jsoup.nodes.Attributes.get(String)" because "startTag.attributes" is null
-----------------------------
HTML:
<html>
<table id="footer" class="select" id="form" readonly="image"><h1 disabled="header"></h1>
<li style="text"><th onmouseover="link" placeholder="image" value="link" aria-*="button">1KFth OJpg5 cdLJo VIC6o SL9FA uKcz6 mNefe hp1J9 </th>
<a href="form" id="main"><div title="footer" title="image" data-*="input">HF11S rsYPc </div>
<img href="header" data-*="select" disabled="select" disabled="link">
<span onclick="header" value="option" title="option" id="button"></span>
</a>
</li>
<button readonly="cell" disabled="header"><input>
</button>
</table>
</html>

Error: Cannot invoke "org.jsoup.nodes.Attributes.get(String)" because "startTag.attributes" is null
-----------------------------
HTML:
<html>
<tr alt="row" readonly="VvwvJDV7Fx" onclick="header" style="main"><table role="image" title="select" placeholder="image" data-*="select"><input>
<h2 class="3HCA5dVEHh" style="button">o7rVL K1ZTv kkbxn I2nQM P3lSP X7QB1 BV17l SRlae 8k6cz </h2>
<button type="text" aria-*="button" type="text">85EwU EujKj SuCyD fXiU6 9cvk8 6DkHg <table id="form" placeholder="checkbox"><option data-*="link" placeholder="text">1liM5 XxMC6 </option>
<input role="main" placeholder="image" type="row">
</table>
<span>IPPya hJNgT Z9MQz SD7mL 9bpyw iLVOj <option readonly="text" role="W5DBBJYtUh"></option>
<a onmouseover="header"></a>
<h3 title="checkbox">FyyKV vXFvH Cn7lC jkaVQ JImz4 orevS </h3>
</span>
<td placeholder="text" style="checkbox" data-*="image">S3P23 <img>
<input value="input">
<li onmouseover="link" style="option" onclick="button">JQCtS iJhaZ gOTFf 2KcVB kKRh3 HZzEL </li>
</td>
</button>
</table>
</tr>
</html>

Error: Cannot invoke "org.jsoup.nodes.Attributes.get(String)" because "startTag.attributes" is null
-----------------------------
HTML:
<html>
<table id="form">G5r1Y YtAw1 GBmHK j1qSo XmqN2 rSR0m t51Ou BaNZg uYAwu <tr readonly="password" style="option">GGX9V fVOM1 Z5Two oBu6d </tr>
<td disabled="main" data-*="row" disabled="select"><ul>p9344 hyVqE dmzTa z0e8z ghKYh YFBf5 SPPZs fw2u6 ymtQ7 <p value="option"></p>
</ul>
</td>
<p title="checkbox" aria-*="main">NXVdT sDwWu Os2kG RH8d7 O9xPP v8F5Z clTqe uaeUv 8EgCq j6f4O <h3 alt="613Sg5oIUd">sdlmC 3rHKx q9grv <h1 value="form"><h2 id="header" aria-*="link" onclick="button" title="6sdIBHymjR">sWcoH </h2>
<option onclick="cell" role="image" disabled="content">EaJoX xvMhz HWszg NFL0d Iig1a VQ7nL C2sdT df4fK qOvk0 </option>
</h1>
<p onclick="checkbox" role="footer"></p>
</h3>
<table><h3 aria-*="content" aria-*="link" role="select" value="cell">tbQV1 fgB4l Xw5Le <div class="header" value="image">Auy2s o7OAO ULQZY YyXKs sl7JC 2QpZ5 fe1Ew JGuOQ M52e1 WuTR0 </div>
<h3 class="row"></h3>
<input>
</h3>
</table>
<h2 disabled="button"></h2>
</p>
</table>
</html>

Error: Cannot invoke "org.jsoup.nodes.Attributes.get(String)" because "startTag.attributes" is null
-----------------------------
HTML:
<html>
<table role="row" id="button">97eYq gM6uH ATkO0 gBQdr reTtL m1D2j o5slO BvHhE <p><button value="OjpHWDZdCD" readonly="form">0Dmw5 6oadu <th></th>
<input>
</button>
<th style="checkbox">nGJzm qtfVA </th>
<h2>hAzv0 nu984 Aa8kH jmtRP 0ZnP2 6zh9S l8uXc <h2 id="button"></h2>
<button type="header" onmouseover="row">iEHKn iKPGT yxn8l I5DiI 0Sigt 5NpcQ XNdQS DDpT5 kZOBg QPHr8 </button>
<input>
</h2>
</p>
</table>
</html>

Error: Cannot invoke "org.jsoup.nodes.Attributes.get(String)" because "startTag.attributes" is null
-----------------------------
HTML:
<html>
<table><select title="select" disabled="image"></select>
<a src="form" data-*="footer">qPwqC <th>bNbIq pBuk2 8Ctbk sYjrE CylDk <tr></tr>
<li>87hPD <form placeholder="header" value="text" data-*="button"></form>
</li>
</th>
<table role="link" readonly="main" data-*="link">dCIZD 6zJsl eVOGe Fq9Sm Dt29E fvHRB yBX90 2HmFh s0M8H PBHjY <option onmouseover="button" id="option" readonly="button"><span class="checkbox"></span>
<h2 readonly="row" class="main" data-*="text" disabled="form"></h2>
</option>
<div id="footer">WBPyS yR6XS xmoRP oxN5v qvpqO 5l8WK <input>
<button>GdzK7 W2qJ8 7RQ2J xFHpH hfNCC rKoFA oA4wR 9bRHV </button>
</div>
</table>
<a>IRbw0 QJZUT bFeeZ 1hMIm GopdN <li role="password" disabled="85MMsSRBd9"></li>
<a title="form" class="table" value="option" value="row"><h2 disabled="form" placeholder="input" style="link" onmouseover="input">EPsGh OuqtB BDk9E </h2>
<select style="table" class="input"></select>
<td onmouseover="option" value="main" aria-*="row" placeholder="content"></td>
</a>
</a>
</a>
<table value="main" class="option">7UJdk <select data-*="content">1MVi8 <th>YAPnC zKz6F EP5sU 3RPtN sxEhb kfiZC <select onclick="text">3obrP ZF6Kf 83eK5 cRIz4 6czO2 KOyln iWaxj SlTBM hyMOi K5Q8a </select>
<option onclick="header">hF05X 5JRXm 6VGG0 p3n2h </option>
</th>
</select>
<h1>W7sLM F2Nxz vJUto vo89o <ul readonly="apIICDMFM9" aria-*="table" disabled="content" role="button">aBDnp OG3LD J3nNl 4TbYA pv6ne ZW1fc 4Jarp WKDZj k46zb <button disabled="header" aria-*="cell" onmouseover="link"></button>
<div disabled="link"></div>
</ul>
<input onclick="row" data-*="header" role="link" onmouseover="content">
</h1>
</table>
</table>
</html>

Error: Cannot invoke "org.jsoup.nodes.Attributes.get(String)" because "startTag.attributes" is null
-----------------------------
HTML:
<html>
<a><button readonly="option" disabled="password" onmouseover="GkERmfqMhV" value="input">ytWZT fioUj AV6qE XRZQi 8TChX Db1Wp Moo2O <a data-*="header" aria-*="header"></a>
<p readonly="tdIjwyOHvi" placeholder="option" aria-*="input">qjqw9 y2EKB b1lYf 10Jhi 7naSg <div></div>
</p>
<li id="main"><button id="5V3dvXjwxF" alt="table" onclick="checkbox" class="cell">Et3ZL 3iPlj cfrKE b9ezo </button>
<table title="input" class="form" onclick="text" value="text"></table>
<option>1a5kA </option>
</li>
</button>
<table><h1 aria-*="KBDJ9Xmatz" title="nWfdQxKQIY"><input>
<a title="image" placeholder="header" disabled="footer" data-*="fgAx9sCCpg">paIs3 tjY8O 2Mq9d j7gcR NZUOy oXuCY H9bkE </a>
<select class="select" id="checkbox"></select>
</h1>
</table>
</a>
</html>

Error: Cannot invoke "org.jsoup.nodes.Attributes.get(String)" because "startTag.attributes" is null
-----------------------------
HTML:
<html>
<table class="link" style="table" aria-*="table" onmouseover="row"><input>
</table>
</html>

Error: Cannot invoke "org.jsoup.nodes.Attributes.get(String)" because "startTag.attributes" is null
-----------------------------
HTML:
<html>
<table aria-*="link" value="text"><h2 onclick="row">2jOq9 HxM95 mfRiW oLsCL OwHdu w9vjt u8QIv <input>
</h2>
<input readonly="select" title="header" role="link">
<div data-*="2KoCKHH2uo" value="image" title="main"><span><h3 alt="image" aria-*="input" alt="link">AOO2m edspe X58qk RqMhu zPMV5 o8s2S 6Dm8N </h3>
</span>
<a src="form" onclick="button" src="header" id="row"><img style="content">
<td onclick="checkbox"><form alt="row" class="input" value="hBGEHOSW4y"></form>
<option title="checkbox" placeholder="option" disabled="sxBpdQwhZI" placeholder="image"></option>
</td>
</a>
<h1 onclick="header" onclick="AusB0PUPhn"><h2 role="cell"></h2>
<ul disabled="cell" aria-*="button" value="password"><a value="BjHXwvzvj7" title="image" id="text"></a>
<button data-*="text"></button>
<select>xd0zt K19R9 </select>
</ul>
<select><span id="link"></span>
<input onmouseover="password">
</select>
</h1>
</div>
</table>
</html>

Error: Cannot invoke "org.jsoup.nodes.Attributes.get(String)" because "startTag.attributes" is null
-----------------------------
HTML:
<html>
<table><span disabled="link" class="content" disabled="form" title="table">s5h36 rfPyB <span title="image" aria-*="main" onclick="password" class="table">h1j8d G5ZCk n8FWO xHuaQ C7RKI rlpTk ajOgv dBWmq <div disabled="table" class="cell">kqu2T <th></th>
<form aria-*="select">W5RbO K9VbH PbRGS cOvaf </form>
<th style="checkbox" title="content" style="input">LhkTS </th>
</div>
</span>
<li onmouseover="checkbox" data-*="main" id="row">FNEyI vv8r4 l34mm 1nFEN ezYiL KnHhA ldybP b32fr uja1x hANEz </li>
<form aria-*="option" style="checkbox" class="AyXQQKM1nD"><h3 disabled="option" onmouseover="cell" placeholder="content"><option title="input" title="password" disabled="content">cffEa PmLMp yMO6S 8IufG Oxonb bq5gV 5aqRM LBQDo </option>
<span>pqANZ QFZRb wVDe4 lO3Qn f9ACs xsY9R </span>
<th onclick="table" data-*="euN43sqqjA" title="table">nhDVr </th>
</h3>
<input>
</form>
</span>
<ul class="header">lpgCR NvZbC <a></a>
<h2 id="table" readonly="button" value="content">KCtKJ 0ZHwM HxYvO Lct64 uk7Dk </h2>
</ul>
<button disabled="main">GNKTv lH5fx 5Pp0p pE4Xv M3ol3 NBLDz 47LZq M6YrS <h1 role="table" aria-*="form"><div title="input" title="content">td9P1 zdA8H AqPMt jT2vy <h3 onclick="row" title="checkbox" class="header">3xfvm 2Xuk6 cqqNI UjgiS 3C0Nu XCiJs PPTyH h6yEM oaCOP 3PWNU </h3>
<tr class="cell">8rAyI SOtAK Px6e5 Ev3vO NZg2r g9Shu Za84v vUYjh </tr>
<h3 title="row"></h3>
</div>
</h1>
</button>
</table>
</html>

Error: Cannot invoke "org.jsoup.nodes.Attributes.get(String)" because "startTag.attributes" is null
-----------------------------
HTML:
<html>
<p disabled="select" disabled="table" onclick="form" placeholder="text">j1juC SVTGH KP8yh <button role="row" role="header" title="checkbox">p41fF <tr readonly="button" disabled="table">j0CQw qiv8X lsVKd MRMjr FHe0s qFOrJ IYzrB qP9qs MD1IP uAxJu </tr>
<th value="table" readonly="text" alt="checkbox">aCgLT qf6Y6 <form style="link"><th title="select" title="checkbox">B3saD DC78I abBwN </th>
<form onclick="button">52IIT tfCOj PZHI1 BrgEl Ss3ls NaqxO </form>
</form>
</th>
<table>l74S3 TzSk0 XHATQ btOra KujD7 <input>
</table>
</button>
<ul class="checkbox" aria-*="image"><select alt="row" type="password" style="link">skziG axeLK </select>
</ul>
</p>
</html>

Error: Cannot invoke "org.jsoup.nodes.Attributes.get(String)" because "startTag.attributes" is null
-----------------------------
HTML:
<html>
<button title="form" title="footer">ZDSnL k50jd yUar0 JdkKP M7oMy 3fOsq St9So VRNU4 utLkZ jxEzO <li readonly="checkbox" placeholder="link"></li>
<table style="input" alt="form" onmouseover="row">MDMTC KCx1T CSkW8 NFk5K r1qCM GxprF <input title="link">
<span aria-*="checkbox" id="button"><form><input>
<form>Bcb54 UtYTP CIZRd oaeJH nKAzO 2dn7j iNRli gYfi3 k5l7x 4fCen </form>
</form>
</span>
<table onclick="main" placeholder="content" aria-*="text"><form id="header" placeholder="content"><h1></h1>
</form>
<button placeholder="select">v4Gm7 j1VuR fGYYr F1hZs QsqbS w0HX4 <p value="xp4vzsLay8" style="table" style="image"></p>
<table aria-*="button" onclick="main" readonly="footer">Wg3YM vn7Nv irSIb jjUml sbloy sl8hr hda6f MReHH </table>
<table style="image" alt="option"></table>
</button>
<button><div alt="CYGApJ7gbM" alt="cell" readonly="password"></div>
</button>
</table>
</table>
<a title="image" readonly="footer">19n0D TOlnY EusY0 xkKPM S6WeR nWH8n <th><th placeholder="checkbox">2nuKn PN486 rHlW5 vAoGJ <select disabled="header" readonly="password"></select>
<td placeholder="cell" disabled="6k5mbroN5G" style="form">ykph8 lqQdN 1U5LB YrARS 9lEJm </td>
</th>
<ul data-*="button">p5P0H Uu4gr WXs5g </ul>
<span id="image" aria-*="form" id="table">CJ7n2 yO4Lm ICvqp 9T9CW KGJ9u qIPff xqQRW jdN40 mMtjX DIfsG </span>
</th>
<form readonly="content" disabled="select" id="row">8zKZg Vlzcw SWCdS Ayfkm 8U918 <select class="content" readonly="content" type="header" onclick="text"><select>2XPcJ czfrN 4kAXE kuPU3 bTbkC Y5srT 7nGxy VUF23 cLzHH </select>
<select onmouseover="cell" aria-*="button">JsxWg xQscf dM504 CqGQR T4NI3 KmeV4 </select>
<form class="button" title="button" placeholder="password">BURRW 5uQYX k14Ax m179J mTfIG XSjjY KOMbl LE6uS jAHYl GpDXn </form>
</select>
</form>
</a>
</button>
</html>

Error: Cannot invoke "org.jsoup.nodes.Attributes.get(String)" because "startTag.attributes" is null
-----------------------------
HTML:
<html>
<span alt="cell"><img data-*="row" readonly="cell">
<div>gCwPZ R7Gpa P188W <input placeholder="password" role="password" alt="row">
</div>
<form onclick="main" onmouseover="form">kCws7 vGwp2 <table>RKjRf PxTuT VGPFh 7Omi9 QpGoW x1FUt S65so bxNuG <input>
<div>WrKcK 0Z4JB jY0mP ysN3n kw7nX </div>
</table>
</form>
</span>
</html>

Error: Cannot invoke "org.jsoup.nodes.Attributes.get(String)" because "startTag.attributes" is null
-----------------------------
HTML:
<html>
<table disabled="Y2Cy86AaeC">FDesn v1qB1 qDl6W RsApV x1L6W ixjOv X8UNs <input>
<tr aria-*="cell" class="image" title="main"></tr>
</table>
</html>

Error: Cannot invoke "org.jsoup.nodes.Attributes.get(String)" because "startTag.attributes" is null
-----------------------------
HTML:
<html>
<th>PZgYy CQbt8 D7JhG 3ZYGq q4sOc uv5ru re7qu Pu4Tm yvWJV <button readonly="table" id="table" title="link">W44E5 zpvqD yv6Wh Q3qXe 7HI7k CoXGs atpuz z5hlF WAs2r <a>32HQo WV6gj b0Aio duytZ 2Bc64 <button>bhWYU knYrM <a data-*="X6524nG7j4"></a>
<h1 placeholder="lc4OWWQTyi"></h1>
<span onclick="select"></span>
</button>
<h1 onclick="checkbox" data-*="row"><div alt="form" role="password"></div>
<form>meUcU Knhh8 </form>
<tr></tr>
</h1>
<h2 placeholder="cell">T3qLA Gumo0 <input alt="button" onmouseover="main">
</h2>
</a>
</button>
<option value="row">7AE82 HzDop <p><table placeholder="content">Uxl68 Bdl99 dLXj5 j8vUI uKy99 9QoR9 wKq84 1zRMK ZGvdL <h2 readonly="cell"></h2>
</table>
<h3 title="select" onmouseover="cell">TCA09 nupgj ORJ66 <input disabled="link" data-*="Dxy2pHOMe6" data-*="option" title="content">
<li placeholder="main" placeholder="table" data-*="button" title="form">xuNMY lbYJF JAj1r zVbYI UiPEq 2XVT0 </li>
</h3>
</p>
</option>
<table title="cell" readonly="password" alt="image" onclick="cell"><td onmouseover="Xj8MPAUTsH" onmouseover="password" disabled="select" title="form">6tH83 <h3></h3>
<div id="select" title="row"><div></div>
<img>
<img style="content" aria-*="form" title="button" role="password">
</div>
<tr aria-*="input" disabled="option"><li placeholder="select" aria-*="password" role="main" style="ejFwMuVinS"></li>
</tr>
</td>
<tr placeholder="form" data-*="XIVx1bu1IP" style="content"><li disabled="Z9IqvS1hlW"><input>
</li>
<option id="table" placeholder="cell" onclick="password">UKpao TqnCV y9mEz 5qMY0 qFziC rJ3v0 <a class="select" id="option" placeholder="option" style="password">avHk6 GI9jA 8Uwmt 2MB2E HBmUa 8iblz Oway1 </a>
<button readonly="button"></button>
<a disabled="select" alt="footer"></a>
</option>
<a placeholder="9IJGR07dbD" role="password"><table class="input" style="cell">XONHl </table>
<li alt="footer"></li>
<a></a>
</a>
</tr>
<div data-*="header" onclick="thq1jpqKTf" class="image"></div>
</table>
</th>
</html>

Error: Cannot invoke "org.jsoup.nodes.Attributes.get(String)" because "startTag.attributes" is null
-----------------------------
HTML:
<html>
<td value="form">h1KBL 3CtEt Si05F <h1>kLmsp brNpC ZM4YU 51k9T XOoL7 <h3 placeholder="header" class="main" onmouseover="link"><option><td alt="select" data-*="link">Y7XwM DcbKc crgeM NAw0q Wg0HL ywDX7 vBR9A </td>
<ul>Jobi4 PvboI azCG0 elvye MgOdq cpxix OAATE UbQ9P lvQQe f382d </ul>
</option>
<div>gkh5d 4LtOm U7hyO 98cxi <div disabled="link" disabled="password"></div>
<input disabled="button" id="pKTQHE96Sa" role="checkbox" disabled="main">
<p onmouseover="main" onmouseover="main"></p>
</div>
</h3>
<h3 alt="form" placeholder="input" id="option" aria-*="main"><option></option>
<h2><input role="table" readonly="form">
<tr></tr>
<h1>P5te5 </h1>
</h2>
<h1 value="header"><h3 value="password" alt="link" disabled="button" role="button">HoU7w </h3>
<option value="content" role="header"></option>
</h1>
</h3>
<h2 placeholder="form" style="cell" disabled="checkbox">LyAj9 <td value="checkbox" value="select" onclick="form"></td>
<a class="header"><li role="select" disabled="form" onmouseover="5sqAmRTsJz"></li>
<input>
<h2>MCx3F pQQWF </h2>
</a>
<h1 disabled="option">5wb82 bfLXa <button aria-*="main" data-*="footer" aria-*="select">CQeKj lEWd8 oHWEr 9JH8V hYzxh vBxQW 3J7MB </button>
<option title="image" data-*="header">mUljC hwr98 </option>
<table onclick="footer">fHX7J mjWvM hCywV ScZdU psBgZ 4WkgL K78QC FqSkn </table>
</h1>
</h2>
</h1>
<table role="select"><h2 value="content">e7gRM plLBp qCZua 236yR PTRyc jur5j <h1><img onmouseover="button" href="password" src="row" src="form">
<form placeholder="footer" data-*="VqR070Is1I" disabled="form" readonly="form">U2Cy8 l6aid IVfOy tZJNB Hb5Ki kafI3 WmSeh </form>
</h1>
<input>
<span><table onclick="cell" alt="input">X1bmT bSZOP glh26 47hYV 1wxvW </table>
<h3>uR9dF </h3>
</span>
</h2>
<table class="select" id="yPbErFsviA" disabled="input" title="text">rfILx <div alt="footer">OPnOS psM0s 1XMwy GqBWR Lk1XM kgHcc gahf9 LnYUU <tr onmouseover="select">WskXH </tr>
<option aria-*="footer"></option>
<td>J6ASh dkwBc 0IPoI sJU8z wZXIG GUtmk ap37b aJCvt RPnMk TH5eA </td>
</div>
</table>
<option></option>
</table>
</td>
</html>

Error: Cannot invoke "org.jsoup.nodes.Attributes.get(String)" because "startTag.attributes" is null
-----------------------------
HTML:
<html>
<table style="Ma7RDfA23X">kPiXp <p onclick="image" readonly="form" onmouseover="form"><a aria-*="KWZE2zZGPX" aria-*="image" title="footer" class="option"><input class="checkbox" placeholder="button">
<button><div></div>
</button>
<tr class="checkbox"><form style="HKchrTDH5G" disabled="checkbox" role="link" title="link">alX9b 1ISur fGmOJ Lg5o6 qtc8T </form>
<input>
<h1>a9FSC 1HVVR rWq8V K0ri3 dtVAC AUCqA zvn4m ZKQiA YMFvG </h1>
</tr>
</a>
<h1 value="link" title="ehIoAmbT8n"><input id="password" role="row">
<img>
</h1>
</p>
</table>
</html>

Error: Cannot invoke "org.jsoup.nodes.Attributes.get(String)" because "startTag.attributes" is null
-----------------------------
HTML:
<html>
<span alt="U8Tk7QEOeW">HiTGF FQpvf bcNzq XzU8e sefur Eb2A1 LE41l UHTzV 9LEYA FRcQS <h3 id="content" role="select" readonly="header">lkewE 5uAaX U9CPA IvnyL ckQp0 lvdlo WYf7O aZ235 TYPaC 8oH1r <p title="checkbox"><tr value="footer" aria-*="content"></tr>
<a aria-*="row" onclick="wcgWpI21PF" onclick="table"></a>
</p>
<tr class="select" onmouseover="cell" id="footer"></tr>
</h3>
<table readonly="row"><input>
<div role="input">4OwpK LaP8l Vpwim M4eyj NYuiH nqmqT <button></button>
<select id="image" onmouseover="checkbox" onmouseover="header">4E1G2 aG22O YE0HM FEN36 YIF2G dcjLm x1aW8 WOqVe ePHqA YIY2V </select>
<h2 title="checkbox" aria-*="header" onmouseover="image">4oAbb fzWmj t0508 oMTPC t8450 sIfPG k7SEA </h2>
</div>
<ul alt="form"><span readonly="table"></span>
<li></li>
</ul>
</table>
</span>
</html>

Error: Cannot invoke "org.jsoup.nodes.Attributes.get(String)" because "startTag.attributes" is null
-----------------------------
HTML:
<html>
<tr onclick="content" data-*="image" value="link">jK355 S960l SfQQa A6XUw bzXrA 1Gbsv 215H4 FQG1O 38Wgb <table readonly="T792CUsaRm">JhEhe 43inG KF7wn ipk4b Vj6jy LIfYb OV7oC y0RHt 4MF76 rRMrb <input>
<h3></h3>
<tr data-*="footer">TbF0d 5AOTu NKLY4 </tr>
</table>
</tr>
</html>

Error: Cannot invoke "org.jsoup.nodes.Attributes.get(String)" because "startTag.attributes" is null
-----------------------------
HTML:
<html>
<span data-*="content" onmouseover="form"><td><span role="content" readonly="input" disabled="form"><a aria-*="cell">rF9TV <a style="text" title="header">J6tLS 59orZ Jp0In K0i92 xRVch 6r3Vk </a>
<table onclick="image" onmouseover="image" title="cell" style="link">1HPNY DqUzE pa7ls </table>
</a>
<button type="text" disabled="footer" alt="button" aria-*="link">qQEUD Ay0DO 3Xv7J nuB3z mfg2a I2ssa awuXk <input onclick="vC74sbI3l0">
<h3 alt="image" alt="checkbox" alt="password" title="footer">kOtqP 3ur7K 1sCUN tmaSL 38azF K009p S4CwL 2DRKQ kUxYu fEukz </h3>
</button>
<h3><ul onclick="cell">C0DUr Z2AMw XJMAS bmRDj lEnz6 </ul>
</h3>
</span>
<ul>3bM0H FTMWV eJvRo fxNrM 6BjQN N2ZtQ Ej9Gw nn3VK 4fLrh <div style="5aTLmkgBQq" readonly="password" value="form">aBzQM ZZykx AkV02 ZJ628 <table disabled="text" onmouseover="form">Z9Qj2 cftTB RhT6X 7OiX4 fu3TP exBkX </table>
</div>
</ul>
<table title="R6bqKVWaiX">FPAHM zhL8M ASXhW ZmUsm <input>
<h1 disabled="form" alt="footer">7b7Lx Au9ke JJQYb yp9LR yoPC4 UiWj5 kRITz KDhec egTHP <h3></h3>
<input id="cell">
</h1>
<td title="text"></td>
</table>
</td>
</span>
</html>

Error: Cannot invoke "org.jsoup.nodes.Attributes.get(String)" because "startTag.attributes" is null
-----------------------------
HTML:
<html>
<form role="content" disabled="image" alt="image">WudpB rUniu <li id="content">1sdCr wWsTd 701kI D3OJj </li>
<option style="option" placeholder="s9LgkqILU2"><h1 onmouseover="password" aria-*="content" onmouseover="row"><th>huliN EKdi5 8erNZ AxfwU GZ4Ja T7OH9 </th>
</h1>
</option>
<h3 role="text" style="option" readonly="form"><input onmouseover="button" title="button">
<table>EyCUz JiUF7 AVu4v <input>
</table>
</h3>
</form>
</html>

Error: Cannot invoke "org.jsoup.nodes.Attributes.get(String)" because "startTag.attributes" is null
-----------------------------
HTML:
<html>
<table disabled="content" placeholder="image" alt="input"><form data-*="select" placeholder="password">QwnVx 5oTXt Jq3B5 VL9mP <div>uC3RI AoB78 gpSiC <form id="table" onclick="text" onclick="select">v8EVk UcsTs 19lff 2aIgj 2FU2k BBw5B <select id="form" placeholder="header" onclick="checkbox">ZviBz YL0L5 YKM1T 5rGQd 8nwjT gha1h h2aQs yRfkP WHz5r </select>
</form>
</div>
<div alt="cell"><div disabled="footer"><option data-*="row" placeholder="form"></option>
<input>
</div>
<ul onmouseover="text">6h64E soKDz xIEK6 QKotw 59P05 w7vPu NiJbw xmZhO <form placeholder="select">M1fzE 33PQ0 N2v6J 6Hv4M CGc5V NKQof </form>
</ul>
</div>
</form>
<button>yORqv IfgsC Iszee tm8Br toDv8 lsn1s xKER0 zQGPj GSi7r <a value="form" title="text" readonly="input" src="header"></a>
<span></span>
<div disabled="checkbox">lNmBC <li class="image" placeholder="row" role="main">orNeT vDrtK <form style="text">G50Z4 </form>
<li class="link" disabled="footer">peiCw qt6dz VTQ5V NWzEP VykiP jBXdf R59YX 5b3CR mOZqv </li>
<button readonly="form">5YATy GOt4S I3RJm cjeZU FNho4 3cY3A NW0fr Th0vV n3b5q JJVaO </button>
</li>
<p><td disabled="table" readonly="footer" placeholder="input" role="select">ep4O3 xRNjX pflWH Ygmqd 5MJGz Eu8RH b46tf </td>
<img src="password" id="main" disabled="D7qgGTvOQf" role="checkbox">
<a class="header" onclick="vAffSRLZi1" value="image" id="checkbox">NlJdP zRbho titO6 u2zDd KN9lY EN2up Y9pta wVNAO </a>
</p>
</div>
</button>
<td aria-*="text">bTeuz 9JCVJ 9lKXE b5IZc vn64e IcgFw oMN3f LJGsH w1U8T <table onclick="cell"><h2 id="button" id="button"><input value="header" onmouseover="input" onclick="password">
<img id="SAh3XZqXqD">
<div style="header"></div>
</h2>
<th style="link" style="button"><select onclick="main" alt="table"></select>
</th>
</table>
<h2 id="header" value="select" style="input"><td>Oq6Wg VWSjO ALqwk <table role="password">hGR9O f6KxB RNeF4 UyEet dLEvI vJc8y 0tbUM MzgWq nGLaU FZgXs </table>
</td>
<img onclick="image" disabled="option" value="button">
</h2>
</td>
</table>
</html>

Error: Cannot invoke "org.jsoup.nodes.Attributes.get(String)" because "startTag.attributes" is null
-----------------------------
HTML:
<html>
<table placeholder="form" style="text">5yfxI NN6Cu CqB4d tz23O <h3 value="cell" role="option">2syFr aQZMN cTnkE venLy u5eTl 5dgKR <td id="select" class="cell" readonly="form" id="input">jTNLy OJm7h k07V9 Jo9E4 lcKpM VRds0 brswf c84zO tDiVI <td></td>
<option>RqM6j </option>
</td>
<select>QpRaV UuPhc 0a1UE unMBh 2L1JL PidtT <span placeholder="main" onmouseover="select" id="button">11ImP FkOPr 0nPgb FTnpG 92DUC </span>
</select>
<input>
</h3>
<input>
</table>
</html>

Error: Cannot invoke "org.jsoup.nodes.Attributes.get(String)" because "startTag.attributes" is null
-----------------------------
HTML:
<html>
<option disabled="select">F9Yrw 6Maxk CfsRm <h2 role="text" class="table">VxVtS AcNTo PvGJN vtEmq TO5PA 3FZF0 RiYmy kDQg4 jlp6y <table>Oc8Gj JQhZS KusPn ffWhU aOBj8 Nhv1d 14xtN fMJRm 7toK4 rJyFb <li style="header" role="form">7vftv X1kI2 SRyAI PpqIA 9aM85 tJMuo YcWDL 7lfE8 LWSwC </li>
</table>
<h3 onclick="table" data-*="link" onclick="checkbox"><button value="image" class="image"><p data-*="checkbox"></p>
</button>
<th alt="image" onclick="image" onmouseover="header"></th>
</h3>
<table value="checkbox" readonly="button">4VvSW LbAF4 KCd3s Yp8gO cYJzn N7jKE aShGl 9bcey v7OfS <input>
<td><li id="footer" role="password" placeholder="yQ2KHE96Us"></li>
<ul title="image"></ul>
<li style="table" id="form"></li>
</td>
<h3 class="content" placeholder="input" id="button"><td></td>
</h3>
</table>
</h2>
<p><li style="tZuwyUoCS0">aById Y3F5w <a><th class="row" value="content" onmouseover="select">0JtV5 CjO3L ePOoH </th>
<h2 title="checkbox" aria-*="option"></h2>
</a>
</li>
<p title="table">T3gp1 nQtSo mZg69 <input>
<ul>HiGml VeAmp qfk9y 17S8n RcUtz 6JTwj yWDpZ 5eRFB <h3 class="option" value="button" style="text"></h3>
<ul onclick="button" role="form" id="input">YRuJg N93mC RTD5K </ul>
<input class="footer" title="input">
</ul>
<th><tr>2BVfD </tr>
</th>
</p>
</p>
<li><ul><th class="main" title="row"></th>
<p aria-*="table">AANJX jEABy L0vX4 JLHCR 0l54w fPD4u </p>
<table title="main" alt="row" style="password"><th class="option" placeholder="text">xeByG iVKU7 </th>
<a role="option">LXjdU </a>
</table>
</ul>
</li>
</option>
</html>

Error: Cannot invoke "org.jsoup.nodes.Attributes.get(String)" because "startTag.attributes" is null
-----------------------------
HTML:
<html>
<li readonly="form" title="table" onmouseover="select" data-*="oqGHdGq6Yt">Whsd7 RQvil ktGu5 ekVqP 710pY 0wb8P rotjn lgTlJ hci2w gWZB9 <span>SxXWO h84Sx PfnaF mWdrE m5j9X 0QJMv 3AFk6 ZsQUk b5ArL <ul disabled="text">0KYuK s7Npy BXT3M 6pStE xyAF5 ZIqrp 0Vn5F <h3 alt="UNMLBWdGxn">4Me5n aDlIE oHj8N wnpHP 4Yljm qk2fn <h1 style="form" id="option"></h1>
<td placeholder="text" title="text" alt="content" title="F5cBugCUdD">WXBiv LDS13 iUOfF NTDIK isSTB L8Ww9 HLN8f 3pSxB TfLgG </td>
<div disabled="header" alt="Kfh7uxT9Hs">NZnAF 4VyuA 51cm6 MIGjm </div>
</h3>
<option disabled="input" style="main"></option>
<a style="form" value="input" data-*="input"><td onmouseover="select"></td>
<button placeholder="cell" data-*="password" readonly="input"></button>
</a>
</ul>
<h3 data-*="row" disabled="password"><table role="row" class="link">ReChI MLQBt ZsDmw QzZVP nv7Xu 6splq cYD9F GnT7y <input>
<tr></tr>
</table>
<button>c7diy 7H1Je aB6ho ygPBR Y7ah3 4we07 23BmO FN4Z7 wVsc5 </button>
</h3>
</span>
</li>
</html>

Error: Cannot invoke "org.jsoup.nodes.Attributes.get(String)" because "startTag.attributes" is null
-----------------------------
HTML:
<html>
<option onmouseover="checkbox" id="form"><img class="input" onmouseover="form">
<table>iR2Rx 218JQ 2z6fL 7mG2s A5Cf7 gXWSW yFQak GqJBt alAj0 nLvCY <div title="select" alt="row">BIhUt oIUgw 5qX1S </div>
<h3><input>
</h3>
<h1 readonly="option" style="password"><ul placeholder="form" readonly="image" disabled="row" disabled="option"></ul>
<li onmouseover="table" data-*="button" aria-*="main"></li>
</h1>
</table>
</option>
</html>

Error: Cannot invoke "org.jsoup.nodes.Attributes.get(String)" because "startTag.attributes" is null
-----------------------------
HTML:
<html>
<li><p alt="button" style="option" readonly="image" style="row">dq7hu N8jvk IJaLt dU4RQ 8BQv9 uwKij H5f6b Hc6Gt 0vpkq pYRBF <button>V33Rg iuMUO CRoXt yRLUD <table><input readonly="link" onclick="password">
<input>
</table>
<table data-*="select"><table>p0YDc iRLRF xl7JY ToWzE qSReq ww5OK PfaQu </table>
<span disabled="form" class="checkbox" placeholder="main"></span>
</table>
</button>
<a alt="row" alt="FNRt32ZPpO" href="content"><li id="form" class="row"><input role="password">
</li>
</a>
<div disabled="form" data-*="input" id="input" placeholder="cell"></div>
</p>
<div readonly="option" onmouseover="input" role="select">iMycY 0XUQQ ZF4XR <th placeholder="password" style="link" role="password"><select type="form" title="vem9msUO14" value="header">bNGSY 2gYUs LbX9p 40Baz bqxTu exMPW VqijP IZsF9 TEgOL KPNQ6 <a title="header" onclick="input" src="row">JKFSw 49Na9 XW8CB wCEu2 2g41H 9Aa5l UnXKc </a>
<p aria-*="main" id="content">8po5F EtseF K88ZZ xJexq UmwwT m1SAu N3GoE drPpY </p>
</select>
</th>
<p><div><h3 class="select" style="header"></h3>
<button onmouseover="table" class="image" style="password"></button>
<p onclick="main" data-*="button" title="input" onmouseover="main">M2IuS f2Uz0 fOKoh 5VKaX lBQwu 5Um7Q WCsEc jTyQn </p>
</div>
<a disabled="footer"><th title="text" readonly="header">EQde9 Lj2OU BkCNI AkqhW 8Mdqx </th>
<form role="button" readonly="header" disabled="57L7foMGkj" value="text"></form>
<a src="option" class="checkbox" id="link">ffZVo qC2PH rGTpE RUQmI llu6F w5I5S pza3n fZz7O l9yZt </a>
</a>
</p>
</div>
<div title="option" class="UN1dM7CG1A">Grw77 YLIE3 OgDIi o0ViJ rrsYU Te2rN BieZR <th><ul placeholder="button" alt="input">CjHHp jLP82 xauNo OdywP Ty4vD Dfq5I sfHdH mefiJ V8ZYV <form onmouseover="option" readonly="password">8XJFi bigS1 5oBiQ </form>
<h3 role="content"></h3>
</ul>
<table placeholder="image">1oy0S PJctD HnmXb UeeMN QbLbl tVK2m <h3 style="form"></h3>
</table>
</th>
<ul role="footer" placeholder="text" aria-*="form">asGhQ 7U2ou R88nW <h2 data-*="cell" onmouseover="cell" class="table">musYk xgFNN bqY71 kvybT h18oU peTUB eCpjh <li placeholder="cell" data-*="checkbox" style="footer">Znnnb pI8Qm wmirR rHKm0 vgjft Vu1rg lFVdp T2xsk 4aIxQ </li>
</h2>
</ul>
</div>
</li>
</html>

Error: Cannot invoke "org.jsoup.nodes.Attributes.get(String)" because "startTag.attributes" is null
-----------------------------
HTML:
<html>
<ul placeholder="form" id="button" aria-*="cell"><h3 id="image" onclick="row"><table><a onclick="content" title="main" data-*="link">nrNEq kCe8K gN0hf <td role="option" placeholder="option">wG4Xz DrtEu MQ84E 1Oi07 o3fqq iXbRJ Rdua6 </td>
</a>
<h2 onmouseover="select" title="image">d0WLH 0NBmR dwsYI Kn2hZ 8ySmf ECYnV 7hdeD HfQHm mPRuX EZ3Hp <input>
</h2>
<select value="select" type="checkbox" placeholder="main" class="main"></select>
</table>
<div>uj4nO 1eEaB WkB1o HihEe s3T9Z <h1 aria-*="header"></h1>
</div>
<img href="footer" href="footer" class="select">
</h3>
<select value="input" title="content" readonly="text" role="header"><a role="select" value="select" role="row"></a>
<option onclick="cell" onclick="footer" aria-*="row">NzD4F 7TSN8 nzMTO 7IqL2 QW7Ue T6mLp HyNVv 7Sfej sSM7Y </option>
</select>
</ul>
</html>

Error: Cannot invoke "org.jsoup.nodes.Attributes.get(String)" because "startTag.attributes" is null
-----------------------------
HTML:
<html>
<h1>EMoAO f01xz <table>Xaz0S fApKH Eomm0 HHQzS tkuBA WY39u <ul id="link" title="text" placeholder="cell">unBeH J3Nx8 3iBCt 1ialZ pL0Rv S6xiG Cmof5 <h3 title="xA3h9DiE3Y">2Pa0i 0ImlP qTLcL y3zMc kRh0G </h3>
<input>
<img alt="option" placeholder="input" style="header">
</ul>
<div onmouseover="button"><div></div>
<table role="password" disabled="form" disabled="link"></table>
</div>
</table>
<input>
<form readonly="content" alt="link" role="content">1iPcs DgzAB ZnwAF 2BY9C TNaBx <td>hD4Tw emy1v WHhBr qFpGH F8hzI </td>
</form>
</h1>
</html>

Error: Cannot invoke "org.jsoup.nodes.Attributes.get(String)" because "startTag.attributes" is null
-----------------------------
HTML:
<html>
<tr disabled="42fuRtI43t" class="content">CvNEn FMBMr wno0G DyjO1 sZ5Ej <table placeholder="footer" id="content">0QKd9 YYVHx 6ZEyu RnPMm dFqN5 <form value="table">Dcauw 1AKJz z2H6X P7zS7 kPgJm UYiUD 0GyNz yJyr2 <span></span>
<ul role="main" style="table"><span role="text" disabled="checkbox" placeholder="image" onclick="main"></span>
<tr onmouseover="header" onmouseover="password">Qlamd </tr>
<h2 onmouseover="row" id="form" aria-*="option">XHuEZ ig62r u9Q70 </h2>
</ul>
<input disabled="table" id="content" aria-*="select">
</form>
<li><img onmouseover="content">
<h3 readonly="main" value="text">xxp3R MBfNw GNzNz xnmcf <span title="main">Vlyj0 uCvdz er0Rg 7eSv3 </span>
<p></p>
<h3 value="row" aria-*="checkbox"></h3>
</h3>
<tr disabled="form" placeholder="select">tfv3s pMEdG </tr>
</li>
</table>
<table disabled="cell"><ul title="main" style="checkbox"><button placeholder="checkbox" id="input">RBAYT EAX0D WylsI </button>
</ul>
<input>
<tr>qkEh2 DU3c7 AA899 1EGfR ufNVA aMpKs 4nRRV ph9zK tel1m <button readonly="kI5IWbG1pt" data-*="image"></button>
<div aria-*="form"><a title="image"></a>
</div>
<button role="text" data-*="link" id="button">W2uyb nQs8I OZyAc Awl2O 2Ku7W aAxnz dE26u VYpZQ <h3>He6dA ZLe54 L4hnJ </h3>
</button>
</tr>
</table>
</tr>
</html>

Error: Cannot invoke "org.jsoup.nodes.Attributes.get(String)" because "startTag.attributes" is null
-----------------------------
HTML:
<html>
<h2 data-*="header"><table style="button" aria-*="cell" id="input" role="link"><ul role="4Vu7b5v2ms" disabled="header" role="checkbox" data-*="button">rOZxO FWPBm C41uv H6bGO <input>
<table></table>
</ul>
</table>
</h2>
</html>

Error: Cannot invoke "org.jsoup.nodes.Attributes.get(String)" because "startTag.attributes" is null
-----------------------------
HTML:
<html>
<th title="option" id="header">zjeAC nu9WF <td disabled="checkbox" title="text" onmouseover="main">I4Cjz EuF4H 0CFfd utfQV P5CAv Q8K8c <h2>cSAeD nrY7s 0jjo0 <select data-*="footer" aria-*="row">4EP66 E6qFE x8LKm BQx45 rwScE 9g1m2 TtQ71 2sXaF d7s6L <div>uYniM gaJJN </div>
<tr id="form" id="header" placeholder="cell">wtci9 frQEG rJTfc DFySd GcKy4 EG1cq XIK0c ohv6s wEp17 6u5qr </tr>
<th aria-*="button" role="password" class="footer"></th>
</select>
</h2>
<table role="content" role="option"><form onmouseover="link" placeholder="qqozVGj4RZ" style="select"><a onclick="footer"></a>
</form>
<ul><span style="table" role="row" data-*="password">DqPoV jGSU2 FTeDT 6jOKQ DWQVO 6198R ToOpY </span>
</ul>
<form disabled="text" onclick="password">eCfQL 9LcUY <h3>vOZQM rOYkN D9Drw YpukG nTceV p5eqP </h3>
<input>
<li onclick="select">JBbTf Hf578 </li>
</form>
</table>
</td>
<h3>P9lXq 3JG5p tx5e8 XyCQJ ifTuc HCUyd <div role="z60WfZbxsJ" role="form" title="image" value="option">IeLpr jVmeh wF7lZ 4QLMa J4ynZ 0Y5Mj oFD62 Y6mzN ecoeP <input value="form" alt="header">
</div>
<a><li>q1tPq PvMxH IamEw 30a99 ZfMBI hcoAa <ul disabled="main" onclick="option" readonly="link" value="form"></ul>
<tr onmouseover="header" value="table">LW7J7 J8nZQ m9SHk PyloS cpSgv </tr>
<h3>GO9iw </h3>
</li>
</a>
<td value="link" onmouseover="header"></td>
</h3>
<input role="2MAqqQb4aV" style="text" value="checkbox">
</th>
</html>

Error: Cannot invoke "org.jsoup.nodes.Attributes.get(String)" because "startTag.attributes" is null
-----------------------------
HTML:
<html>
<h3><table class="0hUaQDdutv"><input>
</table>
<table class="iy7Q0Q8vEV" id="header" readonly="password">T6RM3 5yQul SP6Ya DpRB5 1elAw yh7SV AvlH3 UF8pz <form class="main">Rhhys zGQ8E 0kwGQ 7hKOD ihf6o ZWnfL gSVD9 SaDIq </form>
<th placeholder="text"><ul readonly="image">dnydt LG2o9 v7JuM </ul>
<h1 style="text"></h1>
<div disabled="main"></div>
</th>
<select aria-*="select" data-*="sNqKuGWVf9" onclick="header">XJN8C FfWiU 6NrNJ </select>
</table>
</h3>
</html>

Error: Cannot invoke "org.jsoup.nodes.Attributes.get(String)" because "startTag.attributes" is null
-----------------------------
HTML:
<html>
<table disabled="select" onclick="option" placeholder="option" value="select"><option value="option" role="image"><select value="form" value="content"><button style="main" role="link" title="input">NYmFI <tr alt="text">3dGY3 eTHQK GYatz xk0ll 3lMNW KQOwE </tr>
</button>
<th>qiNTF 5fyJI o5prq Hsk0N </th>
</select>
</option>
<span class="password" data-*="image">Et9Ao 5oKte H5A4p 9YJvp CFvjy 1G1a2 NK52w <option id="option" value="main" onclick="link"></option>
<p alt="header" class="table"></p>
<td value="header" disabled="link">4HdjD zxWbu <select><h1 disabled="text" data-*="form"></h1>
</select>
<tr data-*="option" placeholder="header" alt="form"><h3 readonly="input" data-*="link"></h3>
<input>
<tr>Bb7WQ 8T4C5 ND9lM mC2rH y3dM8 </tr>
</tr>
</td>
</span>
</table>
</html>

Error: Cannot invoke "org.jsoup.nodes.Attributes.get(String)" because "startTag.attributes" is null
-----------------------------
HTML:
<html>
<table role="form">YhlPh FYloY kdvnK uPesB i3wYw eNvmC OuVOe Yh6kT ucZh8 YH2i8 <input>
<span id="Mo2tb57zFq" alt="content" value="option">4wCXb iXveU </span>
</table>
</html>

Error: Cannot invoke "org.jsoup.nodes.Attributes.get(String)" because "startTag.attributes" is null
-----------------------------
HTML:
<html>
<table style="GXMY9nTN4X">1rhwn ZJKgv XOzOp XsWVm <h1 data-*="cell"><h1 disabled="checkbox" aria-*="cell" data-*="input"><tr alt="row" aria-*="header"><form aria-*="image">QSlpC f5gGg ChGeM vXUvZ 2uId3 oaVDg </form>
</tr>
<input disabled="password">
</h1>
<input id="form" placeholder="footer" onclick="image">
<p>BOVqJ LfvjH NPvHV OXgDW Cs2zf Da9Vz YUJ20 r4b91 cq3N4 09sFc <ul title="main">536zf tJOqu Ga0TP fPtEM CmQlE <th style="password" id="checkbox" disabled="button" onclick="main">Xxj82 HmJDs GLzfV lHbEL </th>
<input>
</ul>
</p>
</h1>
<th placeholder="table" disabled="sh9VoD18xS" placeholder="main"></th>
</table>
</html>

Error: Cannot invoke "org.jsoup.nodes.Attributes.get(String)" because "startTag.attributes" is null
-----------------------------
HTML:
<html>
<ul style="input" readonly="table">9ME6B EoEsC rcaCQ jrOHk m3gFx AVRTS <table><option value="checkbox" role="button" aria-*="cell" id="checkbox"><a><td title="input">S9kXn Occ3N qWzT6 fMUqw b3reS gK95v </td>
<img class="ZkjlftjRg5" style="button" aria-*="a2SLlxD4Mg" title="main">
<img readonly="form">
</a>
</option>
<input>
<th title="checkbox" role="password" onmouseover="option">Yqpxz BZVGX syws2 kQTWJ IGz5S TA6jw <tr>HvsmO kurH4 PzL6m Ri97v u6hdK <th onmouseover="cell" data-*="input" onclick="cell" style="3unpFHrjyG"></th>
</tr>
</th>
</table>
</ul>
</html>

Error: Cannot invoke "org.jsoup.nodes.Attributes.get(String)" because "startTag.attributes" is null
-----------------------------
HTML:
<html>
<table alt="footer" aria-*="form">WOVuo vkexy lFe0c lWora FED6d XUuOg <input role="D3xLbvb1XD">
<form onmouseover="select" title="header"></form>
<li title="header" onmouseover="table" class="option"><span role="text" class="form" disabled="checkbox"><button><h2></h2>
</button>
</span>
<button title="content" style="checkbox">rNphQ Zrvqd dipja <h2 data-*="select" role="skq9toJj2o" style="footer">TQDi9 Z6mlx fDN1d vD2sk P0ApW SC3Hb </h2>
<form role="content" id="form"><option class="row" onclick="image"></option>
<input>
<ul>5dzml X617G e8vPh 8ZrS3 20emV </ul>
</form>
<div role="link" title="cell"><button disabled="input" role="header" aria-*="p8HqGJU607"></button>
<input value="footer">
</div>
</button>
<select disabled="footer" style="table" disabled="link" aria-*="row">1MCAE 1FL25 ayC0z CXomX Nzsbj PFmYA <select style="form" id="main" disabled="WR3xPH1ZpQ">bAUOs e2c3m r3w0y FAPm6 i7GDL zfdu8 <p id="form"></p>
<a>yKKNC lmQfU FlsL0 ZDsHt </a>
<form aria-*="footer" role="main"></form>
</select>
<li id="form" class="cell">41LDm 5SISc <td style="table">xQAop rZvSG WXDYL TcEOi YTfzT poAdV </td>
<p></p>
</li>
<table readonly="input">5P5fI 9jEC3 PKLcF 73Evq <ul alt="table" class="input">exgvc 6BN6i zLYnh nBqZe Si2iE 50kYV yDsta fZ4TJ </ul>
<a style="table">KLs07 czQBW </a>
</table>
</select>
</li>
</table>
</html>

Error: Cannot invoke "org.jsoup.nodes.Attributes.get(String)" because "startTag.attributes" is null
-----------------------------
HTML:
<html>
<table placeholder="form" role="button" placeholder="checkbox" placeholder="cell">MJcAV gMKxW T67Li 9QvPT tJF2I Xun45 SvvhH pHuii <input>
</table>
</html>

Error: Cannot invoke "org.jsoup.nodes.Attributes.get(String)" because "startTag.attributes" is null
-----------------------------
HTML:
<html>
<table role="header" style="select">DvZS4 <li alt="0yPRYzJmpi" readonly="table" aria-*="content"></li>
<button data-*="row" class="image" onmouseover="link"><a readonly="option" title="table" onclick="cell">ROdQQ zUR1w mj9wN UpN8g IPkJ3 CaoCt iwduV G45Ih GWx0e <option role="header" onmouseover="select">PghEh lhGmc e32en 7sp8a uu3XF </option>
<h1 readonly="content" disabled="cell" aria-*="footer">gAbNu Z2WRZ SArK1 vIXUS TLHnI VXbWE 1KX0C UrNVW 4J4fu </h1>
<a></a>
</a>
<img>
<input>
</button>
<h1><td>5MnBS </td>
</h1>
</table>
</html>

Error: Cannot invoke "org.jsoup.nodes.Attributes.get(String)" because "startTag.attributes" is null
-----------------------------
HTML:
<html>
<select placeholder="footer"><p id="hsHqA3s741" role="table" onclick="password" role="footer"><tr aria-*="QzfklgqK4B"><select readonly="content" value="image">dg0fs OI35d 9djwR w3uSv BHCIX TRTwB 8Ybjs vLKpE <select title="header"></select>
<select onmouseover="table"></select>
</select>
<option style="row"><input readonly="checkbox" onmouseover="content">
<h1>vvadx Be2po xEvzy nGUaT Oammn o20Rt VwEfa </h1>
<form></form>
</option>
<form aria-*="option" role="text" onclick="text" placeholder="password">qgr0b oAEKD MB7d8 lxD16 dCHOz CsBpz 5AM3A lSsOr UQClT <ul aria-*="option">3ZKs8 jcsAn JakgU jjRlQ 42kxf </ul>
</form>
</tr>
</p>
<option alt="content" title="password"><button style="header" alt="input">tjfsD x9jmD 22ZbM nvkpA i7zNz qGay8 CSHk9 <table data-*="text"><h1 onclick="footer" onclick="form">IK7Yu O2o2R SesBG ep2Ls </h1>
</table>
<p onclick="table" class="row"><span>c4tgu l7YXR c0Dfi XFZWH CMkTT F4J6u Y5D7t 6nGOw La0mO CPebp </span>
</p>
</button>
<tr><h2 disabled="content" alt="cell" id="row">fX7jS 73B1t Iekvt dRvXI nNUYx RtkRI Q9H9c <form>tZVX4 jNf4w </form>
</h2>
</tr>
</option>
<table style="form">Ayzde OpLBV 4mHkH PXUTD 6p3tp ukNmk hiDTH GzyUP 5l5x2 <li><span role="checkbox" onclick="row" title="select"><span>8cHH7 HXA9M </span>
<button value="option" class="text">C4hCD JpBmi </button>
<div>n5c9R UNuMS 19Op7 NMc3w OsnTw i5XjJ xyRv0 m1Tmo 3PfUG </div>
</span>
<th onclick="header" placeholder="input" data-*="content"><li></li>
<table class="button" role="password" onclick="cell">XFhpe </table>
</th>
<h2 role="header" value="link"><button>5VVgR iPO4l CmNPl cbW3x 7oS0o Dclkh 15K7u </button>
<select placeholder="link" value="OAlmfVOWNc"></select>
<li></li>
</h2>
</li>
<input>
<td id="input">NuTzM c27H4 QzDkM xZFvX PlUqf RnibG Plrvv <button><div aria-*="select" class="footer" readonly="cell" placeholder="checkbox"></div>
<h3></h3>
</button>
</td>
</table>
</select>
</html>

Error: Cannot invoke "org.jsoup.nodes.Attributes.get(String)" because "startTag.attributes" is null
-----------------------------
HTML:
<html>
<span disabled="link" alt="checkbox" readonly="9ouewpsVoT"><ul value="table"></ul>
<table data-*="cell" disabled="footer" class="input"><select></select>
<input>
</table>
</span>
</html>

Error: Cannot invoke "org.jsoup.nodes.Attributes.get(String)" because "startTag.attributes" is null
-----------------------------
HTML:
<html>
<th id="row"><table aria-*="button" onclick="select"><input>
</table>
<h3 class="cell" onclick="header">g8WdE e8GrM hFXto uKEqn <ul readonly="checkbox" placeholder="cell" readonly="JxVoj4LHp7"></ul>
<span value="link" readonly="option" alt="footer"></span>
</h3>
<h2 value="link">rGl3L yJqq3 CJUzX tpW7p U7x0b </h2>
</th>
</html>

Error: Cannot invoke "org.jsoup.nodes.Attributes.get(String)" because "startTag.attributes" is null
-----------------------------
HTML:
<html>
<table onmouseover="header" role="text" role="header" disabled="footer">kBbg4 hUdsg <img placeholder="4zsaAjGHF5" style="form" src="input">
<div id="form">yP15i 1uYtx oiv0m QJFAU bab7a <span role="footer">0KdkB UiXon mDbgR <tr><input>
<li role="sGGC3ZitCz" aria-*="main" id="password">d9CJU 4wrgB prYBb 8NRPR uyAlu </li>
<h2 aria-*="footer" readonly="password" placeholder="row" value="image"></h2>
</tr>
<h1 disabled="text" value="button" data-*="K9rpLbiV1v">DOp1c 94t5w ml2Hf hCCXP Ec71J <p alt="input" id="link">OQv5y P0qX4 SOAbD bat8b TLBch yeRkl Xrit1 xtXDy dokdN aNlji </p>
</h1>
<span readonly="link"></span>
</span>
<td style="button" class="content" class="text" disabled="option"><h2 disabled="option" placeholder="text"><td alt="content" aria-*="B6qoRoaxUM"></td>
<h1 role="119XPYdwv7" onclick="button">xVQbI </h1>
</h2>
<table onclick="J6MJZ8Agnq"></table>
</td>
<a>QY1m6 V5uoA BJd2S ZFXxs tezSK ApeLZ kAEhe <div style="VoVO9wM9bM" disabled="password" id="header">ULtxG 26eK8 WvGeQ </div>
</a>
</div>
</table>
</html>

Error: Cannot invoke "org.jsoup.nodes.Attributes.get(String)" because "startTag.attributes" is null
-----------------------------
HTML:
<html>
<table placeholder="main">9jC5x 0Aedh YvvFq WxfUF bWvQ4 lqjYu xmX3f <select alt="tVRHdwMuCh">qb7WC 4baU8 dLDOA <a value="footer" aria-*="Uj68SczBD2" title="password" data-*="mnD95P7ZnK"><input>
</a>
<th disabled="option" readonly="table" class="checkbox">zm46k uxoUM SqPH5 <form style="ugnGVJF8Qm" disabled="checkbox"></form>
<option>uC4fL owBke qEmP5 RvfJg </option>
</th>
</select>
</table>
</html>

Error: Cannot invoke "org.jsoup.nodes.Attributes.get(String)" because "startTag.attributes" is null
-----------------------------
HTML:
<html>
<h1 role="button" placeholder="text"><td aria-*="form"><table alt="input" readonly="option" value="button">aUwff <h2 disabled="row">Lab0V azl4B <form class="content" value="input"></form>
<input>
<ul id="row" aria-*="form" title="content"></ul>
</h2>
<tr role="checkbox" disabled="header">p6JNc 8Yv6L RLWPP 9M5Ul <option></option>
</tr>
</table>
<ul title="table" title="password"><button type="footer">d25wy ytzwy qu782 NiiVv LTBu8 WItoO </button>
</ul>
<h1 aria-*="JGZsdVnA5l" style="g86WLPikFd" data-*="select">5zNQ7 yT8Oq frd0Z <table placeholder="cell" title="select"></table>
</h1>
</td>
<div role="content" title="footer" style="content"><div><h2 value="row" onmouseover="image"><ul style="form" style="hKpeZSGo6F" data-*="header"></ul>
</h2>
</div>
</div>
<span>IavVK U2ZMU OD5cA P8VyW BroeN SVssz YY0bM 8kSXT I5E38 </span>
</h1>
</html>

Error: Cannot invoke "org.jsoup.nodes.Attributes.get(String)" because "startTag.attributes" is null
-----------------------------
HTML:
<html>
<table aria-*="select"><input>
</table>
</html>

Error: Cannot invoke "org.jsoup.nodes.Attributes.get(String)" because "startTag.attributes" is null
-----------------------------
HTML:
<html>
<h2 alt="image">ul84j 93uWv WNyuP Y876Z s8b2o <input>
<table aria-*="link"><h3 alt="checkbox" aria-*="form" role="content" id="form">YBRIQ ydoNX N8AIC <li placeholder="button"></li>
</h3>
<button disabled="17wJIuS8xj" type="header" data-*="form" onmouseover="password"><input>
</button>
<span aria-*="image" title="table" data-*="footer" class="text"><li placeholder="row"></li>
</span>
</table>
</h2>
</html>

Error: Cannot invoke "org.jsoup.nodes.Attributes.get(String)" because "startTag.attributes" is null
-----------------------------
HTML:
<html>
<th onclick="password" style="content" placeholder="select">mMvUg okjHx 8Hplk ZIww0 IleBD <table><button>XAFic <p data-*="button">B7SI8 7N6An cAYbJ O5O90 sU59p g6UOv Vn1nG </p>
<input>
</button>
<input role="link">
</table>
<img src="cell" disabled="Face36nRDA">
</th>
</html>

Error: Cannot invoke "org.jsoup.nodes.Attributes.get(String)" because "startTag.attributes" is null
-----------------------------
HTML:
<html>
<h2 placeholder="Ur3kFBBMkO" aria-*="footer">fwQXv KJAUA nwRAj wcHgJ 7OACh zhMhC <table>JVmRj OQ8qe <h1 readonly="content" aria-*="main" title="Rauoc9OVgC"></h1>
<input>
<ul>sNG37 LIC1A <li role="header" data-*="n4WLpPnjYk" alt="select" alt="header">jz2n3 EmZOe Dc5G4 ebOb0 WXsEY 8JnVO </li>
<button role="button" title="XlunYNLeQ4"></button>
</ul>
</table>
<th><tr alt="input">PpvLl 9Lm3r wkdEj gotTH zuhz0 rNPDL <table class="image" onmouseover="button" placeholder="content">zwaz3 qlTUl xObHA JZNEN 6mADx ETyVP qFCp9 NqTL5 ir7nA ZvAat </table>
<li title="table"></li>
<div></div>
</tr>
<option role="link" onmouseover="w48bJMxwns" aria-*="link"><span data-*="input" style="form"></span>
<a onmouseover="footer" class="main" alt="row" style="table"></a>
<td></td>
</option>
<option id="link">nQqoc <span value="row" role="form" onclick="button">BtYuV JY4Yu OMqH9 yL6PB Easxf 1gy5I nK39z KDaxG </span>
<form data-*="content" disabled="table">NPIje 4wEJy </form>
</option>
</th>
</h2>
</html>

Error: Cannot invoke "org.jsoup.nodes.Attributes.get(String)" because "startTag.attributes" is null
-----------------------------
HTML:
<html>
<tr title="header" alt="password">jEVN4 tScyK ceZQu yCHhA <th role="password" readonly="password" alt="text" value="checkbox">uP3qp h26Fd vyjmY q07iJ qRgzG xsUT5 t6cIP undxX aTBbg w24FK <ul style="row" aria-*="table" onclick="cell"><h1 title="row" aria-*="2I5Xl7GnIe">khS2y 6kYdj uQX2R 45t5a <ul alt="EINkWMUtzA" style="content">v75f1 q4Fd7 h7sjp 0D9aI j3OfC JvtnQ AaRgW gHipf </ul>
<tr></tr>
</h1>
<h2 value="form" placeholder="content" title="checkbox" onmouseover="cell">Cvna2 F4zgd <h2 disabled="header"></h2>
</h2>
<div>Eysof P4Jij qcML2 hmiLM VcRdG LdpeI 0tXUh 5cJE4 8XsfE <td data-*="option" class="select" aria-*="form"></td>
<form></form>
<button alt="footer" alt="main">903R4 7pbNP TLjjz JYlV4 RnXT1 xNPQ3 34kTu eMGIb </button>
</div>
</ul>
<button disabled="header"><span id="select"><input title="image" type="text" readonly="button">
<input alt="footer" readonly="link" style="main">
</span>
</button>
<td role="footer" class="checkbox">OoXxz LkIhk iMKIi 7D7C2 <a><span></span>
<span title="table" alt="main">VP3oN tkuqv RqEPT szMdn qCZWj 6QGrW SnIXX 6xudF </span>
</a>
<h2 placeholder="password" onclick="cell" value="link"></h2>
<table onmouseover="select" onmouseover="table">m44Rn KsqQY pWgdq TsiSg tBCMb oskeB fKEqO K1vJU 8QDcO <input>
<tr value="cell" onclick="checkbox"></tr>
<a src="option" onclick="header" class="button" disabled="main"></a>
</table>
</td>
</th>
</tr>
</html>

Error: Cannot invoke "org.jsoup.nodes.Attributes.get(String)" because "startTag.attributes" is null
-----------------------------
HTML:
<html>
<th class="checkbox" disabled="cell">iF0fv F1lVM aNIEK <tr value="image">5KdwP bqKWi <tr alt="link" disabled="cell" alt="text"><form alt="content" placeholder="input" aria-*="select"><p>8qj6F HBMgf jR1kT 9IUki TEFMd XHZ1s q2p42 kdyp7 </p>
</form>
<ul id="button">03Yg3 flDbf FDAVI lLOGL vSQXp <table class="main" title="image"></table>
<ul readonly="select" role="image" data-*="table"></ul>
</ul>
</tr>
<input>
</tr>
<form onmouseover="text" id="main" value="text">zmvsV <option onmouseover="button" value="GBekEHZ3wm"><td id="image"></td>
</option>
<table data-*="header" disabled="54aQxXPHEH"><button onclick="cell" value="button" id="header">vJd4h 2dOGF <td alt="0UA9bSLOjF" placeholder="footer" style="xH6XHHCYg0"></td>
<option disabled="header">tcBee dTaKq CqnGI SaKJq s7V1o </option>
<tr alt="form" onclick="form" readonly="content"></tr>
</button>
<h1>nSE2g dFgD4 DbI7l M5wmL <h1 data-*="row" id="content" style="text">2DFWu HgFhp </h1>
<input>
</h1>
</table>
<tr onclick="row" onmouseover="link" disabled="content" id="content"><select id="cell" role="cell" style="text"></select>
<tr aria-*="table" onclick="password" onclick="form"><span id="1zFQmAML4q" disabled="password"></span>
<a style="form" role="VP6DFOF2F1"></a>
<p></p>
</tr>
</tr>
</form>
<select placeholder="main" title="link" alt="row" style="text">HJ3IT ttCf8 9fanW YdrU4 SEYHF </select>
</th>
</html>

Error: Cannot invoke "org.jsoup.nodes.Attributes.get(String)" because "startTag.attributes" is null
-----------------------------
HTML:
<html>
<h1 class="Jeod8I6b1c" value="form">sXybj 2w68A rEe1X <h1>iA8PC r4qfw OY1u4 oNM5V SBcfS AICsQ mpZDc ljEzh <img class="checkbox" onmouseover="option">
<select placeholder="table" onclick="option" aria-*="button" id="link"><form title="header"></form>
</select>
<table data-*="image" disabled="main" readonly="content">bDhQU <input>
<tr title="password" aria-*="cell"></tr>
<input value="footer">
</table>
</h1>
</h1>
</html>

Error: Cannot invoke "org.jsoup.nodes.Attributes.get(String)" because "startTag.attributes" is null
-----------------------------
HTML:
<html>
<h2 readonly="image" readonly="checkbox" aria-*="content" id="link">9gGOF Ilpro Kfuwx <table>4GlWg Y7OqG f4vyx UKVTq ReK9q Orqip <input>
<option aria-*="link" onmouseover="option" onclick="form">axt4f smbAy y3gVi pw6bu </option>
<img style="54yZslhfTZ">
</table>
<div onclick="TKrunWvGTx" placeholder="footer" id="content"><th id="button"><img readonly="cell" data-*="option" src="button">
<a></a>
</th>
<tr id="main">cWodg GjVCT zbTxf 3Uyn9 <a aria-*="button"></a>
<ul value="link"></ul>
</tr>
</div>
<h3 title="link" onclick="cell">aGNpk nKoXJ c3vO9 <img disabled="row" disabled="content" role="option">
<a title="main" src="row"><h2 value="form" class="text"></h2>
<div onclick="input">yGvxo wLcxC </div>
</a>
</h3>
</h2>
</html>

Error: Cannot invoke "org.jsoup.nodes.Attributes.get(String)" because "startTag.attributes" is null
-----------------------------
HTML:
<html>
<td alt="main" aria-*="button" placeholder="input"><table id="row" id="cell" value="select"><input>
<td><p>BI7n6 0aXpK W0q0G Dt9he dbZJ4 M7TtQ 8xSOj hLopf ZQNRX rJPzO <td>6sgr6 mEkI9 cVfOd L4QRJ hGbis UWoXG HUc6K dD7gA OR6VO </td>
<th disabled="cell" style="ChSKdfsfgB" placeholder="form">Ojgcv zv2C7 DPywi n8H0L </th>
</p>
<img role="image">
<h2 disabled="content" value="password" id="select">h65vn 1sYGZ 3oDVj QPUwD 6f6TT NlA1Z bp9Yl AfWtn <form aria-*="header">YAn2V XEuFo OOHxs </form>
<h1 onclick="image" title="lBlKNmsj09" title="button">ALQ31 Pz4yu bGM8N nBN84 GUNqQ fp41m Mqkgx h4Uvn </h1>
<th onmouseover="header" data-*="table">rJwMB AWbJk </th>
</h2>
</td>
<th>Jy8y5 NQWJv NtxDk TXkAq frz3K JFLEu <h1>iOyKC 4WOYG H8kJP 1ALtI <h2 alt="checkbox" alt="option"></h2>
<p></p>
</h1>
</th>
</table>
<table aria-*="w9d5UFTxOM" style="form">OorJR WlXv8 JXCHN thNt5 QOXkM 5rm2u J2nX6 EvaLc <select onmouseover="cell"><button>YKeGi xDX4m CBsQf kVNgA nbeqc iz7wC <img href="footer">
<option value="content" placeholder="text">UxhzO sVA8N 7841E C9i0o 0pAFH sBLkX Gol2A </option>
</button>
</select>
<h3>RZ5pb AF3W5 Oajeg BjDdH kzaMk V7L89 FVuNr FTXwT ZWcF4 PDiee <select alt="option" value="input"></select>
<a onmouseover="cell" aria-*="row" placeholder="password" disabled="checkbox">Y6vv6 IS7Zb SGtw7 cjGnN L6F1Z RPPf8 </a>
<img>
</h3>
<th title="link">AzE2u pbeB7 Zvxko 9iZCT </th>
</table>
<ul data-*="link"><table placeholder="table"><th disabled="table" role="select" onmouseover="5lKLsYKfQI"><option id="table" style="gvl1p1E1Lh" alt="button">01pG6 5jybE </option>
</th>
</table>
<h1 placeholder="password" value="password">tBneY BcJkA ks7Ua FNcDb 5ZWIU <tr aria-*="gaNXAnJH6N" alt="link"><h1 title="header" aria-*="main">jxhGz sLJV7 sl4Ef ppSsW PuYXp thMKi mHll5 KjRTg yejNt rDEY0 </h1>
<h2 data-*="button" title="input" aria-*="checkbox" alt="input">me9ST rftMj dBSIc GmM6Q </h2>
<h2>rBWL8 6NSjI Kd62C C0mch wZa5w wP63d TdehK </h2>
</tr>
<div></div>
</h1>
</ul>
</td>
</html>

Error: Cannot invoke "org.jsoup.nodes.Attributes.get(String)" because "startTag.attributes" is null
-----------------------------
HTML:
<html>
<p data-*="form" placeholder="table" onmouseover="input"><h1 class="footer" id="content" style="table"></h1>
<form>rV2JL STWMy 9pzjE oNoZu RlrqK <option>uv9bl IMYRU zPVQM QudSP 4pMV5 <img onmouseover="row" disabled="table">
<span data-*="checkbox">slDRx 1Mpby eaEDS 196QH KBJYG </span>
</option>
<span><h3 role="header">Q1rMD jQz6L Yh0I4 Qz088 wzysh </h3>
<form onmouseover="option">Xctb0 zSMow 1JjiL G1Nr8 Goj5X </form>
<th placeholder="select">IlyKZ OljJv MlDKZ 44sB2 kxWO2 </th>
</span>
<img id="5NpX4z00ZL" value="image" style="link" placeholder="link">
</form>
<a data-*="Q7f0krIAGD" id="content" title="link" id="image"><h1 id="row" id="image"></h1>
<li data-*="footer" class="header">XC452 <select></select>
<button>c3B5P H2IJV uJUF1 </button>
</li>
<table disabled="main" role="header" onclick="main"><input>
<input alt="cell">
</table>
</a>
</p>
</html>

Error: Cannot invoke "org.jsoup.nodes.Attributes.get(String)" because "startTag.attributes" is null
-----------------------------
HTML:
<html>
<table style="table">FvO1U juTFp x52Ys owEBj <td><td placeholder="footer" aria-*="checkbox" data-*="footer"></td>
<ul disabled="footer" aria-*="text">oN07X 9RlZy </ul>
</td>
<input>
<option><button></button>
<h2 id="image" onclick="link" value="cell"></h2>
<div title="input"></div>
</option>
</table>
</html>

Error: Cannot invoke "org.jsoup.nodes.Attributes.get(String)" because "startTag.attributes" is null
-----------------------------
HTML:
<html>
<h2>rMZk2 <li style="row">tCFrX 7jqip <table style="option">DHGy0 Wv0co Ci10n GZcAG R0Sxs QRIJs SJmeJ <option style="content"></option>
<table id="input" aria-*="password">h45u7 Nwpd1 4nOeE uaMu9 FPBzd <th></th>
<input>
<p disabled="table" title="checkbox" onmouseover="image"></p>
</table>
<img data-*="option" src="row" id="link">
</table>
</li>
<a><h1 alt="cell"></h1>
<img role="select">
</a>
<td><button onclick="form" id="select">mQGBz XnpPu lYEtS QL6o8 EXRrQ yslnC <table>j9A7V 5W9WL 6NYTk BVIYd <option role="password" disabled="footer">S3sex JME5P tmyIN nDiC6 BYhhP rwbqJ </option>
<option onmouseover="footer" alt="input" class="m6aDC9XSzR" readonly="input">1BcRm ycWI9 XN2IJ zXWy7 ynKAN GwCTD a1it0 G70jZ l9qVa </option>
</table>
<option readonly="image"><td class="input" value="text">lq0bQ g6gHM QHb2r GKCsE </td>
<h3 placeholder="image" class="button"></h3>
</option>
</button>
</td>
</h2>
</html>

Error: Cannot invoke "org.jsoup.nodes.Attributes.get(String)" because "startTag.attributes" is null
-----------------------------
HTML:
<html>
<table>Glvs4 r7gJ5 Mkzqb <p aria-*="NpJaXv3ZDI" disabled="cell" class="footer">9AWUN XaCiG OyyBu 7IkdG no9Tw xzh0Z PI5T8 tdqQP 5ysnr <th><h2 onclick="header" aria-*="form"></h2>
<ul aria-*="row">2TGSB D6HBz YoqRK YhjB2 BkLx1 8tihD LOjwh rQht4 4MOP3 npJ2k </ul>
<form placeholder="image"></form>
</th>
<input title="footer" data-*="form" style="input" alt="Tkbe8cgBh7">
<td title="button" data-*="password"><ul>C4ase GKs52 3AP7H xYqJp osRLE tN68z ZTNXZ i8IEG xJUtv ApFG1 </ul>
<div data-*="checkbox" class="main" title="checkbox"></div>
</td>
</p>
<img aria-*="text">
<input>
</table>
</html>

Error: Cannot invoke "org.jsoup.nodes.Attributes.get(String)" because "startTag.attributes" is null
-----------------------------
HTML:
<html>
<table alt="image" role="main">6xC35 3nl4Q <h3></h3>
<span aria-*="table"></span>
<h2 alt="mD1CROdrTl" readonly="row"><option>UjVgt 84EWg OJGnS JdqXe Y9dO3 79c2H vFUFO zZcOc </option>
<input>
<ul id="password"><select id="header" title="link">WcRoW r0dlS sRXLB ma7Uc 9DD9U KYA7A uBc1p 2JkX4 udSuv AHMvl <input>
</select>
</ul>
</h2>
</table>
</html>

Error: Cannot invoke "org.jsoup.nodes.Attributes.get(String)" because "startTag.attributes" is null
-----------------------------
HTML:
<html>
<th>TjYY2 oYFsb OA4Pc <table aria-*="image" onmouseover="password" class="image">CzzvX Rs2Zs ZyMu8 GSkpl B7i7J G6c1n 3VNZe X3VWi FSfCv zUCRt <input>
</table>
<table>YAtAj NwFhY IwN8f <form aria-*="checkbox" readonly="header"></form>
<a>3kyPV oSrNs s2UzX 2095l </a>
<ul></ul>
</table>
<p></p>
</th>
</html>

Error: Cannot invoke "org.jsoup.nodes.Attributes.get(String)" because "startTag.attributes" is null
-----------------------------
HTML:
<html>
<table>9iCnu xOljR Cwto0 VR89P sUrvk hgiP4 LSDu7 97aOh <input>
</table>
</html>

Error: Cannot invoke "org.jsoup.nodes.Attributes.get(String)" because "startTag.attributes" is null
-----------------------------
HTML:
<html>
<span readonly="link" title="PXJg6ZaobE" alt="link">ZH2vD <h2 role="row" readonly="link" style="header"><table title="table" data-*="form" readonly="content"><button readonly="wJUNxGBMqU" value="image"><input>
</button>
<td onmouseover="text"><img>
</td>
<p disabled="cell" class="text" id="cell"><li></li>
<table></table>
</p>
</table>
<li readonly="password">AvJi3 jT77k FeA6U <img>
<li></li>
<h2 style="main" alt="form" placeholder="input"></h2>
</li>
</h2>
<form>ifwtl 7cSpg </form>
<h1 disabled="header" class="text" id="footer">t4DeL 5Gfe1 MOhs2 vpXGh goDox zF3q5 fvtQV Svg5C fcLJi <h2 aria-*="button"><div alt="password"><th id="main"></th>
<h2 value="button" onclick="option" aria-*="XshlwOb7ZY"></h2>
<td placeholder="text"></td>
</div>
</h2>
</h1>
</span>
</html>

Error: Cannot invoke "org.jsoup.nodes.Attributes.get(String)" because "startTag.attributes" is null
-----------------------------
